Archive member included to satisfy reference by file (symbol)

c:/st/stm32cubeide_1.7.0/stm32cubeide/plugins/com.st.stm32cube.ide.mcu.externaltools.gnu-tools-for-stm32.10.3-2021.10.win32_1.0.0.202111181127/tools/bin/../lib/gcc/arm-none-eabi/10.3.1/../../../../arm-none-eabi/lib/thumb/v7e-m+fp/hard\libc_nano.a(lib_a-errno.o)
                              ./Core/Src/syscalls.o (__errno)
c:/st/stm32cubeide_1.7.0/stm32cubeide/plugins/com.st.stm32cube.ide.mcu.externaltools.gnu-tools-for-stm32.10.3-2021.10.win32_1.0.0.202111181127/tools/bin/../lib/gcc/arm-none-eabi/10.3.1/../../../../arm-none-eabi/lib/thumb/v7e-m+fp/hard\libc_nano.a(lib_a-exit.o)
                              c:/st/stm32cubeide_1.7.0/stm32cubeide/plugins/com.st.stm32cube.ide.mcu.externaltools.gnu-tools-for-stm32.10.3-2021.10.win32_1.0.0.202111181127/tools/bin/../lib/gcc/arm-none-eabi/10.3.1/../../../../arm-none-eabi/lib/thumb/v7e-m+fp/hard/crt0.o (exit)
c:/st/stm32cubeide_1.7.0/stm32cubeide/plugins/com.st.stm32cube.ide.mcu.externaltools.gnu-tools-for-stm32.10.3-2021.10.win32_1.0.0.202111181127/tools/bin/../lib/gcc/arm-none-eabi/10.3.1/../../../../arm-none-eabi/lib/thumb/v7e-m+fp/hard\libc_nano.a(lib_a-impure.o)
                              c:/st/stm32cubeide_1.7.0/stm32cubeide/plugins/com.st.stm32cube.ide.mcu.externaltools.gnu-tools-for-stm32.10.3-2021.10.win32_1.0.0.202111181127/tools/bin/../lib/gcc/arm-none-eabi/10.3.1/../../../../arm-none-eabi/lib/thumb/v7e-m+fp/hard\libc_nano.a(lib_a-exit.o) (_global_impure_ptr)
c:/st/stm32cubeide_1.7.0/stm32cubeide/plugins/com.st.stm32cube.ide.mcu.externaltools.gnu-tools-for-stm32.10.3-2021.10.win32_1.0.0.202111181127/tools/bin/../lib/gcc/arm-none-eabi/10.3.1/../../../../arm-none-eabi/lib/thumb/v7e-m+fp/hard\libc_nano.a(lib_a-init.o)
                              c:/st/stm32cubeide_1.7.0/stm32cubeide/plugins/com.st.stm32cube.ide.mcu.externaltools.gnu-tools-for-stm32.10.3-2021.10.win32_1.0.0.202111181127/tools/bin/../lib/gcc/arm-none-eabi/10.3.1/../../../../arm-none-eabi/lib/thumb/v7e-m+fp/hard/crt0.o (__libc_init_array)
c:/st/stm32cubeide_1.7.0/stm32cubeide/plugins/com.st.stm32cube.ide.mcu.externaltools.gnu-tools-for-stm32.10.3-2021.10.win32_1.0.0.202111181127/tools/bin/../lib/gcc/arm-none-eabi/10.3.1/../../../../arm-none-eabi/lib/thumb/v7e-m+fp/hard\libc_nano.a(lib_a-memcpy-stub.o)
                              ./Core/Src/MY_NRF24.o (memcpy)
c:/st/stm32cubeide_1.7.0/stm32cubeide/plugins/com.st.stm32cube.ide.mcu.externaltools.gnu-tools-for-stm32.10.3-2021.10.win32_1.0.0.202111181127/tools/bin/../lib/gcc/arm-none-eabi/10.3.1/../../../../arm-none-eabi/lib/thumb/v7e-m+fp/hard\libc_nano.a(lib_a-memset.o)
                              c:/st/stm32cubeide_1.7.0/stm32cubeide/plugins/com.st.stm32cube.ide.mcu.externaltools.gnu-tools-for-stm32.10.3-2021.10.win32_1.0.0.202111181127/tools/bin/../lib/gcc/arm-none-eabi/10.3.1/../../../../arm-none-eabi/lib/thumb/v7e-m+fp/hard/crt0.o (memset)
c:/st/stm32cubeide_1.7.0/stm32cubeide/plugins/com.st.stm32cube.ide.mcu.externaltools.gnu-tools-for-stm32.10.3-2021.10.win32_1.0.0.202111181127/tools/bin/../lib/gcc/arm-none-eabi/10.3.1/../../../../arm-none-eabi/lib/thumb/v7e-m+fp/hard\libc_nano.a(lib_a-sprintf.o)
                              ./Core/Src/MY_NRF24.o (sprintf)
c:/st/stm32cubeide_1.7.0/stm32cubeide/plugins/com.st.stm32cube.ide.mcu.externaltools.gnu-tools-for-stm32.10.3-2021.10.win32_1.0.0.202111181127/tools/bin/../lib/gcc/arm-none-eabi/10.3.1/../../../../arm-none-eabi/lib/thumb/v7e-m+fp/hard\libc_nano.a(lib_a-strlen.o)
                              ./Core/Src/MY_NRF24.o (strlen)
c:/st/stm32cubeide_1.7.0/stm32cubeide/plugins/com.st.stm32cube.ide.mcu.externaltools.gnu-tools-for-stm32.10.3-2021.10.win32_1.0.0.202111181127/tools/bin/../lib/gcc/arm-none-eabi/10.3.1/../../../../arm-none-eabi/lib/thumb/v7e-m+fp/hard\libc_nano.a(lib_a-nano-svfprintf.o)
                              c:/st/stm32cubeide_1.7.0/stm32cubeide/plugins/com.st.stm32cube.ide.mcu.externaltools.gnu-tools-for-stm32.10.3-2021.10.win32_1.0.0.202111181127/tools/bin/../lib/gcc/arm-none-eabi/10.3.1/../../../../arm-none-eabi/lib/thumb/v7e-m+fp/hard\libc_nano.a(lib_a-sprintf.o) (_svfprintf_r)
c:/st/stm32cubeide_1.7.0/stm32cubeide/plugins/com.st.stm32cube.ide.mcu.externaltools.gnu-tools-for-stm32.10.3-2021.10.win32_1.0.0.202111181127/tools/bin/../lib/gcc/arm-none-eabi/10.3.1/../../../../arm-none-eabi/lib/thumb/v7e-m+fp/hard\libc_nano.a(lib_a-nano-vfprintf_i.o)
                              c:/st/stm32cubeide_1.7.0/stm32cubeide/plugins/com.st.stm32cube.ide.mcu.externaltools.gnu-tools-for-stm32.10.3-2021.10.win32_1.0.0.202111181127/tools/bin/../lib/gcc/arm-none-eabi/10.3.1/../../../../arm-none-eabi/lib/thumb/v7e-m+fp/hard\libc_nano.a(lib_a-nano-svfprintf.o) (_printf_i)
[...]
Memory Configuration

Name             Origin             Length             Attributes
RAM              0x0000000020000000 0x0000000000020000 xrw
FLASH            0x0000000008000000 0x0000000000080000 xr
*default*        0x0000000000000000 0xffffffffffffffff

Linker script and memory map

LOAD c:/st/stm32cubeide_1.7.0/stm32cubeide/plugins/com.st.stm32cube.ide.mcu.externaltools.gnu-tools-for-stm32.10.3-2021.10.win32_1.0.0.202111181127/tools/bin/../lib/gcc/arm-none-eabi/10.3.1/thumb/v7e-m+fp/hard/crti.o
LOAD c:/st/stm32cubeide_1.7.0/stm32cubeide/plugins/com.st.stm32cube.ide.mcu.externaltools.gnu-tools-for-stm32.10.3-2021.10.win32_1.0.0.202111181127/tools/bin/../lib/gcc/arm-none-eabi/10.3.1/thumb/v7e-m+fp/hard/crtbegin.o
LOAD c:/st/stm32cubeide_1.7.0/stm32cubeide/plugins/com.st.stm32cube.ide.mcu.externaltools.gnu-tools-for-stm32.10.3-2021.10.win32_1.0.0.202111181127/tools/bin/../lib/gcc/arm-none-eabi/10.3.1/../../../../arm-none-eabi/lib/thumb/v7e-m+fp/hard/crt0.o
LOAD ./Core/Src/MY_NRF24.o
LOAD ./Core/Src/main.o
LOAD ./Core/Src/stm32f4xx_hal_msp.o
LOAD ./Core/Src/stm32f4xx_it.o
LOAD ./Core/Src/syscalls.o
LOAD ./Core/Src/sysmem.o
LOAD ./Core/Src/system_stm32f4xx.o
LOAD ./Core/Startup/startup_stm32f446retx.o
LOAD ./Drivers/STM32F4xx_HAL_Driver/Src/stm32f4xx_hal.o
LOAD ./Drivers/STM32F4xx_HAL_Driver/Src/stm32f4xx_hal_cortex.o
LOAD ./Drivers/STM32F4xx_HAL_Driver/Src/stm32f4xx_hal_dma.o
LOAD ./Drivers/STM32F4xx_HAL_Driver/Src/stm32f4xx_hal_dma_ex.o
LOAD ./Drivers/STM32F4xx_HAL_Driver/Src/stm32f4xx_hal_exti.o
LOAD ./Drivers/STM32F4xx_HAL_Driver/Src/stm32f4xx_hal_flash.o
LOAD ./Drivers/STM32F4xx_HAL_Driver/Src/stm32f4xx_hal_flash_ex.o
LOAD ./Drivers/STM32F4xx_HAL_Driver/Src/stm32f4xx_hal_flash_ramfunc.o
LOAD ./Drivers/STM32F4xx_HAL_Driver/Src/stm32f4xx_hal_gpio.o
LOAD ./Drivers/STM32F4xx_HAL_Driver/Src/stm32f4xx_hal_pwr.o
LOAD ./Drivers/STM32F4xx_HAL_Driver/Src/stm32f4xx_hal_pwr_ex.o
LOAD ./Drivers/STM32F4xx_HAL_Driver/Src/stm32f4xx_hal_rcc.o
LOAD ./Drivers/STM32F4xx_HAL_Driver/Src/stm32f4xx_hal_rcc_ex.o
LOAD ./Drivers/STM32F4xx_HAL_Driver/Src/stm32f4xx_hal_spi.o
LOAD ./Drivers/STM32F4xx_HAL_Driver/Src/stm32f4xx_hal_tim.o
LOAD ./Drivers/STM32F4xx_HAL_Driver/Src/stm32f4xx_hal_tim_ex.o
LOAD ./Drivers/STM32F4xx_HAL_Driver/Src/stm32f4xx_hal_uart.o
START GROUP
LOAD c:/st/stm32cubeide_1.7.0/stm32cubeide/plugins/com.st.stm32cube.ide.mcu.externaltools.gnu-tools-for-stm32.10.3-2021.10.win32_1.0.0.202111181127/tools/bin/../lib/gcc/arm-none-eabi/10.3.1/../../../../arm-none-eabi/lib/thumb/v7e-m+fp/hard\libc_nano.a
LOAD c:/st/stm32cubeide_1.7.0/stm32cubeide/plugins/com.st.stm32cube.ide.mcu.externaltools.gnu-tools-for-stm32.10.3-2021.10.win32_1.0.0.202111181127/tools/bin/../lib/gcc/arm-none-eabi/10.3.1/../../../../arm-none-eabi/lib/thumb/v7e-m+fp/hard\libm.a
END GROUP
START GROUP
LOAD c:/st/stm32cubeide_1.7.0/stm32cubeide/plugins/com.st.stm32cube.ide.mcu.externaltools.gnu-tools-for-stm32.10.3-2021.10.win32_1.0.0.202111181127/tools/bin/../lib/gcc/arm-none-eabi/10.3.1/thumb/v7e-m+fp/hard\libgcc.a
LOAD c:/st/stm32cubeide_1.7.0/stm32cubeide/plugins/com.st.stm32cube.ide.mcu.externaltools.gnu-tools-for-stm32.10.3-2021.10.win32_1.0.0.202111181127/tools/bin/../lib/gcc/arm-none-eabi/10.3.1/../../../../arm-none-eabi/lib/thumb/v7e-m+fp/hard\libc_nano.a
END GROUP
START GROUP
LOAD c:/st/stm32cubeide_1.7.0/stm32cubeide/plugins/com.st.stm32cube.ide.mcu.externaltools.gnu-tools-for-stm32.10.3-2021.10.win32_1.0.0.202111181127/tools/bin/../lib/gcc/arm-none-eabi/10.3.1/thumb/v7e-m+fp/hard\libgcc.a
LOAD c:/st/stm32cubeide_1.7.0/stm32cubeide/plugins/com.st.stm32cube.ide.mcu.externaltools.gnu-tools-for-stm32.10.3-2021.10.win32_1.0.0.202111181127/tools/bin/../lib/gcc/arm-none-eabi/10.3.1/../../../../arm-none-eabi/lib/thumb/v7e-m+fp/hard\libc_nano.a
LOAD c:/st/stm32cubeide_1.7.0/stm32cubeide/plugins/com.st.stm32cube.ide.mcu.externaltools.gnu-tools-for-stm32.10.3-2021.10.win32_1.0.0.202111181127/tools/bin/../lib/gcc/arm-none-eabi/10.3.1/../../../../arm-none-eabi/lib/thumb/v7e-m+fp/hard\libnosys.a
END GROUP
START GROUP
LOAD c:/st/stm32cubeide_1.7.0/stm32cubeide/plugins/com.st.stm32cube.ide.mcu.externaltools.gnu-tools-for-stm32.10.3-2021.10.win32_1.0.0.202111181127/tools/bin/../lib/gcc/arm-none-eabi/10.3.1/thumb/v7e-m+fp/hard\libgcc.a
LOAD c:/st/stm32cubeide_1.7.0/stm32cubeide/plugins/com.st.stm32cube.ide.mcu.externaltools.gnu-tools-for-stm32.10.3-2021.10.win32_1.0.0.202111181127/tools/bin/../lib/gcc/arm-none-eabi/10.3.1/../../../../arm-none-eabi/lib/thumb/v7e-m+fp/hard\libc_nano.a
LOAD c:/st/stm32cubeide_1.7.0/stm32cubeide/plugins/com.st.stm32cube.ide.mcu.externaltools.gnu-tools-for-stm32.10.3-2021.10.win32_1.0.0.202111181127/tools/bin/../lib/gcc/arm-none-eabi/10.3.1/../../../../arm-none-eabi/lib/thumb/v7e-m+fp/hard\libnosys.a
END GROUP
LOAD c:/st/stm32cubeide_1.7.0/stm32cubeide/plugins/com.st.stm32cube.ide.mcu.externaltools.gnu-tools-for-stm32.10.3-2021.10.win32_1.0.0.202111181127/tools/bin/../lib/gcc/arm-none-eabi/10.3.1/thumb/v7e-m+fp/hard/crtend.o
LOAD c:/st/stm32cubeide_1.7.0/stm32cubeide/plugins/com.st.stm32cube.ide.mcu.externaltools.gnu-tools-for-stm32.10.3-2021.10.win32_1.0.0.202111181127/tools/bin/../lib/gcc/arm-none-eabi/10.3.1/thumb/v7e-m+fp/hard/crtn.o
                0x0000000020020000                _estack = (ORIGIN (RAM) + LENGTH (RAM))
                0x0000000000000200                _Min_Heap_Size = 0x200
                0x0000000000000400                _Min_Stack_Size = 0x400

.isr_vector     0x0000000008000000      0x1c4
                0x0000000008000000                . = ALIGN (0x4)
 *(.isr_vector)
 .isr_vector    0x0000000008000000      0x1c4 ./Core/Startup/startup_stm32f446retx.o
                0x0000000008000000                g_pfnVectors
                0x00000000080001c4                . = ALIGN (0x4)

.text           0x00000000080001d0     0x5aa8
                0x00000000080001d0                . = ALIGN (0x4)
 *(.text)
 .text          0x00000000080001d0       0x40 c:/st/stm32cubeide_1.7.0/stm32cubeide/plugins/com.st.stm32cube.ide.mcu.externaltools.gnu-tools-for-stm32.10.3-2021.10.win32_1.0.0.202111181127/tools/bin/../lib/gcc/arm-none-eabi/10.3.1/thumb/v7e-m+fp/hard/crtbegin.o
 .text          0x0000000008000210       0x10 c:/st/stm32cubeide_1.7.0/stm32cubeide/plugins/com.st.stm32cube.ide.mcu.externaltools.gnu-tools-for-stm32.10.3-2021.10.win32_1.0.0.202111181127/tools/bin/../lib/gcc/arm-none-eabi/10.3.1/../../../../arm-none-eabi/lib/thumb/v7e-m+fp/hard\libc_nano.a(lib_a-strlen.o)
                0x0000000008000210                strlen
 .text          0x0000000008000220       0xa0 c:/st/stm32cubeide_1.7.0/stm32cubeide/plugins/com.st.stm32cube.ide.mcu.externaltools.gnu-tools-for-stm32.10.3-2021.10.win32_1.0.0.202111181127/tools/bin/../lib/gcc/arm-none-eabi/10.3.1/../../../../arm-none-eabi/lib/thumb/v7e-m+fp/hard\libc_nano.a(lib_a-memchr.o)
                0x0000000008000220                memchr
 .text          0x00000000080002c0       0x30 c:/st/stm32cubeide_1.7.0/stm32cubeide/plugins/com.st.stm32cube.ide.mcu.externaltools.gnu-tools-for-stm32.10.3-2021.10.win32_1.0.0.202111181127/tools/bin/../lib/gcc/arm-none-eabi/10.3.1/thumb/v7e-m+fp/hard\libgcc.a(_aeabi_uldivmod.o)
                0x00000000080002c0                __aeabi_uldivmod
 .text          0x00000000080002f0      0x2d0 c:/st/stm32cubeide_1.7.0/stm32cubeide/plugins/com.st.stm32cube.ide.mcu.externaltools.gnu-tools-for-stm32.10.3-2021.10.win32_1.0.0.202111181127/tools/bin/../lib/gcc/arm-none-eabi/10.3.1/thumb/v7e-m+fp/hard\libgcc.a(_udivmoddi4.o)
                0x00000000080002f0                __udivmoddi4
 .text          0x00000000080005c0        0x4 c:/st/stm32cubeide_1.7.0/stm32cubeide/plugins/com.st.stm32cube.ide.mcu.externaltools.gnu-tools-for-stm32.10.3-2021.10.win32_1.0.0.202111181127/tools/bin/../lib/gcc/arm-none-eabi/10.3.1/thumb/v7e-m+fp/hard\libgcc.a(_dvmd_tls.o)
                0x00000000080005c0                __aeabi_idiv0
                0x00000000080005c0                __aeabi_ldiv0
 *(.text*)
 .text.NRF24_DelayMicroSeconds
                0x00000000080005c4       0x44 ./Core/Src/MY_NRF24.o
                0x00000000080005c4                NRF24_DelayMicroSeconds
 .text.NRF24_csn
                0x0000000008000608       0x40 ./Core/Src/MY_NRF24.o
                0x0000000008000608                NRF24_csn
 .text.NRF24_ce
                0x0000000008000648       0x40 ./Core/Src/MY_NRF24.o
                0x0000000008000648                NRF24_ce
 .text.NRF24_read_register
                0x0000000008000688       0x50 ./Core/Src/MY_NRF24.o
                0x0000000008000688                NRF24_read_register
 .text.NRF24_read_registerN
                0x00000000080006d8       0x50 ./Core/Src/MY_NRF24.o
                0x00000000080006d8                NRF24_read_registerN
 .text.NRF24_write_register
                0x0000000008000728       0x44 ./Core/Src/MY_NRF24.o
                0x0000000008000728                NRF24_write_register
 .text.NRF24_write_registerN
                0x000000000800076c       0x50 ./Core/Src/MY_NRF24.o
                0x000000000800076c                NRF24_write_registerN
 .text.NRF24_write_payload
                0x00000000080007bc       0x44 ./Core/Src/MY_NRF24.o
                0x00000000080007bc                NRF24_write_payload
 .text.NRF24_flush_tx
                0x0000000008000800       0x10 ./Core/Src/MY_NRF24.o
                0x0000000008000800                NRF24_flush_tx
 .text.NRF24_flush_rx
                0x0000000008000810       0x10 ./Core/Src/MY_NRF24.o
                0x0000000008000810                NRF24_flush_rx
 .text.NRF24_get_status
                0x0000000008000820       0x1a ./Core/Src/MY_NRF24.o
                0x0000000008000820                NRF24_get_status
 *fill*         0x000000000800083a        0x2 
 .text.NRF24_begin
                0x000000000800083c      0x1c0 ./Core/Src/MY_NRF24.o
                0x000000000800083c                NRF24_begin
 .text.NRF24_stopListening
                0x00000000080009fc       0x16 ./Core/Src/MY_NRF24.o
                0x00000000080009fc                NRF24_stopListening
 *fill*         0x0000000008000a12        0x2 
 .text.NRF24_write
                0x0000000008000a14       0x98 ./Core/Src/MY_NRF24.o
                0x0000000008000a14                NRF24_write
 .text.NRF24_available
                0x0000000008000aac       0x10 ./Core/Src/MY_NRF24.o
                0x0000000008000aac                NRF24_available
 .text.NRF24_openWritingPipe
                0x0000000008000abc       0x48 ./Core/Src/MY_NRF24.o
                0x0000000008000abc                NRF24_openWritingPipe
 .text.NRF24_setRetries
                0x0000000008000b04       0x36 ./Core/Src/MY_NRF24.o
                0x0000000008000b04                NRF24_setRetries
 .text.NRF24_setChannel
                0x0000000008000b3a       0x2a ./Core/Src/MY_NRF24.o
                0x0000000008000b3a                NRF24_setChannel
 .text.NRF24_setPayloadSize
                0x0000000008000b64       0x30 ./Core/Src/MY_NRF24.o
                0x0000000008000b64                NRF24_setPayloadSize
 .text.NRF24_getDynamicPayloadSize
                0x0000000008000b94       0x10 ./Core/Src/MY_NRF24.o
                0x0000000008000b94                NRF24_getDynamicPayloadSize
 .text.NRF24_disableDynamicPayloads
                0x0000000008000ba4       0x30 ./Core/Src/MY_NRF24.o
                0x0000000008000ba4                NRF24_disableDynamicPayloads
 .text.NRF24_setAutoAck
                0x0000000008000bd4       0x2a ./Core/Src/MY_NRF24.o
                0x0000000008000bd4                NRF24_setAutoAck
 .text.NRF24_setPALevel
                0x0000000008000bfe       0x72 ./Core/Src/MY_NRF24.o
                0x0000000008000bfe                NRF24_setPALevel
 .text.NRF24_setDataRate
                0x0000000008000c70       0x8c ./Core/Src/MY_NRF24.o
                0x0000000008000c70                NRF24_setDataRate
 .text.NRF24_setCRCLength
                0x0000000008000cfc       0x50 ./Core/Src/MY_NRF24.o
                0x0000000008000cfc                NRF24_setCRCLength
 .text.NRF24_powerDown
                0x0000000008000d4c       0x1e ./Core/Src/MY_NRF24.o
                0x0000000008000d4c                NRF24_powerDown
 .text.NRF24_availablePipe
                0x0000000008000d6a       0x60 ./Core/Src/MY_NRF24.o
                0x0000000008000d6a                NRF24_availablePipe
 .text.NRF24_startWrite
                0x0000000008000dca       0x52 ./Core/Src/MY_NRF24.o
                0x0000000008000dca                NRF24_startWrite
 .text.NRF24_whatHappened
                0x0000000008000e1c       0x66 ./Core/Src/MY_NRF24.o
                0x0000000008000e1c                NRF24_whatHappened
 .text.NRF24_resetStatus
                0x0000000008000e82       0x10 ./Core/Src/MY_NRF24.o
                0x0000000008000e82                NRF24_resetStatus
 *fill*         0x0000000008000e92        0x2 
 .text.NRF24_ACTIVATE_cmd
                0x0000000008000e94       0x34 ./Core/Src/MY_NRF24.o
                0x0000000008000e94                NRF24_ACTIVATE_cmd
 .text.printRadioSettings
                0x0000000008000ec8      0x850 ./Core/Src/MY_NRF24.o
                0x0000000008000ec8                printRadioSettings
 .text.main     0x0000000008001718      0x168 ./Core/Src/main.o
                0x0000000008001718                main
 .text.SystemClock_Config
                0x0000000008001880       0xdc ./Core/Src/main.o
                0x0000000008001880                SystemClock_Config
 .text.MX_SPI1_Init
                0x000000000800195c       0x6c ./Core/Src/main.o
 .text.MX_UART4_Init
                0x00000000080019c8       0x54 ./Core/Src/main.o
 .text.MX_USART2_UART_Init
                0x0000000008001a1c       0x54 ./Core/Src/main.o
 .text.MX_GPIO_Init
                0x0000000008001a70      0x16c ./Core/Src/main.o
 .text.serialWrite
                0x0000000008001bdc       0x38 ./Core/Src/main.o
                0x0000000008001bdc                serialWrite
 .text.serialProcessRxData
                0x0000000008001c14       0x84 ./Core/Src/main.o
                0x0000000008001c14                serialProcessRxData
 .text.HAL_UART_RxCpltCallback
                0x0000000008001c98       0x5c ./Core/Src/main.o
                0x0000000008001c98                HAL_UART_RxCpltCallback
 .text.clearString
                0x0000000008001cf4       0x36 ./Core/Src/main.o
                0x0000000008001cf4                clearString
 *fill*         0x0000000008001d2a        0x2 
 .text.Error_Handler
                0x0000000008001d2c       0x1c ./Core/Src/main.o
                0x0000000008001d2c                Error_Handler
 .text.HAL_MspInit
                0x0000000008001d48       0x50 ./Core/Src/stm32f4xx_hal_msp.o
                0x0000000008001d48                HAL_MspInit
 .text.HAL_SPI_MspInit
                0x0000000008001d98       0xe0 ./Core/Src/stm32f4xx_hal_msp.o
                0x0000000008001d98                HAL_SPI_MspInit
 .text.HAL_UART_MspInit
                0x0000000008001e78      0x118 ./Core/Src/stm32f4xx_hal_msp.o
                0x0000000008001e78                HAL_UART_MspInit
 .text.NMI_Handler
                0x0000000008001f90        0x6 ./Core/Src/stm32f4xx_it.o
                0x0000000008001f90                NMI_Handler
 .text.HardFault_Handler
                0x0000000008001f96        0x6 ./Core/Src/stm32f4xx_it.o
                0x0000000008001f96                HardFault_Handler
 .text.MemManage_Handler
                0x0000000008001f9c        0x6 ./Core/Src/stm32f4xx_it.o
                0x0000000008001f9c                MemManage_Handler
 .text.BusFault_Handler
                0x0000000008001fa2        0x6 ./Core/Src/stm32f4xx_it.o
                0x0000000008001fa2                BusFault_Handler
 .text.UsageFault_Handler
                0x0000000008001fa8        0x6 ./Core/Src/stm32f4xx_it.o
                0x0000000008001fa8                UsageFault_Handler
 .text.SVC_Handler
                0x0000000008001fae        0xe ./Core/Src/stm32f4xx_it.o
                0x0000000008001fae                SVC_Handler
 .text.DebugMon_Handler
                0x0000000008001fbc        0xe ./Core/Src/stm32f4xx_it.o
                0x0000000008001fbc                DebugMon_Handler
 .text.PendSV_Handler
                0x0000000008001fca        0xe ./Core/Src/stm32f4xx_it.o
                0x0000000008001fca                PendSV_Handler
 .text.SysTick_Handler
                0x0000000008001fd8        0xc ./Core/Src/stm32f4xx_it.o
                0x0000000008001fd8                SysTick_Handler
 .text.SPI1_IRQHandler
                0x0000000008001fe4       0x14 ./Core/Src/stm32f4xx_it.o
                0x0000000008001fe4                SPI1_IRQHandler
 .text.USART2_IRQHandler
                0x0000000008001ff8       0x14 ./Core/Src/stm32f4xx_it.o
                0x0000000008001ff8                USART2_IRQHandler
 .text.UART4_IRQHandler
                0x000000000800200c       0x14 ./Core/Src/stm32f4xx_it.o
                0x000000000800200c                UART4_IRQHandler
 .text._sbrk    0x0000000008002020       0x6c ./Core/Src/sysmem.o
                0x0000000008002020                _sbrk
 .text.SystemInit
                0x000000000800208c       0x24 ./Core/Src/system_stm32f4xx.o
                0x000000000800208c                SystemInit
 .text.Reset_Handler
                0x00000000080020b0       0x50 ./Core/Startup/startup_stm32f446retx.o
                0x00000000080020b0                Reset_Handler
 .text.Default_Handler
                0x0000000008002100        0x2 ./Core/Startup/startup_stm32f446retx.o
                0x0000000008002100                RTC_Alarm_IRQHandler
                0x0000000008002100                EXTI2_IRQHandler
                0x0000000008002100                TIM8_CC_IRQHandler
                0x0000000008002100                FMPI2C1_EV_IRQHandler
                0x0000000008002100                SPI4_IRQHandler
                0x0000000008002100                TIM1_CC_IRQHandler
                0x0000000008002100                DMA2_Stream5_IRQHandler
                0x0000000008002100                DMA1_Stream5_IRQHandler
                0x0000000008002100                PVD_IRQHandler
                0x0000000008002100                SDIO_IRQHandler
                0x0000000008002100                TAMP_STAMP_IRQHandler
                0x0000000008002100                CAN2_RX1_IRQHandler
                0x0000000008002100                EXTI3_IRQHandler
                0x0000000008002100                TIM8_TRG_COM_TIM14_IRQHandler
                0x0000000008002100                TIM1_UP_TIM10_IRQHandler
                0x0000000008002100                TIM8_UP_TIM13_IRQHandler
                0x0000000008002100                I2C3_ER_IRQHandler
                0x0000000008002100                EXTI0_IRQHandler
                0x0000000008002100                I2C2_EV_IRQHandler
                0x0000000008002100                DMA1_Stream2_IRQHandler
                0x0000000008002100                CAN1_RX0_IRQHandler
                0x0000000008002100                FPU_IRQHandler
                0x0000000008002100                OTG_HS_WKUP_IRQHandler
                0x0000000008002100                CAN2_SCE_IRQHandler
                0x0000000008002100                DMA2_Stream2_IRQHandler
                0x0000000008002100                TIM6_DAC_IRQHandler
                0x0000000008002100                TIM1_BRK_TIM9_IRQHandler
                0x0000000008002100                DCMI_IRQHandler
                0x0000000008002100                CAN2_RX0_IRQHandler
                0x0000000008002100                DMA2_Stream3_IRQHandler
                0x0000000008002100                SAI2_IRQHandler
                0x0000000008002100                USART6_IRQHandler
                0x0000000008002100                USART3_IRQHandler
                0x0000000008002100                CAN1_RX1_IRQHandler
                0x0000000008002100                UART5_IRQHandler
                0x0000000008002100                DMA2_Stream0_IRQHandler
                0x0000000008002100                TIM4_IRQHandler
                0x0000000008002100                QUADSPI_IRQHandler
                0x0000000008002100                I2C1_EV_IRQHandler
                0x0000000008002100                DMA1_Stream6_IRQHandler
                0x0000000008002100                DMA1_Stream1_IRQHandler
                0x0000000008002100                TIM3_IRQHandler
                0x0000000008002100                RCC_IRQHandler
                0x0000000008002100                TIM8_BRK_TIM12_IRQHandler
                0x0000000008002100                Default_Handler
                0x0000000008002100                CEC_IRQHandler
                0x0000000008002100                EXTI15_10_IRQHandler
                0x0000000008002100                ADC_IRQHandler
                0x0000000008002100                DMA1_Stream7_IRQHandler
                0x0000000008002100                TIM7_IRQHandler
                0x0000000008002100                CAN2_TX_IRQHandler
                0x0000000008002100                TIM5_IRQHandler
                0x0000000008002100                DMA2_Stream7_IRQHandler
                0x0000000008002100                I2C3_EV_IRQHandler
                0x0000000008002100                EXTI9_5_IRQHandler
                0x0000000008002100                RTC_WKUP_IRQHandler
                0x0000000008002100                SPDIF_RX_IRQHandler
                0x0000000008002100                SPI2_IRQHandler
                0x0000000008002100                OTG_HS_EP1_IN_IRQHandler
                0x0000000008002100                DMA1_Stream0_IRQHandler
                0x0000000008002100                CAN1_TX_IRQHandler
                0x0000000008002100                FMPI2C1_ER_IRQHandler
                0x0000000008002100                EXTI4_IRQHandler
                0x0000000008002100                OTG_HS_EP1_OUT_IRQHandler
                0x0000000008002100                WWDG_IRQHandler
                0x0000000008002100                TIM2_IRQHandler
                0x0000000008002100                OTG_FS_WKUP_IRQHandler
                0x0000000008002100                TIM1_TRG_COM_TIM11_IRQHandler
                0x0000000008002100                OTG_HS_IRQHandler
                0x0000000008002100                EXTI1_IRQHandler
                0x0000000008002100                I2C2_ER_IRQHandler
                0x0000000008002100                DMA2_Stream1_IRQHandler
                0x0000000008002100                CAN1_SCE_IRQHandler
                0x0000000008002100                FLASH_IRQHandler
                0x0000000008002100                DMA2_Stream4_IRQHandler
                0x0000000008002100                USART1_IRQHandler
                0x0000000008002100                OTG_FS_IRQHandler
                0x0000000008002100                SPI3_IRQHandler
                0x0000000008002100                DMA1_Stream4_IRQHandler
                0x0000000008002100                I2C1_ER_IRQHandler
                0x0000000008002100                FMC_IRQHandler
                0x0000000008002100                DMA2_Stream6_IRQHandler
                0x0000000008002100                SAI1_IRQHandler
                0x0000000008002100                DMA1_Stream3_IRQHandler
 *fill*         0x0000000008002102        0x2 
 .text.HAL_Init
                0x0000000008002104       0x44 ./Drivers/STM32F4xx_HAL_Driver/Src/stm32f4xx_hal.o
                0x0000000008002104                HAL_Init
 .text.HAL_InitTick
                0x0000000008002148       0x60 ./Drivers/STM32F4xx_HAL_Driver/Src/stm32f4xx_hal.o
                0x0000000008002148                HAL_InitTick
 .text.HAL_IncTick
                0x00000000080021a8       0x28 ./Drivers/STM32F4xx_HAL_Driver/Src/stm32f4xx_hal.o
                0x00000000080021a8                HAL_IncTick
 .text.HAL_GetTick
                0x00000000080021d0       0x18 ./Drivers/STM32F4xx_HAL_Driver/Src/stm32f4xx_hal.o
                0x00000000080021d0                HAL_GetTick
 .text.HAL_Delay
                0x00000000080021e8       0x48 ./Drivers/STM32F4xx_HAL_Driver/Src/stm32f4xx_hal.o
                0x00000000080021e8                HAL_Delay
 .text.__NVIC_SetPriorityGrouping
                0x0000000008002230       0x48 ./Drivers/STM32F4xx_HAL_Driver/Src/stm32f4xx_hal_cortex.o
 .text.__NVIC_GetPriorityGrouping
                0x0000000008002278       0x1c ./Drivers/STM32F4xx_HAL_Driver/Src/stm32f4xx_hal_cortex.o
 .text.__NVIC_EnableIRQ
                0x0000000008002294       0x3c ./Drivers/STM32F4xx_HAL_Driver/Src/stm32f4xx_hal_cortex.o
 .text.__NVIC_SetPriority
                0x00000000080022d0       0x54 ./Drivers/STM32F4xx_HAL_Driver/Src/stm32f4xx_hal_cortex.o
 .text.NVIC_EncodePriority
                0x0000000008002324       0x66 ./Drivers/STM32F4xx_HAL_Driver/Src/stm32f4xx_hal_cortex.o
 *fill*         0x000000000800238a        0x2 
 .text.SysTick_Config
                0x000000000800238c       0x44 ./Drivers/STM32F4xx_HAL_Driver/Src/stm32f4xx_hal_cortex.o
 .text.HAL_NVIC_SetPriorityGrouping
                0x00000000080023d0       0x16 ./Drivers/STM32F4xx_HAL_Driver/Src/stm32f4xx_hal_cortex.o
                0x00000000080023d0                HAL_NVIC_SetPriorityGrouping
 .text.HAL_NVIC_SetPriority
                0x00000000080023e6       0x38 ./Drivers/STM32F4xx_HAL_Driver/Src/stm32f4xx_hal_cortex.o
                0x00000000080023e6                HAL_NVIC_SetPriority
 .text.HAL_NVIC_EnableIRQ
                0x000000000800241e       0x1c ./Drivers/STM32F4xx_HAL_Driver/Src/stm32f4xx_hal_cortex.o
                0x000000000800241e                HAL_NVIC_EnableIRQ
 .text.HAL_SYSTICK_Config
                0x000000000800243a       0x18 ./Drivers/STM32F4xx_HAL_Driver/Src/stm32f4xx_hal_cortex.o
                0x000000000800243a                HAL_SYSTICK_Config
 .text.HAL_DMA_Abort
                0x0000000008002452       0xe0 ./Drivers/STM32F4xx_HAL_Driver/Src/stm32f4xx_hal_dma.o
                0x0000000008002452                HAL_DMA_Abort
 .text.HAL_DMA_Abort_IT
                0x0000000008002532       0x44 ./Drivers/STM32F4xx_HAL_Driver/Src/stm32f4xx_hal_dma.o
                0x0000000008002532                HAL_DMA_Abort_IT
 *fill*         0x0000000008002576        0x2 
 .text.HAL_GPIO_Init
                0x0000000008002578      0x328 ./Drivers/STM32F4xx_HAL_Driver/Src/stm32f4xx_hal_gpio.o
                0x0000000008002578                HAL_GPIO_Init
 .text.HAL_GPIO_WritePin
                0x00000000080028a0       0x32 ./Drivers/STM32F4xx_HAL_Driver/Src/stm32f4xx_hal_gpio.o
                0x00000000080028a0                HAL_GPIO_WritePin
 *fill*         0x00000000080028d2        0x2 
 .text.HAL_RCC_ClockConfig
                0x00000000080028d4      0x1cc ./Drivers/STM32F4xx_HAL_Driver/Src/stm32f4xx_hal_rcc.o
                0x00000000080028d4                HAL_RCC_ClockConfig
 .text.HAL_RCC_GetHCLKFreq
                0x0000000008002aa0       0x18 ./Drivers/STM32F4xx_HAL_Driver/Src/stm32f4xx_hal_rcc.o
                0x0000000008002aa0                HAL_RCC_GetHCLKFreq
 .text.HAL_RCC_GetPCLK1Freq
                0x0000000008002ab8       0x28 ./Drivers/STM32F4xx_HAL_Driver/Src/stm32f4xx_hal_rcc.o
                0x0000000008002ab8                HAL_RCC_GetPCLK1Freq
 .text.HAL_RCC_GetPCLK2Freq
                0x0000000008002ae0       0x28 ./Drivers/STM32F4xx_HAL_Driver/Src/stm32f4xx_hal_rcc.o
                0x0000000008002ae0                HAL_RCC_GetPCLK2Freq
 .text.HAL_RCC_GetSysClockFreq
                0x0000000008002b08      0x460 ./Drivers/STM32F4xx_HAL_Driver/Src/stm32f4xx_hal_rcc_ex.o
                0x0000000008002b08                HAL_RCC_GetSysClockFreq
 .text.HAL_RCC_OscConfig
                0x0000000008002f68      0x53c ./Drivers/STM32F4xx_HAL_Driver/Src/stm32f4xx_hal_rcc_ex.o
                0x0000000008002f68                HAL_RCC_OscConfig
 .text.HAL_SPI_Init
                0x00000000080034a4      0x112 ./Drivers/STM32F4xx_HAL_Driver/Src/stm32f4xx_hal_spi.o
                0x00000000080034a4                HAL_SPI_Init
 .text.HAL_SPI_Transmit
                0x00000000080035b6      0x278 ./Drivers/STM32F4xx_HAL_Driver/Src/stm32f4xx_hal_spi.o
                0x00000000080035b6                HAL_SPI_Transmit
 .text.HAL_SPI_Receive
                0x000000000800382e      0x222 ./Drivers/STM32F4xx_HAL_Driver/Src/stm32f4xx_hal_spi.o
                0x000000000800382e                HAL_SPI_Receive
 .text.HAL_SPI_TransmitReceive
                0x0000000008003a50      0x344 ./Drivers/STM32F4xx_HAL_Driver/Src/stm32f4xx_hal_spi.o
                0x0000000008003a50                HAL_SPI_TransmitReceive
 .text.HAL_SPI_IRQHandler
                0x0000000008003d94      0x200 ./Drivers/STM32F4xx_HAL_Driver/Src/stm32f4xx_hal_spi.o
                0x0000000008003d94                HAL_SPI_IRQHandler
 .text.HAL_SPI_ErrorCallback
                0x0000000008003f94       0x14 ./Drivers/STM32F4xx_HAL_Driver/Src/stm32f4xx_hal_spi.o
                0x0000000008003f94                HAL_SPI_ErrorCallback
 .text.SPI_DMAAbortOnError
                0x0000000008003fa8       0x28 ./Drivers/STM32F4xx_HAL_Driver/Src/stm32f4xx_hal_spi.o
 .text.SPI_WaitFlagStateUntilTimeout
                0x0000000008003fd0      0x110 ./Drivers/STM32F4xx_HAL_Driver/Src/stm32f4xx_hal_spi.o
 .text.SPI_EndRxTransaction
                0x00000000080040e0       0xca ./Drivers/STM32F4xx_HAL_Driver/Src/stm32f4xx_hal_spi.o
 *fill*         0x00000000080041aa        0x2 
 .text.SPI_EndRxTxTransaction
                0x00000000080041ac       0x84 ./Drivers/STM32F4xx_HAL_Driver/Src/stm32f4xx_hal_spi.o
 .text.HAL_UART_Init
                0x0000000008004230       0x9a ./Drivers/STM32F4xx_HAL_Driver/Src/stm32f4xx_hal_uart.o
                0x0000000008004230                HAL_UART_Init
 .text.HAL_UART_Transmit
                0x00000000080042ca      0x124 ./Drivers/STM32F4xx_HAL_Driver/Src/stm32f4xx_hal_uart.o
                0x00000000080042ca                HAL_UART_Transmit
 .text.HAL_UART_Receive_IT
                0x00000000080043ee       0x60 ./Drivers/STM32F4xx_HAL_Driver/Src/stm32f4xx_hal_uart.o
                0x00000000080043ee                HAL_UART_Receive_IT
 *fill*         0x000000000800444e        0x2 
 .text.HAL_UART_IRQHandler
                0x0000000008004450      0x51c ./Drivers/STM32F4xx_HAL_Driver/Src/stm32f4xx_hal_uart.o
                0x0000000008004450                HAL_UART_IRQHandler
 .text.HAL_UART_TxCpltCallback
                0x000000000800496c       0x14 ./Drivers/STM32F4xx_HAL_Driver/Src/stm32f4xx_hal_uart.o
                0x000000000800496c                HAL_UART_TxCpltCallback
 .text.HAL_UART_ErrorCallback
                0x0000000008004980       0x14 ./Drivers/STM32F4xx_HAL_Driver/Src/stm32f4xx_hal_uart.o
                0x0000000008004980                HAL_UART_ErrorCallback
 .text.HAL_UARTEx_RxEventCallback
                0x0000000008004994       0x18 ./Drivers/STM32F4xx_HAL_Driver/Src/stm32f4xx_hal_uart.o
                0x0000000008004994                HAL_UARTEx_RxEventCallback
 .text.UART_WaitOnFlagUntilTimeout
                0x00000000080049ac       0xdc ./Drivers/STM32F4xx_HAL_Driver/Src/stm32f4xx_hal_uart.o
 .text.UART_Start_Receive_IT
                0x0000000008004a88       0x7c ./Drivers/STM32F4xx_HAL_Driver/Src/stm32f4xx_hal_uart.o
                0x0000000008004a88                UART_Start_Receive_IT
 .text.UART_EndRxTransfer
                0x0000000008004b04       0xc6 ./Drivers/STM32F4xx_HAL_Driver/Src/stm32f4xx_hal_uart.o
 .text.UART_DMAAbortOnError
                0x0000000008004bca       0x28 ./Drivers/STM32F4xx_HAL_Driver/Src/stm32f4xx_hal_uart.o
 .text.UART_Transmit_IT
                0x0000000008004bf2       0xa0 ./Drivers/STM32F4xx_HAL_Driver/Src/stm32f4xx_hal_uart.o
 .text.UART_EndTransmit_IT
                0x0000000008004c92       0x30 ./Drivers/STM32F4xx_HAL_Driver/Src/stm32f4xx_hal_uart.o
 .text.UART_Receive_IT
                0x0000000008004cc2      0x176 ./Drivers/STM32F4xx_HAL_Driver/Src/stm32f4xx_hal_uart.o
 .text.UART_SetConfig
                0x0000000008004e38      0x4e8 ./Drivers/STM32F4xx_HAL_Driver/Src/stm32f4xx_hal_uart.o
 .text.__errno  0x0000000008005320        0xc c:/st/stm32cubeide_1.7.0/stm32cubeide/plugins/com.st.stm32cube.ide.mcu.externaltools.gnu-tools-for-stm32.10.3-2021.10.win32_1.0.0.202111181127/tools/bin/../lib/gcc/arm-none-eabi/10.3.1/../../../../arm-none-eabi/lib/thumb/v7e-m+fp/hard\libc_nano.a(lib_a-errno.o)
                0x0000000008005320                __errno
 .text.__libc_init_array
                0x000000000800532c       0x48 c:/st/stm32cubeide_1.7.0/stm32cubeide/plugins/com.st.stm32cube.ide.mcu.externaltools.gnu-tools-for-stm32.10.3-2021.10.win32_1.0.0.202111181127/tools/bin/../lib/gcc/arm-none-eabi/10.3.1/../../../../arm-none-eabi/lib/thumb/v7e-m+fp/hard\libc_nano.a(lib_a-init.o)
                0x000000000800532c                __libc_init_array
 .text.memcpy   0x0000000008005374       0x1c c:/st/stm32cubeide_1.7.0/stm32cubeide/plugins/com.st.stm32cube.ide.mcu.externaltools.gnu-tools-for-stm32.10.3-2021.10.win32_1.0.0.202111181127/tools/bin/../lib/gcc/arm-none-eabi/10.3.1/../../../../arm-none-eabi/lib/thumb/v7e-m+fp/hard\libc_nano.a(lib_a-memcpy-stub.o)
                0x0000000008005374                memcpy
 .text.memset   0x0000000008005390       0x10 c:/st/stm32cubeide_1.7.0/stm32cubeide/plugins/com.st.stm32cube.ide.mcu.externaltools.gnu-tools-for-stm32.10.3-2021.10.win32_1.0.0.202111181127/tools/bin/../lib/gcc/arm-none-eabi/10.3.1/../../../../arm-none-eabi/lib/thumb/v7e-m+fp/hard\libc_nano.a(lib_a-memset.o)
                0x0000000008005390                memset
 .text.sprintf  0x00000000080053a0       0x40 c:/st/stm32cubeide_1.7.0/stm32cubeide/plugins/com.st.stm32cube.ide.mcu.externaltools.gnu-tools-for-stm32.10.3-2021.10.win32_1.0.0.202111181127/tools/bin/../lib/gcc/arm-none-eabi/10.3.1/../../../../arm-none-eabi/lib/thumb/v7e-m+fp/hard\libc_nano.a(lib_a-sprintf.o)
                0x00000000080053a0                siprintf
                0x00000000080053a0                sprintf
 .text.__ssputs_r
                0x00000000080053e0       0xb6 c:/st/stm32cubeide_1.7.0/stm32cubeide/plugins/com.st.stm32cube.ide.mcu.externaltools.gnu-tools-for-stm32.10.3-2021.10.win32_1.0.0.202111181127/tools/bin/../lib/gcc/arm-none-eabi/10.3.1/../../../../arm-none-eabi/lib/thumb/v7e-m+fp/hard\libc_nano.a(lib_a-nano-svfprintf.o)
                0x00000000080053e0                __ssputs_r
 *fill*         0x0000000008005496        0x2 
 .text._svfprintf_r
                0x0000000008005498      0x200 c:/st/stm32cubeide_1.7.0/stm32cubeide/plugins/com.st.stm32cube.ide.mcu.externaltools.gnu-tools-for-stm32.10.3-2021.10.win32_1.0.0.202111181127/tools/bin/../lib/gcc/arm-none-eabi/10.3.1/../../../../arm-none-eabi/lib/thumb/v7e-m+fp/hard\libc_nano.a(lib_a-nano-svfprintf.o)
                0x0000000008005498                _svfiprintf_r
                0x0000000008005498                _svfprintf_r
 .text._printf_common
                0x0000000008005698       0xda c:/st/stm32cubeide_1.7.0/stm32cubeide/plugins/com.st.stm32cube.ide.mcu.externaltools.gnu-tools-for-stm32.10.3-2021.10.win32_1.0.0.202111181127/tools/bin/../lib/gcc/arm-none-eabi/10.3.1/../../../../arm-none-eabi/lib/thumb/v7e-m+fp/hard\libc_nano.a(lib_a-nano-vfprintf_i.o)
                0x0000000008005698                _printf_common
 *fill*         0x0000000008005772        0x2 
 .text._printf_i
                0x0000000008005774      0x24c c:/st/stm32cubeide_1.7.0/stm32cubeide/plugins/com.st.stm32cube.ide.mcu.externaltools.gnu-tools-for-stm32.10.3-2021.10.win32_1.0.0.202111181127/tools/bin/../lib/gcc/arm-none-eabi/10.3.1/../../../../arm-none-eabi/lib/thumb/v7e-m+fp/hard\libc_nano.a(lib_a-nano-vfprintf_i.o)
                0x0000000008005774                _printf_i
 .text.memmove  0x00000000080059c0       0x34 c:/st/stm32cubeide_1.7.0/stm32cubeide/plugins/com.st.stm32cube.ide.mcu.externaltools.gnu-tools-for-stm32.10.3-2021.10.win32_1.0.0.202111181127/tools/bin/../lib/gcc/arm-none-eabi/10.3.1/../../../../arm-none-eabi/lib/thumb/v7e-m+fp/hard\libc_nano.a(lib_a-memmove.o)
                0x00000000080059c0                memmove
 .text._free_r  0x00000000080059f4       0x98 c:/st/stm32cubeide_1.7.0/stm32cubeide/plugins/com.st.stm32cube.ide.mcu.externaltools.gnu-tools-for-stm32.10.3-2021.10.win32_1.0.0.202111181127/tools/bin/../lib/gcc/arm-none-eabi/10.3.1/../../../../arm-none-eabi/lib/thumb/v7e-m+fp/hard\libc_nano.a(lib_a-nano-freer.o)
                0x00000000080059f4                _free_r
 .text.sbrk_aligned
                0x0000000008005a8c       0x40 c:/st/stm32cubeide_1.7.0/stm32cubeide/plugins/com.st.stm32cube.ide.mcu.externaltools.gnu-tools-for-stm32.10.3-2021.10.win32_1.0.0.202111181127/tools/bin/../lib/gcc/arm-none-eabi/10.3.1/../../../../arm-none-eabi/lib/thumb/v7e-m+fp/hard\libc_nano.a(lib_a-nano-mallocr.o)
 .text._malloc_r
                0x0000000008005acc       0xe8 c:/st/stm32cubeide_1.7.0/stm32cubeide/plugins/com.st.stm32cube.ide.mcu.externaltools.gnu-tools-for-stm32.10.3-2021.10.win32_1.0.0.202111181127/tools/bin/../lib/gcc/arm-none-eabi/10.3.1/../../../../arm-none-eabi/lib/thumb/v7e-m+fp/hard\libc_nano.a(lib_a-nano-mallocr.o)
                0x0000000008005acc                _malloc_r
 .text._realloc_r
                0x0000000008005bb4       0x5e c:/st/stm32cubeide_1.7.0/stm32cubeide/plugins/com.st.stm32cube.ide.mcu.externaltools.gnu-tools-for-stm32.10.3-2021.10.win32_1.0.0.202111181127/tools/bin/../lib/gcc/arm-none-eabi/10.3.1/../../../../arm-none-eabi/lib/thumb/v7e-m+fp/hard\libc_nano.a(lib_a-nano-reallocr.o)
                0x0000000008005bb4                _realloc_r
 *fill*         0x0000000008005c12        0x2 
 .text._sbrk_r  0x0000000008005c14       0x20 c:/st/stm32cubeide_1.7.0/stm32cubeide/plugins/com.st.stm32cube.ide.mcu.externaltools.gnu-tools-for-stm32.10.3-2021.10.win32_1.0.0.202111181127/tools/bin/../lib/gcc/arm-none-eabi/10.3.1/../../../../arm-none-eabi/lib/thumb/v7e-m+fp/hard\libc_nano.a(lib_a-sbrkr.o)
                0x0000000008005c14                _sbrk_r
 .text.__malloc_lock
                0x0000000008005c34        0xc c:/st/stm32cubeide_1.7.0/stm32cubeide/plugins/com.st.stm32cube.ide.mcu.externaltools.gnu-tools-for-stm32.10.3-2021.10.win32_1.0.0.202111181127/tools/bin/../lib/gcc/arm-none-eabi/10.3.1/../../../../arm-none-eabi/lib/thumb/v7e-m+fp/hard\libc_nano.a(lib_a-mlock.o)
                0x0000000008005c34                __malloc_lock
 .text.__malloc_unlock
                0x0000000008005c40        0xc c:/st/stm32cubeide_1.7.0/stm32cubeide/plugins/com.st.stm32cube.ide.mcu.externaltools.gnu-tools-for-stm32.10.3-2021.10.win32_1.0.0.202111181127/tools/bin/../lib/gcc/arm-none-eabi/10.3.1/../../../../arm-none-eabi/lib/thumb/v7e-m+fp/hard\libc_nano.a(lib_a-mlock.o)
                0x0000000008005c40                __malloc_unlock
 .text._malloc_usable_size_r
                0x0000000008005c4c       0x10 c:/st/stm32cubeide_1.7.0/stm32cubeide/plugins/com.st.stm32cube.ide.mcu.externaltools.gnu-tools-for-stm32.10.3-2021.10.win32_1.0.0.202111181127/tools/bin/../lib/gcc/arm-none-eabi/10.3.1/../../../../arm-none-eabi/lib/thumb/v7e-m+fp/hard\libc_nano.a(lib_a-nano-msizer.o)
                0x0000000008005c4c                _malloc_usable_size_r
 .text.__retarget_lock_acquire_recursive
                0x0000000008005c5c        0x2 c:/st/stm32cubeide_1.7.0/stm32cubeide/plugins/com.st.stm32cube.ide.mcu.externaltools.gnu-tools-for-stm32.10.3-2021.10.win32_1.0.0.202111181127/tools/bin/../lib/gcc/arm-none-eabi/10.3.1/../../../../arm-none-eabi/lib/thumb/v7e-m+fp/hard\libc_nano.a(lib_a-lock.o)
                0x0000000008005c5c                __retarget_lock_acquire_recursive
 .text.__retarget_lock_release_recursive
                0x0000000008005c5e        0x2 c:/st/stm32cubeide_1.7.0/stm32cubeide/plugins/com.st.stm32cube.ide.mcu.externaltools.gnu-tools-for-stm32.10.3-2021.10.win32_1.0.0.202111181127/tools/bin/../lib/gcc/arm-none-eabi/10.3.1/../../../../arm-none-eabi/lib/thumb/v7e-m+fp/hard\libc_nano.a(lib_a-lock.o)
                0x0000000008005c5e                __retarget_lock_release_recursive
 *(.glue_7)
 .glue_7        0x0000000008005c60        0x0 linker stubs
 *(.glue_7t)
 .glue_7t       0x0000000008005c60        0x0 linker stubs
 *(.eh_frame)
 .eh_frame      0x0000000008005c60        0x0 c:/st/stm32cubeide_1.7.0/stm32cubeide/plugins/com.st.stm32cube.ide.mcu.externaltools.gnu-tools-for-stm32.10.3-2021.10.win32_1.0.0.202111181127/tools/bin/../lib/gcc/arm-none-eabi/10.3.1/thumb/v7e-m+fp/hard/crtbegin.o
 *(.init)
 .init          0x0000000008005c60        0x4 c:/st/stm32cubeide_1.7.0/stm32cubeide/plugins/com.st.stm32cube.ide.mcu.externaltools.gnu-tools-for-stm32.10.3-2021.10.win32_1.0.0.202111181127/tools/bin/../lib/gcc/arm-none-eabi/10.3.1/thumb/v7e-m+fp/hard/crti.o
                0x0000000008005c60                _init
 .init          0x0000000008005c64        0x8 c:/st/stm32cubeide_1.7.0/stm32cubeide/plugins/com.st.stm32cube.ide.mcu.externaltools.gnu-tools-for-stm32.10.3-2021.10.win32_1.0.0.202111181127/tools/bin/../lib/gcc/arm-none-eabi/10.3.1/thumb/v7e-m+fp/hard/crtn.o
 *(.fini)
 .fini          0x0000000008005c6c        0x4 c:/st/stm32cubeide_1.7.0/stm32cubeide/plugins/com.st.stm32cube.ide.mcu.externaltools.gnu-tools-for-stm32.10.3-2021.10.win32_1.0.0.202111181127/tools/bin/../lib/gcc/arm-none-eabi/10.3.1/thumb/v7e-m+fp/hard/crti.o
                0x0000000008005c6c                _fini
 .fini          0x0000000008005c70        0x8 c:/st/stm32cubeide_1.7.0/stm32cubeide/plugins/com.st.stm32cube.ide.mcu.externaltools.gnu-tools-for-stm32.10.3-2021.10.win32_1.0.0.202111181127/tools/bin/../lib/gcc/arm-none-eabi/10.3.1/thumb/v7e-m+fp/hard/crtn.o
                0x0000000008005c78                . = ALIGN (0x4)
                0x0000000008005c78                _etext = .

.vfp11_veneer   0x0000000008005c78        0x0
 .vfp11_veneer  0x0000000008005c78        0x0 linker stubs

.v4_bx          0x0000000008005c78        0x0
 .v4_bx         0x0000000008005c78        0x0 linker stubs

.iplt           0x0000000008005c78        0x0
 .iplt          0x0000000008005c78        0x0 c:/st/stm32cubeide_1.7.0/stm32cubeide/plugins/com.st.stm32cube.ide.mcu.externaltools.gnu-tools-for-stm32.10.3-2021.10.win32_1.0.0.202111181127/tools/bin/../lib/gcc/arm-none-eabi/10.3.1/thumb/v7e-m+fp/hard/crtbegin.o

.rodata         0x0000000008005c78      0x5b0
                0x0000000008005c78                . = ALIGN (0x4)
 *(.rodata)
 .rodata        0x0000000008005c78      0x541 ./Core/Src/MY_NRF24.o
 *fill*         0x00000000080061b9        0x3 
 .rodata        0x00000000080061bc       0x20 ./Core/Src/main.o
 *(.rodata*)
 .rodata.AHBPrescTable
                0x00000000080061dc       0x10 ./Core/Src/system_stm32f4xx.o
                0x00000000080061dc                AHBPrescTable
 .rodata.APBPrescTable
                0x00000000080061ec        0x8 ./Core/Src/system_stm32f4xx.o
                0x00000000080061ec                APBPrescTable
 .rodata._svfprintf_r.str1.1
                0x00000000080061f4       0x11 c:/st/stm32cubeide_1.7.0/stm32cubeide/plugins/com.st.stm32cube.ide.mcu.externaltools.gnu-tools-for-stm32.10.3-2021.10.win32_1.0.0.202111181127/tools/bin/../lib/gcc/arm-none-eabi/10.3.1/../../../../arm-none-eabi/lib/thumb/v7e-m+fp/hard\libc_nano.a(lib_a-nano-svfprintf.o)
 .rodata._printf_i.str1.1
                0x0000000008006205       0x22 c:/st/stm32cubeide_1.7.0/stm32cubeide/plugins/com.st.stm32cube.ide.mcu.externaltools.gnu-tools-for-stm32.10.3-2021.10.win32_1.0.0.202111181127/tools/bin/../lib/gcc/arm-none-eabi/10.3.1/../../../../arm-none-eabi/lib/thumb/v7e-m+fp/hard\libc_nano.a(lib_a-nano-vfprintf_i.o)
                0x0000000008006228                . = ALIGN (0x4)
 *fill*         0x0000000008006227        0x1 

.ARM.extab      0x0000000008006228        0x0
                0x0000000008006228                . = ALIGN (0x4)
 *(.ARM.extab* .gnu.linkonce.armextab.*)
                0x0000000008006228                . = ALIGN (0x4)

.ARM            0x0000000008006228        0x8
                0x0000000008006228                . = ALIGN (0x4)
                0x0000000008006228                __exidx_start = .
 *(.ARM.exidx*)
 .ARM.exidx     0x0000000008006228        0x8 c:/st/stm32cubeide_1.7.0/stm32cubeide/plugins/com.st.stm32cube.ide.mcu.externaltools.gnu-tools-for-stm32.10.3-2021.10.win32_1.0.0.202111181127/tools/bin/../lib/gcc/arm-none-eabi/10.3.1/thumb/v7e-m+fp/hard\libgcc.a(_udivmoddi4.o)
                0x0000000008006230                __exidx_end = .
                0x0000000008006230                . = ALIGN (0x4)

.rel.dyn        0x0000000008006230        0x0
 .rel.iplt      0x0000000008006230        0x0 c:/st/stm32cubeide_1.7.0/stm32cubeide/plugins/com.st.stm32cube.ide.mcu.externaltools.gnu-tools-for-stm32.10.3-2021.10.win32_1.0.0.202111181127/tools/bin/../lib/gcc/arm-none-eabi/10.3.1/thumb/v7e-m+fp/hard/crtbegin.o

.preinit_array  0x0000000008006230        0x0
                0x0000000008006230                . = ALIGN (0x4)
                0x0000000008006230                PROVIDE (__preinit_array_start = .)
 *(.preinit_array*)
                0x0000000008006230                PROVIDE (__preinit_array_end = .)
                0x0000000008006230                . = ALIGN (0x4)

.init_array     0x0000000008006230        0x4
                0x0000000008006230                . = ALIGN (0x4)
                0x0000000008006230                PROVIDE (__init_array_start = .)
 *(SORT_BY_NAME(.init_array.*))
 *(.init_array*)
 .init_array    0x0000000008006230        0x4 c:/st/stm32cubeide_1.7.0/stm32cubeide/plugins/com.st.stm32cube.ide.mcu.externaltools.gnu-tools-for-stm32.10.3-2021.10.win32_1.0.0.202111181127/tools/bin/../lib/gcc/arm-none-eabi/10.3.1/thumb/v7e-m+fp/hard/crtbegin.o
                0x0000000008006234                PROVIDE (__init_array_end = .)
                0x0000000008006234                . = ALIGN (0x4)

.fini_array     0x0000000008006234        0x4
                0x0000000008006234                . = ALIGN (0x4)
                [!provide]                        PROVIDE (__fini_array_start = .)
 *(SORT_BY_NAME(.fini_array.*))
 *(.fini_array*)
 .fini_array    0x0000000008006234        0x4 c:/st/stm32cubeide_1.7.0/stm32cubeide/plugins/com.st.stm32cube.ide.mcu.externaltools.gnu-tools-for-stm32.10.3-2021.10.win32_1.0.0.202111181127/tools/bin/../lib/gcc/arm-none-eabi/10.3.1/thumb/v7e-m+fp/hard/crtbegin.o
                [!provide]                        PROVIDE (__fini_array_end = .)
                0x0000000008006238                . = ALIGN (0x4)
                0x0000000008006238                _sidata = LOADADDR (.data)

.data           0x0000000020000000       0x78 load address 0x0000000008006238
                0x0000000020000000                . = ALIGN (0x4)
                0x0000000020000000                _sdata = .
 *(.data)
 *(.data*)
 .data.TxAddress
                0x0000000020000000        0x8 ./Core/Src/main.o
                0x0000000020000000                TxAddress
 .data.SystemCoreClock
                0x0000000020000008        0x4 ./Core/Src/system_stm32f4xx.o
                0x0000000020000008                SystemCoreClock
 .data.uwTickPrio
                0x000000002000000c        0x4 ./Drivers/STM32F4xx_HAL_Driver/Src/stm32f4xx_hal.o
                0x000000002000000c                uwTickPrio
 .data.uwTickFreq
                0x0000000020000010        0x1 ./Drivers/STM32F4xx_HAL_Driver/Src/stm32f4xx_hal.o
                0x0000000020000010                uwTickFreq
 *fill*         0x0000000020000011        0x3 
 .data._impure_ptr
                0x0000000020000014        0x4 c:/st/stm32cubeide_1.7.0/stm32cubeide/plugins/com.st.stm32cube.ide.mcu.externaltools.gnu-tools-for-stm32.10.3-2021.10.win32_1.0.0.202111181127/tools/bin/../lib/gcc/arm-none-eabi/10.3.1/../../../../arm-none-eabi/lib/thumb/v7e-m+fp/hard\libc_nano.a(lib_a-impure.o)
                0x0000000020000014                _impure_ptr
 .data.impure_data
                0x0000000020000018       0x60 c:/st/stm32cubeide_1.7.0/stm32cubeide/plugins/com.st.stm32cube.ide.mcu.externaltools.gnu-tools-for-stm32.10.3-2021.10.win32_1.0.0.202111181127/tools/bin/../lib/gcc/arm-none-eabi/10.3.1/../../../../arm-none-eabi/lib/thumb/v7e-m+fp/hard\libc_nano.a(lib_a-impure.o)
 *(.RamFunc)
 *(.RamFunc*)
                0x0000000020000078                . = ALIGN (0x4)
                0x0000000020000078                _edata = .

.igot.plt       0x0000000020000078        0x0 load address 0x00000000080062b0
 .igot.plt      0x0000000020000078        0x0 c:/st/stm32cubeide_1.7.0/stm32cubeide/plugins/com.st.stm32cube.ide.mcu.externaltools.gnu-tools-for-stm32.10.3-2021.10.win32_1.0.0.202111181127/tools/bin/../lib/gcc/arm-none-eabi/10.3.1/thumb/v7e-m+fp/hard/crtbegin.o
                0x0000000020000078                . = ALIGN (0x4)

.bss            0x0000000020000078      0x3e4 load address 0x00000000080062b0
                0x0000000020000078                _sbss = .
                0x0000000020000078                __bss_start__ = _sbss
 *(.bss)
 .bss           0x0000000020000078       0x1c c:/st/stm32cubeide_1.7.0/stm32cubeide/plugins/com.st.stm32cube.ide.mcu.externaltools.gnu-tools-for-stm32.10.3-2021.10.win32_1.0.0.202111181127/tools/bin/../lib/gcc/arm-none-eabi/10.3.1/thumb/v7e-m+fp/hard/crtbegin.o
 *(.bss*)
 .bss.ack_payload_available
                0x0000000020000094        0x1 ./Core/Src/MY_NRF24.o
 .bss.ack_payload_length
                0x0000000020000095        0x1 ./Core/Src/MY_NRF24.o
 .bss.payload_size
                0x0000000020000096        0x1 ./Core/Src/MY_NRF24.o
 .bss.dynamic_payloads_enabled
                0x0000000020000097        0x1 ./Core/Src/MY_NRF24.o
 .bss.wide_band
                0x0000000020000098        0x1 ./Core/Src/MY_NRF24.o
 *fill*         0x0000000020000099        0x3 
 .bss.nrf24_PORT
                0x000000002000009c        0x4 ./Core/Src/MY_NRF24.o
 .bss.nrf24_CSN_PIN
                0x00000000200000a0        0x2 ./Core/Src/MY_NRF24.o
 .bss.nrf24_CE_PIN
                0x00000000200000a2        0x2 ./Core/Src/MY_NRF24.o
 .bss.nrf24_hspi
                0x00000000200000a4       0x58 ./Core/Src/MY_NRF24.o
 .bss.nrf24_huart
                0x00000000200000fc       0x44 ./Core/Src/MY_NRF24.o
 .bss.hspi1     0x0000000020000140       0x58 ./Core/Src/main.o
                0x0000000020000140                hspi1
 .bss.huart4    0x0000000020000198       0x44 ./Core/Src/main.o
                0x0000000020000198                huart4
 .bss.huart2    0x00000000200001dc       0x44 ./Core/Src/main.o
                0x00000000200001dc                huart2
 .bss.RxUARTBuffer
                0x0000000020000220      0x100 ./Core/Src/main.o
                0x0000000020000220                RxUARTBuffer
 .bss.Txdata    0x0000000020000320      0x100 ./Core/Src/main.o
                0x0000000020000320                Txdata
 .bss.TxBuffer  0x0000000020000420       0x20 ./Core/Src/main.o
                0x0000000020000420                TxBuffer
 .bss.RxUARTLength
                0x0000000020000440        0x1 ./Core/Src/main.o
                0x0000000020000440                RxUARTLength
 .bss.RxSingleByte
                0x0000000020000441        0x1 ./Core/Src/main.o
                0x0000000020000441                RxSingleByte
 .bss.dataFlag  0x0000000020000442        0x1 ./Core/Src/main.o
                0x0000000020000442                dataFlag
 *fill*         0x0000000020000443        0x1 
 .bss.__sbrk_heap_end
                0x0000000020000444        0x4 ./Core/Src/sysmem.o
 .bss.uwTick    0x0000000020000448        0x4 ./Drivers/STM32F4xx_HAL_Driver/Src/stm32f4xx_hal.o
                0x0000000020000448                uwTick
 .bss.__malloc_free_list
                0x000000002000044c        0x4 c:/st/stm32cubeide_1.7.0/stm32cubeide/plugins/com.st.stm32cube.ide.mcu.externaltools.gnu-tools-for-stm32.10.3-2021.10.win32_1.0.0.202111181127/tools/bin/../lib/gcc/arm-none-eabi/10.3.1/../../../../arm-none-eabi/lib/thumb/v7e-m+fp/hard\libc_nano.a(lib_a-nano-mallocr.o)
                0x000000002000044c                __malloc_free_list
 .bss.__malloc_sbrk_start
                0x0000000020000450        0x4 c:/st/stm32cubeide_1.7.0/stm32cubeide/plugins/com.st.stm32cube.ide.mcu.externaltools.gnu-tools-for-stm32.10.3-2021.10.win32_1.0.0.202111181127/tools/bin/../lib/gcc/arm-none-eabi/10.3.1/../../../../arm-none-eabi/lib/thumb/v7e-m+fp/hard\libc_nano.a(lib_a-nano-mallocr.o)
                0x0000000020000450                __malloc_sbrk_start
 .bss.errno     0x0000000020000454        0x4 c:/st/stm32cubeide_1.7.0/stm32cubeide/plugins/com.st.stm32cube.ide.mcu.externaltools.gnu-tools-for-stm32.10.3-2021.10.win32_1.0.0.202111181127/tools/bin/../lib/gcc/arm-none-eabi/10.3.1/../../../../arm-none-eabi/lib/thumb/v7e-m+fp/hard\libc_nano.a(lib_a-reent.o)
                0x0000000020000454                errno
 .bss.__lock___malloc_recursive_mutex
                0x0000000020000458        0x1 c:/st/stm32cubeide_1.7.0/stm32cubeide/plugins/com.st.stm32cube.ide.mcu.externaltools.gnu-tools-for-stm32.10.3-2021.10.win32_1.0.0.202111181127/tools/bin/../lib/gcc/arm-none-eabi/10.3.1/../../../../arm-none-eabi/lib/thumb/v7e-m+fp/hard\libc_nano.a(lib_a-lock.o)
                0x0000000020000458                __lock___malloc_recursive_mutex
 *(COMMON)
                0x000000002000045c                . = ALIGN (0x4)
 *fill*         0x0000000020000459        0x3 
                0x000000002000045c                _ebss = .
                0x000000002000045c                __bss_end__ = _ebss

._user_heap_stack
                0x000000002000045c      0x604 load address 0x00000000080062b0
                0x0000000020000460                . = ALIGN (0x8)
 *fill*         0x000000002000045c        0x4 
                [!provide]                        PROVIDE (end = .)
                0x0000000020000460                PROVIDE (_end = .)
                0x0000000020000660                . = (. + _Min_Heap_Size)
 *fill*         0x0000000020000460      0x200 
                0x0000000020000a60                . = (. + _Min_Stack_Size)
 *fill*         0x0000000020000660      0x400 
                0x0000000020000a60                . = ALIGN (0x8)

/DISCARD/
 libc.a(*)
 libm.a(*)
 libgcc.a(*)

.ARM.attributes
                0x0000000000000000       0x30
 *(.ARM.attributes)
 .ARM.attributes
                0x0000000000000000       0x1e c:/st/stm32cubeide_1.7.0/stm32cubeide/plugins/com.st.stm32cube.ide.mcu.externaltools.gnu-tools-for-stm32.10.3-2021.10.win32_1.0.0.202111181127/tools/bin/../lib/gcc/arm-none-eabi/10.3.1/thumb/v7e-m+fp/hard/crti.o
 .ARM.attributes
                0x000000000000001e       0x34 c:/st/stm32cubeide_1.7.0/stm32cubeide/plugins/com.st.stm32cube.ide.mcu.externaltools.gnu-tools-for-stm32.10.3-2021.10.win32_1.0.0.202111181127/tools/bin/../lib/gcc/arm-none-eabi/10.3.1/thumb/v7e-m+fp/hard/crtbegin.o
 .ARM.attributes
                0x0000000000000052       0x34 ./Core/Src/MY_NRF24.o
 .ARM.attributes
                0x0000000000000086       0x34 ./Core/Src/main.o
 .ARM.attributes
                0x00000000000000ba       0x34 ./Core/Src/stm32f4xx_hal_msp.o
 .ARM.attributes
                0x00000000000000ee       0x34 ./Core/Src/stm32f4xx_it.o
 .ARM.attributes
                0x0000000000000122       0x34 ./Core/Src/sysmem.o
 .ARM.attributes
                0x0000000000000156       0x34 ./Core/Src/system_stm32f4xx.o
 .ARM.attributes
                0x000000000000018a       0x21 ./Core/Startup/startup_stm32f446retx.o
 .ARM.attributes
                0x00000000000001ab       0x34 ./Drivers/STM32F4xx_HAL_Driver/Src/stm32f4xx_hal.o
 .ARM.attributes
                0x00000000000001df       0x34 ./Drivers/STM32F4xx_HAL_Driver/Src/stm32f4xx_hal_cortex.o
 .ARM.attributes
                0x0000000000000213       0x34 ./Drivers/STM32F4xx_HAL_Driver/Src/stm32f4xx_hal_dma.o
 .ARM.attributes
                0x0000000000000247       0x34 ./Drivers/STM32F4xx_HAL_Driver/Src/stm32f4xx_hal_gpio.o
 .ARM.attributes
                0x000000000000027b       0x34 ./Drivers/STM32F4xx_HAL_Driver/Src/stm32f4xx_hal_rcc.o
 .ARM.attributes
                0x00000000000002af       0x34 ./Drivers/STM32F4xx_HAL_Driver/Src/stm32f4xx_hal_rcc_ex.o
 .ARM.attributes
                0x00000000000002e3       0x34 ./Drivers/STM32F4xx_HAL_Driver/Src/stm32f4xx_hal_spi.o
 .ARM.attributes
                0x0000000000000317       0x34 ./Drivers/STM32F4xx_HAL_Driver/Src/stm32f4xx_hal_uart.o
 .ARM.attributes
                0x000000000000034b       0x34 c:/st/stm32cubeide_1.7.0/stm32cubeide/plugins/com.st.stm32cube.ide.mcu.externaltools.gnu-tools-for-stm32.10.3-2021.10.win32_1.0.0.202111181127/tools/bin/../lib/gcc/arm-none-eabi/10.3.1/../../../../arm-none-eabi/lib/thumb/v7e-m+fp/hard\libc_nano.a(lib_a-errno.o)
 .ARM.attributes
                0x000000000000037f       0x34 c:/st/stm32cubeide_1.7.0/stm32cubeide/plugins/com.st.stm32cube.ide.mcu.externaltools.gnu-tools-for-stm32.10.3-2021.10.win32_1.0.0.202111181127/tools/bin/../lib/gcc/arm-none-eabi/10.3.1/../../../../arm-none-eabi/lib/thumb/v7e-m+fp/hard\libc_nano.a(lib_a-impure.o)
 .ARM.attributes
                0x00000000000003b3       0x34 c:/st/stm32cubeide_1.7.0/stm32cubeide/plugins/com.st.stm32cube.ide.mcu.externaltools.gnu-tools-for-stm32.10.3-2021.10.win32_1.0.0.202111181127/tools/bin/../lib/gcc/arm-none-eabi/10.3.1/../../../../arm-none-eabi/lib/thumb/v7e-m+fp/hard\libc_nano.a(lib_a-init.o)
 .ARM.attributes
                0x00000000000003e7       0x34 c:/st/stm32cubeide_1.7.0/stm32cubeide/plugins/com.st.stm32cube.ide.mcu.externaltools.gnu-tools-for-stm32.10.3-2021.10.win32_1.0.0.202111181127/tools/bin/../lib/gcc/arm-none-eabi/10.3.1/../../../../arm-none-eabi/lib/thumb/v7e-m+fp/hard\libc_nano.a(lib_a-memcpy-stub.o)
 .ARM.attributes
                0x000000000000041b       0x34 c:/st/stm32cubeide_1.7.0/stm32cubeide/plugins/com.st.stm32cube.ide.mcu.externaltools.gnu-tools-for-stm32.10.3-2021.10.win32_1.0.0.202111181127/tools/bin/../lib/gcc/arm-none-eabi/10.3.1/../../../../arm-none-eabi/lib/thumb/v7e-m+fp/hard\libc_nano.a(lib_a-memset.o)
 .ARM.attributes
                0x000000000000044f       0x34 c:/st/stm32cubeide_1.7.0/stm32cubeide/plugins/com.st.stm32cube.ide.mcu.externaltools.gnu-tools-for-stm32.10.3-2021.10.win32_1.0.0.202111181127/tools/bin/../lib/gcc/arm-none-eabi/10.3.1/../../../../arm-none-eabi/lib/thumb/v7e-m+fp/hard\libc_nano.a(lib_a-sprintf.o)
 .ARM.attributes
                0x0000000000000483       0x17 c:/st/stm32cubeide_1.7.0/stm32cubeide/plugins/com.st.stm32cube.ide.mcu.externaltools.gnu-tools-for-stm32.10.3-2021.10.win32_1.0.0.202111181127/tools/bin/../lib/gcc/arm-none-eabi/10.3.1/../../../../arm-none-eabi/lib/thumb/v7e-m+fp/hard\libc_nano.a(lib_a-strlen.o)
 .ARM.attributes
                0x000000000000049a       0x34 c:/st/stm32cubeide_1.7.0/stm32cubeide/plugins/com.st.stm32cube.ide.mcu.externaltools.gnu-tools-for-stm32.10.3-2021.10.win32_1.0.0.202111181127/tools/bin/../lib/gcc/arm-none-eabi/10.3.1/../../../../arm-none-eabi/lib/thumb/v7e-m+fp/hard\libc_nano.a(lib_a-nano-svfprintf.o)
 .ARM.attributes
                0x00000000000004ce       0x34 c:/st/stm32cubeide_1.7.0/stm32cubeide/plugins/com.st.stm32cube.ide.mcu.externaltools.gnu-tools-for-stm32.10.3-2021.10.win32_1.0.0.202111181127/tools/bin/../lib/gcc/arm-none-eabi/10.3.1/../../../../arm-none-eabi/lib/thumb/v7e-m+fp/hard\libc_nano.a(lib_a-nano-vfprintf_i.o)
 .ARM.attributes
                0x0000000000000502       0x1c c:/st/stm32cubeide_1.7.0/stm32cubeide/plugins/com.st.stm32cube.ide.mcu.externaltools.gnu-tools-for-stm32.10.3-2021.10.win32_1.0.0.202111181127/tools/bin/../lib/gcc/arm-none-eabi/10.3.1/../../../../arm-none-eabi/lib/thumb/v7e-m+fp/hard\libc_nano.a(lib_a-memchr.o)
 .ARM.attributes
                0x000000000000051e       0x34 c:/st/stm32cubeide_1.7.0/stm32cubeide/plugins/com.st.stm32cube.ide.mcu.externaltools.gnu-tools-for-stm32.10.3-2021.10.win32_1.0.0.202111181127/tools/bin/../lib/gcc/arm-none-eabi/10.3.1/../../../../arm-none-eabi/lib/thumb/v7e-m+fp/hard\libc_nano.a(lib_a-memmove.o)
 .ARM.attributes
                0x0000000000000552       0x34 c:/st/stm32cubeide_1.7.0/stm32cubeide/plugins/com.st.stm32cube.ide.mcu.externaltools.gnu-tools-for-stm32.10.3-2021.10.win32_1.0.0.202111181127/tools/bin/../lib/gcc/arm-none-eabi/10.3.1/../../../../arm-none-eabi/lib/thumb/v7e-m+fp/hard\libc_nano.a(lib_a-nano-freer.o)
 .ARM.attributes
                0x0000000000000586       0x34 c:/st/stm32cubeide_1.7.0/stm32cubeide/plugins/com.st.stm32cube.ide.mcu.externaltools.gnu-tools-for-stm32.10.3-2021.10.win32_1.0.0.202111181127/tools/bin/../lib/gcc/arm-none-eabi/10.3.1/../../../../arm-none-eabi/lib/thumb/v7e-m+fp/hard\libc_nano.a(lib_a-nano-mallocr.o)
 .ARM.attributes
                0x00000000000005ba       0x34 c:/st/stm32cubeide_1.7.0/stm32cubeide/plugins/com.st.stm32cube.ide.mcu.externaltools.gnu-tools-for-stm32.10.3-2021.10.win32_1.0.0.202111181127/tools/bin/../lib/gcc/arm-none-eabi/10.3.1/../../../../arm-none-eabi/lib/thumb/v7e-m+fp/hard\libc_nano.a(lib_a-nano-reallocr.o)
 .ARM.attributes
                0x00000000000005ee       0x34 c:/st/stm32cubeide_1.7.0/stm32cubeide/plugins/com.st.stm32cube.ide.mcu.externaltools.gnu-tools-for-stm32.10.3-2021.10.win32_1.0.0.202111181127/tools/bin/../lib/gcc/arm-none-eabi/10.3.1/../../../../arm-none-eabi/lib/thumb/v7e-m+fp/hard\libc_nano.a(lib_a-sbrkr.o)
 .ARM.attributes
                0x0000000000000622       0x34 c:/st/stm32cubeide_1.7.0/stm32cubeide/plugins/com.st.stm32cube.ide.mcu.externaltools.gnu-tools-for-stm32.10.3-2021.10.win32_1.0.0.202111181127/tools/bin/../lib/gcc/arm-none-eabi/10.3.1/../../../../arm-none-eabi/lib/thumb/v7e-m+fp/hard\libc_nano.a(lib_a-mlock.o)
 .ARM.attributes
                0x0000000000000656       0x34 c:/st/stm32cubeide_1.7.0/stm32cubeide/plugins/com.st.stm32cube.ide.mcu.externaltools.gnu-tools-for-stm32.10.3-2021.10.win32_1.0.0.202111181127/tools/bin/../lib/gcc/arm-none-eabi/10.3.1/../../../../arm-none-eabi/lib/thumb/v7e-m+fp/hard\libc_nano.a(lib_a-nano-msizer.o)
 .ARM.attributes
                0x000000000000068a       0x34 c:/st/stm32cubeide_1.7.0/stm32cubeide/plugins/com.st.stm32cube.ide.mcu.externaltools.gnu-tools-for-stm32.10.3-2021.10.win32_1.0.0.202111181127/tools/bin/../lib/gcc/arm-none-eabi/10.3.1/../../../../arm-none-eabi/lib/thumb/v7e-m+fp/hard\libc_nano.a(lib_a-reent.o)
 .ARM.attributes
                0x00000000000006be       0x34 c:/st/stm32cubeide_1.7.0/stm32cubeide/plugins/com.st.stm32cube.ide.mcu.externaltools.gnu-tools-for-stm32.10.3-2021.10.win32_1.0.0.202111181127/tools/bin/../lib/gcc/arm-none-eabi/10.3.1/../../../../arm-none-eabi/lib/thumb/v7e-m+fp/hard\libc_nano.a(lib_a-lock.o)
 .ARM.attributes
                0x00000000000006f2       0x1e c:/st/stm32cubeide_1.7.0/stm32cubeide/plugins/com.st.stm32cube.ide.mcu.externaltools.gnu-tools-for-stm32.10.3-2021.10.win32_1.0.0.202111181127/tools/bin/../lib/gcc/arm-none-eabi/10.3.1/thumb/v7e-m+fp/hard\libgcc.a(_aeabi_uldivmod.o)
 .ARM.attributes
                0x0000000000000710       0x34 c:/st/stm32cubeide_1.7.0/stm32cubeide/plugins/com.st.stm32cube.ide.mcu.externaltools.gnu-tools-for-stm32.10.3-2021.10.win32_1.0.0.202111181127/tools/bin/../lib/gcc/arm-none-eabi/10.3.1/thumb/v7e-m+fp/hard\libgcc.a(_udivmoddi4.o)
 .ARM.attributes
                0x0000000000000744       0x1e c:/st/stm32cubeide_1.7.0/stm32cubeide/plugins/com.st.stm32cube.ide.mcu.externaltools.gnu-tools-for-stm32.10.3-2021.10.win32_1.0.0.202111181127/tools/bin/../lib/gcc/arm-none-eabi/10.3.1/thumb/v7e-m+fp/hard\libgcc.a(_dvmd_tls.o)
 .ARM.attributes
                0x0000000000000762       0x1e c:/st/stm32cubeide_1.7.0/stm32cubeide/plugins/com.st.stm32cube.ide.mcu.externaltools.gnu-tools-for-stm32.10.3-2021.10.win32_1.0.0.202111181127/tools/bin/../lib/gcc/arm-none-eabi/10.3.1/thumb/v7e-m+fp/hard/crtn.o
OUTPUT(rf_gateway_nrf.elf elf32-littlearm)
LOAD linker stubs
LOAD c:/st/stm32cubeide_1.7.0/stm32cubeide/plugins/com.st.stm32cube.ide.mcu.externaltools.gnu-tools-for-stm32.10.3-2021.10.win32_1.0.0.202111181127/tools/bin/../lib/gcc/arm-none-eabi/10.3.1/../../../../arm-none-eabi/lib/thumb/v7e-m+fp/hard\libc.a
LOAD c:/st/stm32cubeide_1.7.0/stm32cubeide/plugins/com.st.stm32cube.ide.mcu.externaltools.gnu-tools-for-stm32.10.3-2021.10.win32_1.0.0.202111181127/tools/bin/../lib/gcc/arm-none-eabi/10.3.1/../../../../arm-none-eabi/lib/thumb/v7e-m+fp/hard\libm.a
LOAD c:/st/stm32cubeide_1.7.0/stm32cubeide/plugins/com.st.stm32cube.ide.mcu.externaltools.gnu-tools-for-stm32.10.3-2021.10.win32_1.0.0.202111181127/tools/bin/../lib/gcc/arm-none-eabi/10.3.1/thumb/v7e-m+fp/hard\libgcc.a

.debug_info     0x0000000000000000     0xd0bd
 .debug_info    0x0000000000000000     0x1806 ./Core/Src/MY_NRF24.o
 .debug_info    0x0000000000001806     0x1310 ./Core/Src/main.o
 .debug_info    0x0000000000002b16      0xfb9 ./Core/Src/stm32f4xx_hal_msp.o
 .debug_info    0x0000000000003acf      0x93d ./Core/Src/stm32f4xx_it.o
 .debug_info    0x000000000000440c      0x171 ./Core/Src/sysmem.o
 .debug_info    0x000000000000457d      0x55b ./Core/Src/system_stm32f4xx.o
 .debug_info    0x0000000000004ad8       0x22 ./Core/Startup/startup_stm32f446retx.o
 .debug_info    0x0000000000004afa      0x9d2 ./Drivers/STM32F4xx_HAL_Driver/Src/stm32f4xx_hal.o
 .debug_info    0x00000000000054cc      0xe39 ./Drivers/STM32F4xx_HAL_Driver/Src/stm32f4xx_hal_cortex.o
 .debug_info    0x0000000000006305      0x94f ./Drivers/STM32F4xx_HAL_Driver/Src/stm32f4xx_hal_dma.o
 .debug_info    0x0000000000006c54      0x7be ./Drivers/STM32F4xx_HAL_Driver/Src/stm32f4xx_hal_gpio.o
 .debug_info    0x0000000000007412      0x9ab ./Drivers/STM32F4xx_HAL_Driver/Src/stm32f4xx_hal_rcc.o
 .debug_info    0x0000000000007dbd      0x9ec ./Drivers/STM32F4xx_HAL_Driver/Src/stm32f4xx_hal_rcc_ex.o
 .debug_info    0x00000000000087a9     0x1758 ./Drivers/STM32F4xx_HAL_Driver/Src/stm32f4xx_hal_spi.o
 .debug_info    0x0000000000009f01     0x31bc ./Drivers/STM32F4xx_HAL_Driver/Src/stm32f4xx_hal_uart.o

.debug_abbrev   0x0000000000000000     0x1ed6
 .debug_abbrev  0x0000000000000000      0x36b ./Core/Src/MY_NRF24.o
 .debug_abbrev  0x000000000000036b      0x30f ./Core/Src/main.o
 .debug_abbrev  0x000000000000067a      0x1b9 ./Core/Src/stm32f4xx_hal_msp.o
 .debug_abbrev  0x0000000000000833      0x177 ./Core/Src/stm32f4xx_it.o
 .debug_abbrev  0x00000000000009aa       0xbb ./Core/Src/sysmem.o
 .debug_abbrev  0x0000000000000a65      0x116 ./Core/Src/system_stm32f4xx.o
 .debug_abbrev  0x0000000000000b7b       0x12 ./Core/Startup/startup_stm32f446retx.o
 .debug_abbrev  0x0000000000000b8d      0x20d ./Drivers/STM32F4xx_HAL_Driver/Src/stm32f4xx_hal.o
 .debug_abbrev  0x0000000000000d9a      0x316 ./Drivers/STM32F4xx_HAL_Driver/Src/stm32f4xx_hal_cortex.o
 .debug_abbrev  0x00000000000010b0      0x25b ./Drivers/STM32F4xx_HAL_Driver/Src/stm32f4xx_hal_dma.o
 .debug_abbrev  0x000000000000130b      0x1c4 ./Drivers/STM32F4xx_HAL_Driver/Src/stm32f4xx_hal_gpio.o
 .debug_abbrev  0x00000000000014cf      0x2aa ./Drivers/STM32F4xx_HAL_Driver/Src/stm32f4xx_hal_rcc.o
 .debug_abbrev  0x0000000000001779      0x1fb ./Drivers/STM32F4xx_HAL_Driver/Src/stm32f4xx_hal_rcc_ex.o
 .debug_abbrev  0x0000000000001974      0x26e ./Drivers/STM32F4xx_HAL_Driver/Src/stm32f4xx_hal_spi.o
 .debug_abbrev  0x0000000000001be2      0x2f4 ./Drivers/STM32F4xx_HAL_Driver/Src/stm32f4xx_hal_uart.o

.debug_aranges  0x0000000000000000      0xb30
 .debug_aranges
                0x0000000000000000      0x1d8 ./Core/Src/MY_NRF24.o
 .debug_aranges
                0x00000000000001d8       0x70 ./Core/Src/main.o
 .debug_aranges
                0x0000000000000248       0x40 ./Core/Src/stm32f4xx_hal_msp.o
 .debug_aranges
                0x0000000000000288       0x78 ./Core/Src/stm32f4xx_it.o
 .debug_aranges
                0x0000000000000300       0x20 ./Core/Src/sysmem.o
 .debug_aranges
                0x0000000000000320       0x28 ./Core/Src/system_stm32f4xx.o
 .debug_aranges
                0x0000000000000348       0x28 ./Core/Startup/startup_stm32f446retx.o
 .debug_aranges
                0x0000000000000370       0xf0 ./Drivers/STM32F4xx_HAL_Driver/Src/stm32f4xx_hal.o
 .debug_aranges
                0x0000000000000460      0x118 ./Drivers/STM32F4xx_HAL_Driver/Src/stm32f4xx_hal_cortex.o
 .debug_aranges
                0x0000000000000578       0x90 ./Drivers/STM32F4xx_HAL_Driver/Src/stm32f4xx_hal_dma.o
 .debug_aranges
                0x0000000000000608       0x58 ./Drivers/STM32F4xx_HAL_Driver/Src/stm32f4xx_hal_gpio.o
 .debug_aranges
                0x0000000000000660       0x88 ./Drivers/STM32F4xx_HAL_Driver/Src/stm32f4xx_hal_rcc.o
 .debug_aranges
                0x00000000000006e8       0x78 ./Drivers/STM32F4xx_HAL_Driver/Src/stm32f4xx_hal_rcc_ex.o
 .debug_aranges
                0x0000000000000760      0x1d0 ./Drivers/STM32F4xx_HAL_Driver/Src/stm32f4xx_hal_spi.o
 .debug_aranges
                0x0000000000000930      0x200 ./Drivers/STM32F4xx_HAL_Driver/Src/stm32f4xx_hal_uart.o

.debug_ranges   0x0000000000000000      0xa78
 .debug_ranges  0x0000000000000000      0x1c8 ./Core/Src/MY_NRF24.o
 .debug_ranges  0x00000000000001c8       0x60 ./Core/Src/main.o
 .debug_ranges  0x0000000000000228       0x30 ./Core/Src/stm32f4xx_hal_msp.o
 .debug_ranges  0x0000000000000258       0x68 ./Core/Src/stm32f4xx_it.o
 .debug_ranges  0x00000000000002c0       0x10 ./Core/Src/sysmem.o
 .debug_ranges  0x00000000000002d0       0x18 ./Core/Src/system_stm32f4xx.o
 .debug_ranges  0x00000000000002e8       0x20 ./Core/Startup/startup_stm32f446retx.o
 .debug_ranges  0x0000000000000308       0xe0 ./Drivers/STM32F4xx_HAL_Driver/Src/stm32f4xx_hal.o
 .debug_ranges  0x00000000000003e8      0x108 ./Drivers/STM32F4xx_HAL_Driver/Src/stm32f4xx_hal_cortex.o
 .debug_ranges  0x00000000000004f0       0x80 ./Drivers/STM32F4xx_HAL_Driver/Src/stm32f4xx_hal_dma.o
 .debug_ranges  0x0000000000000570       0x48 ./Drivers/STM32F4xx_HAL_Driver/Src/stm32f4xx_hal_gpio.o
 .debug_ranges  0x00000000000005b8       0x78 ./Drivers/STM32F4xx_HAL_Driver/Src/stm32f4xx_hal_rcc.o
 .debug_ranges  0x0000000000000630       0x68 ./Drivers/STM32F4xx_HAL_Driver/Src/stm32f4xx_hal_rcc_ex.o
 .debug_ranges  0x0000000000000698      0x1c0 ./Drivers/STM32F4xx_HAL_Driver/Src/stm32f4xx_hal_spi.o
 .debug_ranges  0x0000000000000858      0x220 ./Drivers/STM32F4xx_HAL_Driver/Src/stm32f4xx_hal_uart.o

.debug_macro    0x0000000000000000    0x21d4d
 .debug_macro   0x0000000000000000      0x2e8 ./Core/Src/MY_NRF24.o
 .debug_macro   0x00000000000002e8      0xa78 ./Core/Src/MY_NRF24.o
 .debug_macro   0x0000000000000d60      0x29b ./Core/Src/MY_NRF24.o
 .debug_macro   0x0000000000000ffb       0x2e ./Core/Src/MY_NRF24.o
 .debug_macro   0x0000000000001029       0x28 ./Core/Src/MY_NRF24.o
 .debug_macro   0x0000000000001051       0x22 ./Core/Src/MY_NRF24.o
 .debug_macro   0x0000000000001073       0x8e ./Core/Src/MY_NRF24.o
 .debug_macro   0x0000000000001101       0x51 ./Core/Src/MY_NRF24.o
 .debug_macro   0x0000000000001152      0x103 ./Core/Src/MY_NRF24.o
 .debug_macro   0x0000000000001255       0x6a ./Core/Src/MY_NRF24.o
 .debug_macro   0x00000000000012bf      0x1df ./Core/Src/MY_NRF24.o
 .debug_macro   0x000000000000149e       0x1c ./Core/Src/MY_NRF24.o
 .debug_macro   0x00000000000014ba       0x22 ./Core/Src/MY_NRF24.o
 .debug_macro   0x00000000000014dc       0xd9 ./Core/Src/MY_NRF24.o
 .debug_macro   0x00000000000015b5     0x102d ./Core/Src/MY_NRF24.o
 .debug_macro   0x00000000000025e2      0x11f ./Core/Src/MY_NRF24.o
 .debug_macro   0x0000000000002701    0x16749 ./Core/Src/MY_NRF24.o
 .debug_macro   0x0000000000018e4a       0x6d ./Core/Src/MY_NRF24.o
 .debug_macro   0x0000000000018eb7     0x367e ./Core/Src/MY_NRF24.o
 .debug_macro   0x000000000001c535      0x174 ./Core/Src/MY_NRF24.o
 .debug_macro   0x000000000001c6a9       0x5c ./Core/Src/MY_NRF24.o
 .debug_macro   0x000000000001c705      0xc90 ./Core/Src/MY_NRF24.o
 .debug_macro   0x000000000001d395      0x9fe ./Core/Src/MY_NRF24.o
 .debug_macro   0x000000000001dd93      0x115 ./Core/Src/MY_NRF24.o
 .debug_macro   0x000000000001dea8      0x1a0 ./Core/Src/MY_NRF24.o
 .debug_macro   0x000000000001e048       0xa5 ./Core/Src/MY_NRF24.o
 .debug_macro   0x000000000001e0ed      0x16d ./Core/Src/MY_NRF24.o
 .debug_macro   0x000000000001e25a      0x287 ./Core/Src/MY_NRF24.o
 .debug_macro   0x000000000001e4e1       0x5f ./Core/Src/MY_NRF24.o
 .debug_macro   0x000000000001e540      0x236 ./Core/Src/MY_NRF24.o
 .debug_macro   0x000000000001e776      0x132 ./Core/Src/MY_NRF24.o
 .debug_macro   0x000000000001e8a8      0x29c ./Core/Src/MY_NRF24.o
 .debug_macro   0x000000000001eb44       0x2e ./Core/Src/MY_NRF24.o
 .debug_macro   0x000000000001eb72      0x11a ./Core/Src/MY_NRF24.o
 .debug_macro   0x000000000001ec8c       0xe8 ./Core/Src/MY_NRF24.o
 .debug_macro   0x000000000001ed74       0x89 ./Core/Src/MY_NRF24.o
 .debug_macro   0x000000000001edfd      0x225 ./Core/Src/MY_NRF24.o
 .debug_macro   0x000000000001f022      0x295 ./Core/Src/MY_NRF24.o
 .debug_macro   0x000000000001f2b7      0x126 ./Core/Src/MY_NRF24.o
 .debug_macro   0x000000000001f3dd      0x226 ./Core/Src/MY_NRF24.o
 .debug_macro   0x000000000001f603       0x1e ./Core/Src/MY_NRF24.o
 .debug_macro   0x000000000001f621       0x52 ./Core/Src/MY_NRF24.o
 .debug_macro   0x000000000001f673       0x3c ./Core/Src/MY_NRF24.o
 .debug_macro   0x000000000001f6af       0x34 ./Core/Src/MY_NRF24.o
 .debug_macro   0x000000000001f6e3       0x16 ./Core/Src/MY_NRF24.o
 .debug_macro   0x000000000001f6f9       0x35 ./Core/Src/MY_NRF24.o
 .debug_macro   0x000000000001f72e       0x16 ./Core/Src/MY_NRF24.o
 .debug_macro   0x000000000001f744       0x43 ./Core/Src/MY_NRF24.o
 .debug_macro   0x000000000001f787       0x34 ./Core/Src/MY_NRF24.o
 .debug_macro   0x000000000001f7bb       0x10 ./Core/Src/MY_NRF24.o
 .debug_macro   0x000000000001f7cb       0x58 ./Core/Src/MY_NRF24.o
 .debug_macro   0x000000000001f823       0x71 ./Core/Src/MY_NRF24.o
 .debug_macro   0x000000000001f894       0x1c ./Core/Src/MY_NRF24.o
 .debug_macro   0x000000000001f8b0      0x12a ./Core/Src/MY_NRF24.o
 .debug_macro   0x000000000001f9da      0x341 ./Core/Src/MY_NRF24.o
 .debug_macro   0x000000000001fd1b       0x16 ./Core/Src/MY_NRF24.o
 .debug_macro   0x000000000001fd31       0x29 ./Core/Src/MY_NRF24.o
 .debug_macro   0x000000000001fd5a       0x22 ./Core/Src/MY_NRF24.o
 .debug_macro   0x000000000001fd7c       0x16 ./Core/Src/MY_NRF24.o
 .debug_macro   0x000000000001fd92       0x20 ./Core/Src/MY_NRF24.o
 .debug_macro   0x000000000001fdb2      0x3b2 ./Core/Src/main.o
 .debug_macro   0x0000000000020164       0xc4 ./Core/Src/main.o
 .debug_macro   0x0000000000020228       0x1c ./Core/Src/main.o
 .debug_macro   0x0000000000020244       0x10 ./Core/Src/main.o
 .debug_macro   0x0000000000020254       0x10 ./Core/Src/main.o
 .debug_macro   0x0000000000020264       0x1c ./Core/Src/main.o
 .debug_macro   0x0000000000020280       0x52 ./Core/Src/main.o
 .debug_macro   0x00000000000202d2       0x22 ./Core/Src/main.o
 .debug_macro   0x00000000000202f4       0x10 ./Core/Src/main.o
 .debug_macro   0x0000000000020304       0x52 ./Core/Src/main.o
 .debug_macro   0x0000000000020356       0xd5 ./Core/Src/main.o
 .debug_macro   0x000000000002042b       0x1c ./Core/Src/main.o
 .debug_macro   0x0000000000020447       0x3d ./Core/Src/main.o
 .debug_macro   0x0000000000020484       0x16 ./Core/Src/main.o
 .debug_macro   0x000000000002049a      0x145 ./Core/Src/main.o
 .debug_macro   0x00000000000205df      0x1d3 ./Core/Src/stm32f4xx_hal_msp.o
 .debug_macro   0x00000000000207b2      0x1dd ./Core/Src/stm32f4xx_it.o
 .debug_macro   0x000000000002098f       0xff ./Core/Src/sysmem.o
 .debug_macro   0x0000000000020a8e      0x23b ./Core/Src/sysmem.o
 .debug_macro   0x0000000000020cc9      0x1c4 ./Core/Src/system_stm32f4xx.o
 .debug_macro   0x0000000000020e8d      0x224 ./Drivers/STM32F4xx_HAL_Driver/Src/stm32f4xx_hal.o
 .debug_macro   0x00000000000210b1      0x1c4 ./Drivers/STM32F4xx_HAL_Driver/Src/stm32f4xx_hal_cortex.o
 .debug_macro   0x0000000000021275      0x1ca ./Drivers/STM32F4xx_HAL_Driver/Src/stm32f4xx_hal_dma.o
 .debug_macro   0x000000000002143f      0x1ca ./Drivers/STM32F4xx_HAL_Driver/Src/stm32f4xx_hal_gpio.o
 .debug_macro   0x0000000000021609      0x1e8 ./Drivers/STM32F4xx_HAL_Driver/Src/stm32f4xx_hal_rcc.o
 .debug_macro   0x00000000000217f1      0x1c4 ./Drivers/STM32F4xx_HAL_Driver/Src/stm32f4xx_hal_rcc_ex.o
 .debug_macro   0x00000000000219b5      0x1d3 ./Drivers/STM32F4xx_HAL_Driver/Src/stm32f4xx_hal_spi.o
 .debug_macro   0x0000000000021b88      0x1c5 ./Drivers/STM32F4xx_HAL_Driver/Src/stm32f4xx_hal_uart.o

.debug_line     0x0000000000000000     0xd15f
 .debug_line    0x0000000000000000     0x134e ./Core/Src/MY_NRF24.o
 .debug_line    0x000000000000134e      0xbf3 ./Core/Src/main.o
 .debug_line    0x0000000000001f41      0x785 ./Core/Src/stm32f4xx_hal_msp.o
 .debug_line    0x00000000000026c6      0x7a8 ./Core/Src/stm32f4xx_it.o
 .debug_line    0x0000000000002e6e      0x4e5 ./Core/Src/sysmem.o
 .debug_line    0x0000000000003353      0x71f ./Core/Src/system_stm32f4xx.o
 .debug_line    0x0000000000003a72       0x88 ./Core/Startup/startup_stm32f446retx.o
 .debug_line    0x0000000000003afa      0x985 ./Drivers/STM32F4xx_HAL_Driver/Src/stm32f4xx_hal.o
 .debug_line    0x000000000000447f      0xc34 ./Drivers/STM32F4xx_HAL_Driver/Src/stm32f4xx_hal_cortex.o
 .debug_line    0x00000000000050b3      0xee9 ./Drivers/STM32F4xx_HAL_Driver/Src/stm32f4xx_hal_dma.o
 .debug_line    0x0000000000005f9c      0xae5 ./Drivers/STM32F4xx_HAL_Driver/Src/stm32f4xx_hal_gpio.o
 .debug_line    0x0000000000006a81      0xd0d ./Drivers/STM32F4xx_HAL_Driver/Src/stm32f4xx_hal_rcc.o
 .debug_line    0x000000000000778e     0x1398 ./Drivers/STM32F4xx_HAL_Driver/Src/stm32f4xx_hal_rcc_ex.o
 .debug_line    0x0000000000008b26     0x1c0f ./Drivers/STM32F4xx_HAL_Driver/Src/stm32f4xx_hal_spi.o
 .debug_line    0x000000000000a735     0x2a2a ./Drivers/STM32F4xx_HAL_Driver/Src/stm32f4xx_hal_uart.o

.debug_str      0x0000000000000000    0xcb482
 .debug_str     0x0000000000000000    0xc73a4 ./Core/Src/MY_NRF24.o
                                      0xc7739 (size before relaxing)
 .debug_str     0x00000000000c73a4     0x169c ./Core/Src/main.o
                                      0xc8739 (size before relaxing)
 .debug_str     0x00000000000c8a40      0x5e7 ./Core/Src/stm32f4xx_hal_msp.o
                                      0xc4404 (size before relaxing)
 .debug_str     0x00000000000c9027      0x123 ./Core/Src/stm32f4xx_it.o
                                      0xc3d7e (size before relaxing)
 .debug_str     0x00000000000c914a      0x4da ./Core/Src/sysmem.o
                                       0x5d9a (size before relaxing)
 .debug_str     0x00000000000c9624       0xcb ./Core/Src/system_stm32f4xx.o
                                      0xc35be (size before relaxing)
 .debug_str     0x00000000000c96ef       0x36 ./Core/Startup/startup_stm32f446retx.o
                                         0x5c (size before relaxing)
 .debug_str     0x00000000000c9725      0x5da ./Drivers/STM32F4xx_HAL_Driver/Src/stm32f4xx_hal.o
                                      0xc4183 (size before relaxing)
 .debug_str     0x00000000000c9cff      0x32d ./Drivers/STM32F4xx_HAL_Driver/Src/stm32f4xx_hal_cortex.o
                                      0xc3e91 (size before relaxing)
 .debug_str     0x00000000000ca02c      0x31a ./Drivers/STM32F4xx_HAL_Driver/Src/stm32f4xx_hal_dma.o
                                      0xc39b3 (size before relaxing)
 .debug_str     0x00000000000ca346      0x121 ./Drivers/STM32F4xx_HAL_Driver/Src/stm32f4xx_hal_gpio.o
                                      0xc3739 (size before relaxing)
 .debug_str     0x00000000000ca467      0x228 ./Drivers/STM32F4xx_HAL_Driver/Src/stm32f4xx_hal_rcc.o
                                      0xc39f7 (size before relaxing)
 .debug_str     0x00000000000ca68f      0x324 ./Drivers/STM32F4xx_HAL_Driver/Src/stm32f4xx_hal_rcc_ex.o
                                      0xc3a2a (size before relaxing)
 .debug_str     0x00000000000ca9b3      0x534 ./Drivers/STM32F4xx_HAL_Driver/Src/stm32f4xx_hal_spi.o
                                      0xc3e5d (size before relaxing)
 .debug_str     0x00000000000caee7      0x59b ./Drivers/STM32F4xx_HAL_Driver/Src/stm32f4xx_hal_uart.o
                                      0xc3f6c (size before relaxing)

.comment        0x0000000000000000       0x50
 .comment       0x0000000000000000       0x50 ./Core/Src/MY_NRF24.o
                                         0x51 (size before relaxing)
 .comment       0x0000000000000050       0x51 ./Core/Src/main.o
 .comment       0x0000000000000050       0x51 ./Core/Src/stm32f4xx_hal_msp.o
 .comment       0x0000000000000050       0x51 ./Core/Src/stm32f4xx_it.o
 .comment       0x0000000000000050       0x51 ./Core/Src/sysmem.o
 .comment       0x0000000000000050       0x51 ./Core/Src/system_stm32f4xx.o
 .comment       0x0000000000000050       0x51 ./Drivers/STM32F4xx_HAL_Driver/Src/stm32f4xx_hal.o
 .comment       0x0000000000000050       0x51 ./Drivers/STM32F4xx_HAL_Driver/Src/stm32f4xx_hal_cortex.o
 .comment       0x0000000000000050       0x51 ./Drivers/STM32F4xx_HAL_Driver/Src/stm32f4xx_hal_dma.o
 .comment       0x0000000000000050       0x51 ./Drivers/STM32F4xx_HAL_Driver/Src/stm32f4xx_hal_gpio.o
 .comment       0x0000000000000050       0x51 ./Drivers/STM32F4xx_HAL_Driver/Src/stm32f4xx_hal_rcc.o
 .comment       0x0000000000000050       0x51 ./Drivers/STM32F4xx_HAL_Driver/Src/stm32f4xx_hal_rcc_ex.o
 .comment       0x0000000000000050       0x51 ./Drivers/STM32F4xx_HAL_Driver/Src/stm32f4xx_hal_spi.o
 .comment       0x0000000000000050       0x51 ./Drivers/STM32F4xx_HAL_Driver/Src/stm32f4xx_hal_uart.o

.debug_frame    0x0000000000000000     0x3160
 .debug_frame   0x0000000000000000      0x7a8 ./Core/Src/MY_NRF24.o
 .debug_frame   0x00000000000007a8      0x17c ./Core/Src/main.o
 .debug_frame   0x0000000000000924       0xc4 ./Core/Src/stm32f4xx_hal_msp.o
 .debug_frame   0x00000000000009e8      0x158 ./Core/Src/stm32f4xx_it.o
 .debug_frame   0x0000000000000b40       0x34 ./Core/Src/sysmem.o
 .debug_frame   0x0000000000000b74       0x58 ./Core/Src/system_stm32f4xx.o
 .debug_frame   0x0000000000000bcc      0x374 ./Drivers/STM32F4xx_HAL_Driver/Src/stm32f4xx_hal.o
 .debug_frame   0x0000000000000f40      0x498 ./Drivers/STM32F4xx_HAL_Driver/Src/stm32f4xx_hal_cortex.o
 .debug_frame   0x00000000000013d8      0x250 ./Drivers/STM32F4xx_HAL_Driver/Src/stm32f4xx_hal_dma.o
 .debug_frame   0x0000000000001628      0x14c ./Drivers/STM32F4xx_HAL_Driver/Src/stm32f4xx_hal_gpio.o
 .debug_frame   0x0000000000001774      0x1f4 ./Drivers/STM32F4xx_HAL_Driver/Src/stm32f4xx_hal_rcc.o
 .debug_frame   0x0000000000001968      0x1e8 ./Drivers/STM32F4xx_HAL_Driver/Src/stm32f4xx_hal_rcc_ex.o
 .debug_frame   0x0000000000001b50      0x824 ./Drivers/STM32F4xx_HAL_Driver/Src/stm32f4xx_hal_spi.o
 .debug_frame   0x0000000000002374      0x92c ./Drivers/STM32F4xx_HAL_Driver/Src/stm32f4xx_hal_uart.o
 .debug_frame   0x0000000000002ca0       0x20 c:/st/stm32cubeide_1.7.0/stm32cubeide/plugins/com.st.stm32cube.ide.mcu.externaltools.gnu-tools-for-stm32.10.3-2021.10.win32_1.0.0.202111181127/tools/bin/../lib/gcc/arm-none-eabi/10.3.1/../../../../arm-none-eabi/lib/thumb/v7e-m+fp/hard\libc_nano.a(lib_a-errno.o)
 .debug_frame   0x0000000000002cc0       0x2c c:/st/stm32cubeide_1.7.0/stm32cubeide/plugins/com.st.stm32cube.ide.mcu.externaltools.gnu-tools-for-stm32.10.3-2021.10.win32_1.0.0.202111181127/tools/bin/../lib/gcc/arm-none-eabi/10.3.1/../../../../arm-none-eabi/lib/thumb/v7e-m+fp/hard\libc_nano.a(lib_a-init.o)
 .debug_frame   0x0000000000002cec       0x28 c:/st/stm32cubeide_1.7.0/stm32cubeide/plugins/com.st.stm32cube.ide.mcu.externaltools.gnu-tools-for-stm32.10.3-2021.10.win32_1.0.0.202111181127/tools/bin/../lib/gcc/arm-none-eabi/10.3.1/../../../../arm-none-eabi/lib/thumb/v7e-m+fp/hard\libc_nano.a(lib_a-memcpy-stub.o)
 .debug_frame   0x0000000000002d14       0x20 c:/st/stm32cubeide_1.7.0/stm32cubeide/plugins/com.st.stm32cube.ide.mcu.externaltools.gnu-tools-for-stm32.10.3-2021.10.win32_1.0.0.202111181127/tools/bin/../lib/gcc/arm-none-eabi/10.3.1/../../../../arm-none-eabi/lib/thumb/v7e-m+fp/hard\libc_nano.a(lib_a-memset.o)
 .debug_frame   0x0000000000002d34       0x6c c:/st/stm32cubeide_1.7.0/stm32cubeide/plugins/com.st.stm32cube.ide.mcu.externaltools.gnu-tools-for-stm32.10.3-2021.10.win32_1.0.0.202111181127/tools/bin/../lib/gcc/arm-none-eabi/10.3.1/../../../../arm-none-eabi/lib/thumb/v7e-m+fp/hard\libc_nano.a(lib_a-sprintf.o)
 .debug_frame   0x0000000000002da0       0x90 c:/st/stm32cubeide_1.7.0/stm32cubeide/plugins/com.st.stm32cube.ide.mcu.externaltools.gnu-tools-for-stm32.10.3-2021.10.win32_1.0.0.202111181127/tools/bin/../lib/gcc/arm-none-eabi/10.3.1/../../../../arm-none-eabi/lib/thumb/v7e-m+fp/hard\libc_nano.a(lib_a-nano-svfprintf.o)
 .debug_frame   0x0000000000002e30       0x60 c:/st/stm32cubeide_1.7.0/stm32cubeide/plugins/com.st.stm32cube.ide.mcu.externaltools.gnu-tools-for-stm32.10.3-2021.10.win32_1.0.0.202111181127/tools/bin/../lib/gcc/arm-none-eabi/10.3.1/../../../../arm-none-eabi/lib/thumb/v7e-m+fp/hard\libc_nano.a(lib_a-nano-vfprintf_i.o)
 .debug_frame   0x0000000000002e90       0x28 c:/st/stm32cubeide_1.7.0/stm32cubeide/plugins/com.st.stm32cube.ide.mcu.externaltools.gnu-tools-for-stm32.10.3-2021.10.win32_1.0.0.202111181127/tools/bin/../lib/gcc/arm-none-eabi/10.3.1/../../../../arm-none-eabi/lib/thumb/v7e-m+fp/hard\libc_nano.a(lib_a-memmove.o)
 .debug_frame   0x0000000000002eb8       0x38 c:/st/stm32cubeide_1.7.0/stm32cubeide/plugins/com.st.stm32cube.ide.mcu.externaltools.gnu-tools-for-stm32.10.3-2021.10.win32_1.0.0.202111181127/tools/bin/../lib/gcc/arm-none-eabi/10.3.1/../../../../arm-none-eabi/lib/thumb/v7e-m+fp/hard\libc_nano.a(lib_a-nano-freer.o)
 .debug_frame   0x0000000000002ef0       0x4c c:/st/stm32cubeide_1.7.0/stm32cubeide/plugins/com.st.stm32cube.ide.mcu.externaltools.gnu-tools-for-stm32.10.3-2021.10.win32_1.0.0.202111181127/tools/bin/../lib/gcc/arm-none-eabi/10.3.1/../../../../arm-none-eabi/lib/thumb/v7e-m+fp/hard\libc_nano.a(lib_a-nano-mallocr.o)
 .debug_frame   0x0000000000002f3c       0x3c c:/st/stm32cubeide_1.7.0/stm32cubeide/plugins/com.st.stm32cube.ide.mcu.externaltools.gnu-tools-for-stm32.10.3-2021.10.win32_1.0.0.202111181127/tools/bin/../lib/gcc/arm-none-eabi/10.3.1/../../../../arm-none-eabi/lib/thumb/v7e-m+fp/hard\libc_nano.a(lib_a-nano-reallocr.o)
 .debug_frame   0x0000000000002f78       0x2c c:/st/stm32cubeide_1.7.0/stm32cubeide/plugins/com.st.stm32cube.ide.mcu.externaltools.gnu-tools-for-stm32.10.3-2021.10.win32_1.0.0.202111181127/tools/bin/../lib/gcc/arm-none-eabi/10.3.1/../../../../arm-none-eabi/lib/thumb/v7e-m+fp/hard\libc_nano.a(lib_a-sbrkr.o)
 .debug_frame   0x0000000000002fa4       0x30 c:/st/stm32cubeide_1.7.0/stm32cubeide/plugins/com.st.stm32cube.ide.mcu.externaltools.gnu-tools-for-stm32.10.3-2021.10.win32_1.0.0.202111181127/tools/bin/../lib/gcc/arm-none-eabi/10.3.1/../../../../arm-none-eabi/lib/thumb/v7e-m+fp/hard\libc_nano.a(lib_a-mlock.o)
 .debug_frame   0x0000000000002fd4       0x20 c:/st/stm32cubeide_1.7.0/stm32cubeide/plugins/com.st.stm32cube.ide.mcu.externaltools.gnu-tools-for-stm32.10.3-2021.10.win32_1.0.0.202111181127/tools/bin/../lib/gcc/arm-none-eabi/10.3.1/../../../../arm-none-eabi/lib/thumb/v7e-m+fp/hard\libc_nano.a(lib_a-nano-msizer.o)
 .debug_frame   0x0000000000002ff4       0x5c c:/st/stm32cubeide_1.7.0/stm32cubeide/plugins/com.st.stm32cube.ide.mcu.externaltools.gnu-tools-for-stm32.10.3-2021.10.win32_1.0.0.202111181127/tools/bin/../lib/gcc/arm-none-eabi/10.3.1/../../../../arm-none-eabi/lib/thumb/v7e-m+fp/hard\libc_nano.a(lib_a-reent.o)
 .debug_frame   0x0000000000003050       0xb0 c:/st/stm32cubeide_1.7.0/stm32cubeide/plugins/com.st.stm32cube.ide.mcu.externaltools.gnu-tools-for-stm32.10.3-2021.10.win32_1.0.0.202111181127/tools/bin/../lib/gcc/arm-none-eabi/10.3.1/../../../../arm-none-eabi/lib/thumb/v7e-m+fp/hard\libc_nano.a(lib_a-lock.o)
 .debug_frame   0x0000000000003100       0x2c c:/st/stm32cubeide_1.7.0/stm32cubeide/plugins/com.st.stm32cube.ide.mcu.externaltools.gnu-tools-for-stm32.10.3-2021.10.win32_1.0.0.202111181127/tools/bin/../lib/gcc/arm-none-eabi/10.3.1/thumb/v7e-m+fp/hard\libgcc.a(_aeabi_uldivmod.o)
 .debug_frame   0x000000000000312c       0x34 c:/st/stm32cubeide_1.7.0/stm32cubeide/plugins/com.st.stm32cube.ide.mcu.externaltools.gnu-tools-for-stm32.10.3-2021.10.win32_1.0.0.202111181127/tools/bin/../lib/gcc/arm-none-eabi/10.3.1/thumb/v7e-m+fp/hard\libgcc.a(_udivmoddi4.o)
