../Core/Src/main.c:84:5:main	112	static
../Core/Src/main.c:181:6:SystemClock_Config	88	static
../Core/Src/main.c:229:13:MX_SPI1_Init	8	static
../Core/Src/main.c:267:13:MX_UART4_Init	8	static
../Core/Src/main.c:300:13:MX_USART2_UART_Init	8	static
../Core/Src/main.c:333:13:MX_GPIO_Init	48	static
../Core/Src/main.c:394:6:serialWrite	16	static
../Core/Src/main.c:399:6:serialProcessRxData	16	static
../Core/Src/main.c:415:6:HAL_UART_RxCpltCallback	16	static
../Core/Src/main.c:429:6:clearString	24	static
../Core/Src/main.c:439:6:Error_Handler	8	static,ignoring_inline_asm
