../Core/Src/main.c:80:5:main	128	static
../Core/Src/main.c:175:6:SystemClock_Config	96	static
../Core/Src/main.c:216:13:MX_SPI1_Init	8	static
../Core/Src/main.c:256:13:MX_USART2_UART_Init	8	static
../Core/Src/main.c:304:13:MX_GPIO_Init	48	static
../Core/Src/main.c:326:6:serialWrite	16	static
../Core/Src/main.c:331:6:serialProcessRxData	16	static
../Core/Src/main.c:347:6:HAL_UART_RxCpltCallback	16	static
../Core/Src/main.c:361:6:clearString	24	static
../Core/Src/main.c:371:6:Error_Handler	8	static,ignoring_inline_asm
