../Core/Src/main.c:79:5:main	128	static
../Core/Src/main.c:171:6:SystemClock_Config	96	static
../Core/Src/main.c:212:13:MX_SPI1_Init	8	static
../Core/Src/main.c:252:13:MX_USART2_UART_Init	8	static
../Core/Src/main.c:300:13:MX_GPIO_Init	48	static
../Core/Src/main.c:322:6:serialWrite	16	static
../Core/Src/main.c:327:6:serialProcessRxData	16	static
../Core/Src/main.c:343:6:HAL_UART_RxCpltCallback	16	static
../Core/Src/main.c:357:6:clearString	24	static
../Core/Src/main.c:367:6:Error_Handler	8	static,ignoring_inline_asm
