Archive member included to satisfy reference by file (symbol)

/home/eonz/st/stm32cubeide_1.9.0/plugins/com.st.stm32cube.ide.mcu.externaltools.gnu-tools-for-stm32.10.3-2021.10.linux64_1.0.0.202111181127/tools/bin/../lib/gcc/arm-none-eabi/10.3.1/../../../../arm-none-eabi/lib/thumb/v6-m/nofp/libc_nano.a(lib_a-errno.o)
                              ./Core/Src/syscalls.o (__errno)
/home/eonz/st/stm32cubeide_1.9.0/plugins/com.st.stm32cube.ide.mcu.externaltools.gnu-tools-for-stm32.10.3-2021.10.linux64_1.0.0.202111181127/tools/bin/../lib/gcc/arm-none-eabi/10.3.1/../../../../arm-none-eabi/lib/thumb/v6-m/nofp/libc_nano.a(lib_a-exit.o)
                              /home/eonz/st/stm32cubeide_1.9.0/plugins/com.st.stm32cube.ide.mcu.externaltools.gnu-tools-for-stm32.10.3-2021.10.linux64_1.0.0.202111181127/tools/bin/../lib/gcc/arm-none-eabi/10.3.1/../../../../arm-none-eabi/lib/thumb/v6-m/nofp/crt0.o (exit)
/home/eonz/st/stm32cubeide_1.9.0/plugins/com.st.stm32cube.ide.mcu.externaltools.gnu-tools-for-stm32.10.3-2021.10.linux64_1.0.0.202111181127/tools/bin/../lib/gcc/arm-none-eabi/10.3.1/../../../../arm-none-eabi/lib/thumb/v6-m/nofp/libc_nano.a(lib_a-impure.o)
                              /home/eonz/st/stm32cubeide_1.9.0/plugins/com.st.stm32cube.ide.mcu.externaltools.gnu-tools-for-stm32.10.3-2021.10.linux64_1.0.0.202111181127/tools/bin/../lib/gcc/arm-none-eabi/10.3.1/../../../../arm-none-eabi/lib/thumb/v6-m/nofp/libc_nano.a(lib_a-exit.o) (_global_impure_ptr)
/home/eonz/st/stm32cubeide_1.9.0/plugins/com.st.stm32cube.ide.mcu.externaltools.gnu-tools-for-stm32.10.3-2021.10.linux64_1.0.0.202111181127/tools/bin/../lib/gcc/arm-none-eabi/10.3.1/../../../../arm-none-eabi/lib/thumb/v6-m/nofp/libc_nano.a(lib_a-init.o)
                              /home/eonz/st/stm32cubeide_1.9.0/plugins/com.st.stm32cube.ide.mcu.externaltools.gnu-tools-for-stm32.10.3-2021.10.linux64_1.0.0.202111181127/tools/bin/../lib/gcc/arm-none-eabi/10.3.1/../../../../arm-none-eabi/lib/thumb/v6-m/nofp/crt0.o (__libc_init_array)
/home/eonz/st/stm32cubeide_1.9.0/plugins/com.st.stm32cube.ide.mcu.externaltools.gnu-tools-for-stm32.10.3-2021.10.linux64_1.0.0.202111181127/tools/bin/../lib/gcc/arm-none-eabi/10.3.1/../../../../arm-none-eabi/lib/thumb/v6-m/nofp/libc_nano.a(lib_a-memset.o)
                              /home/eonz/st/stm32cubeide_1.9.0/plugins/com.st.stm32cube.ide.mcu.externaltools.gnu-tools-for-stm32.10.3-2021.10.linux64_1.0.0.202111181127/tools/bin/../lib/gcc/arm-none-eabi/10.3.1/../../../../arm-none-eabi/lib/thumb/v6-m/nofp/crt0.o (memset)
/home/eonz/st/stm32cubeide_1.9.0/plugins/com.st.stm32cube.ide.mcu.externaltools.gnu-tools-for-stm32.10.3-2021.10.linux64_1.0.0.202111181127/tools/bin/../lib/gcc/arm-none-eabi/10.3.1/../../../../arm-none-eabi/lib/thumb/v6-m/nofp/libc_nano.a(lib_a-strlen.o)
                              ./Core/Src/main.o (strlen)
/home/eonz/st/stm32cubeide_1.9.0/plugins/com.st.stm32cube.ide.mcu.externaltools.gnu-tools-for-stm32.10.3-2021.10.linux64_1.0.0.202111181127/tools/bin/../lib/gcc/arm-none-eabi/10.3.1/thumb/v6-m/nofp/libgcc.a(_udivsi3.o)
                              ./Core/Src/system_stm32g0xx.o (__aeabi_uidiv)
/home/eonz/st/stm32cubeide_1.9.0/plugins/com.st.stm32cube.ide.mcu.externaltools.gnu-tools-for-stm32.10.3-2021.10.linux64_1.0.0.202111181127/tools/bin/../lib/gcc/arm-none-eabi/10.3.1/thumb/v6-m/nofp/libgcc.a(_divsi3.o)
                              ./Drivers/STM32G0xx_HAL_Driver/Src/stm32g0xx_hal_uart_ex.o (__aeabi_idiv)
/home/eonz/st/stm32cubeide_1.9.0/plugins/com.st.stm32cube.ide.mcu.externaltools.gnu-tools-for-stm32.10.3-2021.10.linux64_1.0.0.202111181127/tools/bin/../lib/gcc/arm-none-eabi/10.3.1/thumb/v6-m/nofp/libgcc.a(_dvmd_tls.o)
                              /home/eonz/st/stm32cubeide_1.9.0/plugins/com.st.stm32cube.ide.mcu.externaltools.gnu-tools-for-stm32.10.3-2021.10.linux64_1.0.0.202111181127/tools/bin/../lib/gcc/arm-none-eabi/10.3.1/thumb/v6-m/nofp/libgcc.a(_udivsi3.o) (__aeabi_idiv0)
/home/eonz/st/stm32cubeide_1.9.0/plugins/com.st.stm32cube.ide.mcu.externaltools.gnu-tools-for-stm32.10.3-2021.10.linux64_1.0.0.202111181127/tools/bin/../lib/gcc/arm-none-eabi/10.3.1/thumb/v6-m/nofp/libgcc.a(_aeabi_uldivmod.o)
                              ./Drivers/STM32G0xx_HAL_Driver/Src/stm32g0xx_hal_uart.o (__aeabi_uldivmod)
/home/eonz/st/stm32cubeide_1.9.0/plugins/com.st.stm32cube.ide.mcu.externaltools.gnu-tools-for-stm32.10.3-2021.10.linux64_1.0.0.202111181127/tools/bin/../lib/gcc/arm-none-eabi/10.3.1/thumb/v6-m/nofp/libgcc.a(_udivmoddi4.o)
                              /home/eonz/st/stm32cubeide_1.9.0/plugins/com.st.stm32cube.ide.mcu.externaltools.gnu-tools-for-stm32.10.3-2021.10.linux64_1.0.0.202111181127/tools/bin/../lib/gcc/arm-none-eabi/10.3.1/thumb/v6-m/nofp/libgcc.a(_aeabi_uldivmod.o) (__udivmoddi4)
/home/eonz/st/stm32cubeide_1.9.0/plugins/com.st.stm32cube.ide.mcu.externaltools.gnu-tools-for-stm32.10.3-2021.10.linux64_1.0.0.202111181127/tools/bin/../lib/gcc/arm-none-eabi/10.3.1/thumb/v6-m/nofp/libgcc.a(_clzdi2.o)
[...]
Memory Configuration

Name             Origin             Length             Attributes
RAM              0x0000000020000000 0x0000000000024000 xrw
FLASH            0x0000000008000000 0x0000000000080000 xr
*default*        0x0000000000000000 0xffffffffffffffff

Linker script and memory map

LOAD /home/eonz/st/stm32cubeide_1.9.0/plugins/com.st.stm32cube.ide.mcu.externaltools.gnu-tools-for-stm32.10.3-2021.10.linux64_1.0.0.202111181127/tools/bin/../lib/gcc/arm-none-eabi/10.3.1/thumb/v6-m/nofp/crti.o
LOAD /home/eonz/st/stm32cubeide_1.9.0/plugins/com.st.stm32cube.ide.mcu.externaltools.gnu-tools-for-stm32.10.3-2021.10.linux64_1.0.0.202111181127/tools/bin/../lib/gcc/arm-none-eabi/10.3.1/thumb/v6-m/nofp/crtbegin.o
LOAD /home/eonz/st/stm32cubeide_1.9.0/plugins/com.st.stm32cube.ide.mcu.externaltools.gnu-tools-for-stm32.10.3-2021.10.linux64_1.0.0.202111181127/tools/bin/../lib/gcc/arm-none-eabi/10.3.1/../../../../arm-none-eabi/lib/thumb/v6-m/nofp/crt0.o
LOAD ./Core/Src/NRF24L01.o
LOAD ./Core/Src/main.o
LOAD ./Core/Src/stm32g0xx_hal_msp.o
LOAD ./Core/Src/stm32g0xx_it.o
LOAD ./Core/Src/syscalls.o
LOAD ./Core/Src/sysmem.o
LOAD ./Core/Src/system_stm32g0xx.o
LOAD ./Core/Startup/startup_stm32g0b1retx.o
LOAD ./Drivers/STM32G0xx_HAL_Driver/Src/stm32g0xx_hal.o
LOAD ./Drivers/STM32G0xx_HAL_Driver/Src/stm32g0xx_hal_cortex.o
LOAD ./Drivers/STM32G0xx_HAL_Driver/Src/stm32g0xx_hal_dma.o
LOAD ./Drivers/STM32G0xx_HAL_Driver/Src/stm32g0xx_hal_dma_ex.o
LOAD ./Drivers/STM32G0xx_HAL_Driver/Src/stm32g0xx_hal_exti.o
LOAD ./Drivers/STM32G0xx_HAL_Driver/Src/stm32g0xx_hal_flash.o
LOAD ./Drivers/STM32G0xx_HAL_Driver/Src/stm32g0xx_hal_flash_ex.o
LOAD ./Drivers/STM32G0xx_HAL_Driver/Src/stm32g0xx_hal_gpio.o
LOAD ./Drivers/STM32G0xx_HAL_Driver/Src/stm32g0xx_hal_pwr.o
LOAD ./Drivers/STM32G0xx_HAL_Driver/Src/stm32g0xx_hal_pwr_ex.o
LOAD ./Drivers/STM32G0xx_HAL_Driver/Src/stm32g0xx_hal_rcc.o
LOAD ./Drivers/STM32G0xx_HAL_Driver/Src/stm32g0xx_hal_rcc_ex.o
LOAD ./Drivers/STM32G0xx_HAL_Driver/Src/stm32g0xx_hal_spi.o
LOAD ./Drivers/STM32G0xx_HAL_Driver/Src/stm32g0xx_hal_spi_ex.o
LOAD ./Drivers/STM32G0xx_HAL_Driver/Src/stm32g0xx_hal_tim.o
LOAD ./Drivers/STM32G0xx_HAL_Driver/Src/stm32g0xx_hal_tim_ex.o
LOAD ./Drivers/STM32G0xx_HAL_Driver/Src/stm32g0xx_hal_uart.o
LOAD ./Drivers/STM32G0xx_HAL_Driver/Src/stm32g0xx_hal_uart_ex.o
LOAD ./Drivers/STM32G0xx_HAL_Driver/Src/stm32g0xx_ll_dma.o
LOAD ./Drivers/STM32G0xx_HAL_Driver/Src/stm32g0xx_ll_rcc.o
START GROUP
LOAD /home/eonz/st/stm32cubeide_1.9.0/plugins/com.st.stm32cube.ide.mcu.externaltools.gnu-tools-for-stm32.10.3-2021.10.linux64_1.0.0.202111181127/tools/bin/../lib/gcc/arm-none-eabi/10.3.1/../../../../arm-none-eabi/lib/thumb/v6-m/nofp/libc_nano.a
LOAD /home/eonz/st/stm32cubeide_1.9.0/plugins/com.st.stm32cube.ide.mcu.externaltools.gnu-tools-for-stm32.10.3-2021.10.linux64_1.0.0.202111181127/tools/bin/../lib/gcc/arm-none-eabi/10.3.1/../../../../arm-none-eabi/lib/thumb/v6-m/nofp/libm.a
END GROUP
START GROUP
LOAD /home/eonz/st/stm32cubeide_1.9.0/plugins/com.st.stm32cube.ide.mcu.externaltools.gnu-tools-for-stm32.10.3-2021.10.linux64_1.0.0.202111181127/tools/bin/../lib/gcc/arm-none-eabi/10.3.1/thumb/v6-m/nofp/libgcc.a
LOAD /home/eonz/st/stm32cubeide_1.9.0/plugins/com.st.stm32cube.ide.mcu.externaltools.gnu-tools-for-stm32.10.3-2021.10.linux64_1.0.0.202111181127/tools/bin/../lib/gcc/arm-none-eabi/10.3.1/../../../../arm-none-eabi/lib/thumb/v6-m/nofp/libc_nano.a
END GROUP
START GROUP
LOAD /home/eonz/st/stm32cubeide_1.9.0/plugins/com.st.stm32cube.ide.mcu.externaltools.gnu-tools-for-stm32.10.3-2021.10.linux64_1.0.0.202111181127/tools/bin/../lib/gcc/arm-none-eabi/10.3.1/thumb/v6-m/nofp/libgcc.a
LOAD /home/eonz/st/stm32cubeide_1.9.0/plugins/com.st.stm32cube.ide.mcu.externaltools.gnu-tools-for-stm32.10.3-2021.10.linux64_1.0.0.202111181127/tools/bin/../lib/gcc/arm-none-eabi/10.3.1/../../../../arm-none-eabi/lib/thumb/v6-m/nofp/libc_nano.a
LOAD /home/eonz/st/stm32cubeide_1.9.0/plugins/com.st.stm32cube.ide.mcu.externaltools.gnu-tools-for-stm32.10.3-2021.10.linux64_1.0.0.202111181127/tools/bin/../lib/gcc/arm-none-eabi/10.3.1/../../../../arm-none-eabi/lib/thumb/v6-m/nofp/libnosys.a
END GROUP
START GROUP
LOAD /home/eonz/st/stm32cubeide_1.9.0/plugins/com.st.stm32cube.ide.mcu.externaltools.gnu-tools-for-stm32.10.3-2021.10.linux64_1.0.0.202111181127/tools/bin/../lib/gcc/arm-none-eabi/10.3.1/thumb/v6-m/nofp/libgcc.a
LOAD /home/eonz/st/stm32cubeide_1.9.0/plugins/com.st.stm32cube.ide.mcu.externaltools.gnu-tools-for-stm32.10.3-2021.10.linux64_1.0.0.202111181127/tools/bin/../lib/gcc/arm-none-eabi/10.3.1/../../../../arm-none-eabi/lib/thumb/v6-m/nofp/libc_nano.a
LOAD /home/eonz/st/stm32cubeide_1.9.0/plugins/com.st.stm32cube.ide.mcu.externaltools.gnu-tools-for-stm32.10.3-2021.10.linux64_1.0.0.202111181127/tools/bin/../lib/gcc/arm-none-eabi/10.3.1/../../../../arm-none-eabi/lib/thumb/v6-m/nofp/libnosys.a
END GROUP
LOAD /home/eonz/st/stm32cubeide_1.9.0/plugins/com.st.stm32cube.ide.mcu.externaltools.gnu-tools-for-stm32.10.3-2021.10.linux64_1.0.0.202111181127/tools/bin/../lib/gcc/arm-none-eabi/10.3.1/thumb/v6-m/nofp/crtend.o
LOAD /home/eonz/st/stm32cubeide_1.9.0/plugins/com.st.stm32cube.ide.mcu.externaltools.gnu-tools-for-stm32.10.3-2021.10.linux64_1.0.0.202111181127/tools/bin/../lib/gcc/arm-none-eabi/10.3.1/thumb/v6-m/nofp/crtn.o
                0x0000000020024000                _estack = (ORIGIN (RAM) + LENGTH (RAM))
                0x0000000000000200                _Min_Heap_Size = 0x200
                0x0000000000000400                _Min_Stack_Size = 0x400

.isr_vector     0x0000000008000000       0xbc
                0x0000000008000000                . = ALIGN (0x4)
 *(.isr_vector)
 .isr_vector    0x0000000008000000       0xbc ./Core/Startup/startup_stm32g0b1retx.o
                0x0000000008000000                g_pfnVectors
                0x00000000080000bc                . = ALIGN (0x4)

.text           0x00000000080000bc     0x4b64
                0x00000000080000bc                . = ALIGN (0x4)
 *(.text)
 .text          0x00000000080000bc       0x48 /home/eonz/st/stm32cubeide_1.9.0/plugins/com.st.stm32cube.ide.mcu.externaltools.gnu-tools-for-stm32.10.3-2021.10.linux64_1.0.0.202111181127/tools/bin/../lib/gcc/arm-none-eabi/10.3.1/thumb/v6-m/nofp/crtbegin.o
 .text          0x0000000008000104        0xe /home/eonz/st/stm32cubeide_1.9.0/plugins/com.st.stm32cube.ide.mcu.externaltools.gnu-tools-for-stm32.10.3-2021.10.linux64_1.0.0.202111181127/tools/bin/../lib/gcc/arm-none-eabi/10.3.1/../../../../arm-none-eabi/lib/thumb/v6-m/nofp/libc_nano.a(lib_a-strlen.o)
                0x0000000008000104                strlen
 *fill*         0x0000000008000112        0x2 
 .text          0x0000000008000114      0x114 /home/eonz/st/stm32cubeide_1.9.0/plugins/com.st.stm32cube.ide.mcu.externaltools.gnu-tools-for-stm32.10.3-2021.10.linux64_1.0.0.202111181127/tools/bin/../lib/gcc/arm-none-eabi/10.3.1/thumb/v6-m/nofp/libgcc.a(_udivsi3.o)
                0x0000000008000114                __udivsi3
                0x0000000008000114                __aeabi_uidiv
                0x0000000008000220                __aeabi_uidivmod
 .text          0x0000000008000228      0x1d4 /home/eonz/st/stm32cubeide_1.9.0/plugins/com.st.stm32cube.ide.mcu.externaltools.gnu-tools-for-stm32.10.3-2021.10.linux64_1.0.0.202111181127/tools/bin/../lib/gcc/arm-none-eabi/10.3.1/thumb/v6-m/nofp/libgcc.a(_divsi3.o)
                0x0000000008000228                __aeabi_idiv
                0x0000000008000228                __divsi3
                0x00000000080003f4                __aeabi_idivmod
 .text          0x00000000080003fc        0x4 /home/eonz/st/stm32cubeide_1.9.0/plugins/com.st.stm32cube.ide.mcu.externaltools.gnu-tools-for-stm32.10.3-2021.10.linux64_1.0.0.202111181127/tools/bin/../lib/gcc/arm-none-eabi/10.3.1/thumb/v6-m/nofp/libgcc.a(_dvmd_tls.o)
                0x00000000080003fc                __aeabi_ldiv0
                0x00000000080003fc                __aeabi_idiv0
 .text          0x0000000008000400       0x40 /home/eonz/st/stm32cubeide_1.9.0/plugins/com.st.stm32cube.ide.mcu.externaltools.gnu-tools-for-stm32.10.3-2021.10.linux64_1.0.0.202111181127/tools/bin/../lib/gcc/arm-none-eabi/10.3.1/thumb/v6-m/nofp/libgcc.a(_aeabi_uldivmod.o)
                0x0000000008000400                __aeabi_uldivmod
 .text          0x0000000008000440      0x198 /home/eonz/st/stm32cubeide_1.9.0/plugins/com.st.stm32cube.ide.mcu.externaltools.gnu-tools-for-stm32.10.3-2021.10.linux64_1.0.0.202111181127/tools/bin/../lib/gcc/arm-none-eabi/10.3.1/thumb/v6-m/nofp/libgcc.a(_udivmoddi4.o)
                0x0000000008000440                __udivmoddi4
 .text          0x00000000080005d8       0x18 /home/eonz/st/stm32cubeide_1.9.0/plugins/com.st.stm32cube.ide.mcu.externaltools.gnu-tools-for-stm32.10.3-2021.10.linux64_1.0.0.202111181127/tools/bin/../lib/gcc/arm-none-eabi/10.3.1/thumb/v6-m/nofp/libgcc.a(_clzdi2.o)
                0x00000000080005d8                __clzdi2
 .text          0x00000000080005f0       0x3c /home/eonz/st/stm32cubeide_1.9.0/plugins/com.st.stm32cube.ide.mcu.externaltools.gnu-tools-for-stm32.10.3-2021.10.linux64_1.0.0.202111181127/tools/bin/../lib/gcc/arm-none-eabi/10.3.1/thumb/v6-m/nofp/libgcc.a(_clzsi2.o)
                0x00000000080005f0                __clzsi2
 *(.text*)
 .text.CS_Select
                0x000000000800062c       0x1c ./Core/Src/NRF24L01.o
                0x000000000800062c                CS_Select
 .text.CS_UnSelect
                0x0000000008000648       0x1c ./Core/Src/NRF24L01.o
                0x0000000008000648                CS_UnSelect
 .text.CE_Enable
                0x0000000008000664       0x1a ./Core/Src/NRF24L01.o
                0x0000000008000664                CE_Enable
 .text.CE_Disable
                0x000000000800067e       0x1a ./Core/Src/NRF24L01.o
                0x000000000800067e                CE_Disable
 .text.nrf24_WriteReg
                0x0000000008000698       0x4c ./Core/Src/NRF24L01.o
                0x0000000008000698                nrf24_WriteReg
 .text.nrf24_WriteRegMulti
                0x00000000080006e4       0x54 ./Core/Src/NRF24L01.o
                0x00000000080006e4                nrf24_WriteRegMulti
 .text.nrf24_ReadReg
                0x0000000008000738       0x44 ./Core/Src/NRF24L01.o
                0x0000000008000738                nrf24_ReadReg
 .text.nrfsendCmd
                0x000000000800077c       0x2c ./Core/Src/NRF24L01.o
                0x000000000800077c                nrfsendCmd
 .text.nrf24_reset
                0x00000000080007a8      0x148 ./Core/Src/NRF24L01.o
                0x00000000080007a8                nrf24_reset
 .text.NRF24_Init
                0x00000000080008f0       0x50 ./Core/Src/NRF24L01.o
                0x00000000080008f0                NRF24_Init
 .text.NRF24_RxMode
                0x0000000008000940       0x9c ./Core/Src/NRF24L01.o
                0x0000000008000940                NRF24_RxMode
 .text.isDataAvailable
                0x00000000080009dc       0x44 ./Core/Src/NRF24L01.o
                0x00000000080009dc                isDataAvailable
 .text.NRF24_Receive
                0x0000000008000a20       0x5c ./Core/Src/NRF24L01.o
                0x0000000008000a20                NRF24_Receive
 .text.serialWrite
                0x0000000008000a7c       0x3c ./Core/Src/main.o
                0x0000000008000a7c                serialWrite
 .text.main     0x0000000008000ab8       0x68 ./Core/Src/main.o
                0x0000000008000ab8                main
 .text.SystemClock_Config
                0x0000000008000b20       0x90 ./Core/Src/main.o
                0x0000000008000b20                SystemClock_Config
 .text.MX_SPI1_Init
                0x0000000008000bb0       0x7c ./Core/Src/main.o
 .text.MX_USART2_UART_Init
                0x0000000008000c2c       0x9c ./Core/Src/main.o
 .text.MX_GPIO_Init
                0x0000000008000cc8      0x104 ./Core/Src/main.o
 .text.Error_Handler
                0x0000000008000dcc       0x20 ./Core/Src/main.o
                0x0000000008000dcc                Error_Handler
 .text.HAL_MspInit
                0x0000000008000dec       0x50 ./Core/Src/stm32g0xx_hal_msp.o
                0x0000000008000dec                HAL_MspInit
 .text.HAL_SPI_MspInit
                0x0000000008000e3c       0x94 ./Core/Src/stm32g0xx_hal_msp.o
                0x0000000008000e3c                HAL_SPI_MspInit
 .text.HAL_UART_MspInit
                0x0000000008000ed0       0xd0 ./Core/Src/stm32g0xx_hal_msp.o
                0x0000000008000ed0                HAL_UART_MspInit
 .text.NMI_Handler
                0x0000000008000fa0        0x6 ./Core/Src/stm32g0xx_it.o
                0x0000000008000fa0                NMI_Handler
 .text.HardFault_Handler
                0x0000000008000fa6        0x6 ./Core/Src/stm32g0xx_it.o
                0x0000000008000fa6                HardFault_Handler
 .text.SVC_Handler
                0x0000000008000fac        0xa ./Core/Src/stm32g0xx_it.o
                0x0000000008000fac                SVC_Handler
 .text.PendSV_Handler
                0x0000000008000fb6        0xa ./Core/Src/stm32g0xx_it.o
                0x0000000008000fb6                PendSV_Handler
 .text.SysTick_Handler
                0x0000000008000fc0        0xe ./Core/Src/stm32g0xx_it.o
                0x0000000008000fc0                SysTick_Handler
 *fill*         0x0000000008000fce        0x2 
 .text.USART2_LPUART2_IRQHandler
                0x0000000008000fd0       0x18 ./Core/Src/stm32g0xx_it.o
                0x0000000008000fd0                USART2_LPUART2_IRQHandler
 .text.SystemInit
                0x0000000008000fe8        0xa ./Core/Src/system_stm32g0xx.o
                0x0000000008000fe8                SystemInit
 *fill*         0x0000000008000ff2        0x2 
 .text.Reset_Handler
                0x0000000008000ff4       0x50 ./Core/Startup/startup_stm32g0b1retx.o
                0x0000000008000ff4                Reset_Handler
 .text.Default_Handler
                0x0000000008001044        0x2 ./Core/Startup/startup_stm32g0b1retx.o
                0x0000000008001044                I2C2_3_IRQHandler
                0x0000000008001044                USART3_4_5_6_LPUART1_IRQHandler
                0x0000000008001044                TIM1_CC_IRQHandler
                0x0000000008001044                ADC1_COMP_IRQHandler
                0x0000000008001044                I2C1_IRQHandler
                0x0000000008001044                TIM7_LPTIM2_IRQHandler
                0x0000000008001044                TIM17_FDCAN_IT1_IRQHandler
                0x0000000008001044                DMA1_Ch4_7_DMA2_Ch1_5_DMAMUX1_OVR_IRQHandler
                0x0000000008001044                RCC_CRS_IRQHandler
                0x0000000008001044                RTC_TAMP_IRQHandler
                0x0000000008001044                SPI1_IRQHandler
                0x0000000008001044                USB_UCPD1_2_IRQHandler
                0x0000000008001044                EXTI2_3_IRQHandler
                0x0000000008001044                PVD_VDDIO2_IRQHandler
                0x0000000008001044                EXTI4_15_IRQHandler
                0x0000000008001044                DMA1_Channel1_IRQHandler
                0x0000000008001044                Default_Handler
                0x0000000008001044                CEC_IRQHandler
                0x0000000008001044                TIM14_IRQHandler
                0x0000000008001044                TIM15_IRQHandler
                0x0000000008001044                TIM3_TIM4_IRQHandler
                0x0000000008001044                EXTI0_1_IRQHandler
                0x0000000008001044                SPI2_3_IRQHandler
                0x0000000008001044                TIM6_DAC_LPTIM1_IRQHandler
                0x0000000008001044                WWDG_IRQHandler
                0x0000000008001044                TIM2_IRQHandler
                0x0000000008001044                DMA1_Channel2_3_IRQHandler
                0x0000000008001044                FLASH_IRQHandler
                0x0000000008001044                USART1_IRQHandler
                0x0000000008001044                TIM16_FDCAN_IT0_IRQHandler
                0x0000000008001044                TIM1_BRK_UP_TRG_COM_IRQHandler
 *fill*         0x0000000008001046        0x2 
 .text.HAL_Init
                0x0000000008001048       0x40 ./Drivers/STM32G0xx_HAL_Driver/Src/stm32g0xx_hal.o
                0x0000000008001048                HAL_Init
 .text.HAL_InitTick
                0x0000000008001088       0x94 ./Drivers/STM32G0xx_HAL_Driver/Src/stm32g0xx_hal.o
                0x0000000008001088                HAL_InitTick
 .text.HAL_IncTick
                0x000000000800111c       0x24 ./Drivers/STM32G0xx_HAL_Driver/Src/stm32g0xx_hal.o
                0x000000000800111c                HAL_IncTick
 .text.HAL_GetTick
                0x0000000008001140       0x14 ./Drivers/STM32G0xx_HAL_Driver/Src/stm32g0xx_hal.o
                0x0000000008001140                HAL_GetTick
 .text.HAL_Delay
                0x0000000008001154       0x48 ./Drivers/STM32G0xx_HAL_Driver/Src/stm32g0xx_hal.o
                0x0000000008001154                HAL_Delay
 .text.HAL_SYSCFG_StrobeDBattpinsConfig
                0x000000000800119c       0x2c ./Drivers/STM32G0xx_HAL_Driver/Src/stm32g0xx_hal.o
                0x000000000800119c                HAL_SYSCFG_StrobeDBattpinsConfig
 .text.__NVIC_EnableIRQ
                0x00000000080011c8       0x34 ./Drivers/STM32G0xx_HAL_Driver/Src/stm32g0xx_hal_cortex.o
 .text.__NVIC_SetPriority
                0x00000000080011fc       0xdc ./Drivers/STM32G0xx_HAL_Driver/Src/stm32g0xx_hal_cortex.o
 .text.SysTick_Config
                0x00000000080012d8       0x48 ./Drivers/STM32G0xx_HAL_Driver/Src/stm32g0xx_hal_cortex.o
 .text.HAL_NVIC_SetPriority
                0x0000000008001320       0x2a ./Drivers/STM32G0xx_HAL_Driver/Src/stm32g0xx_hal_cortex.o
                0x0000000008001320                HAL_NVIC_SetPriority
 .text.HAL_NVIC_EnableIRQ
                0x000000000800134a       0x20 ./Drivers/STM32G0xx_HAL_Driver/Src/stm32g0xx_hal_cortex.o
                0x000000000800134a                HAL_NVIC_EnableIRQ
 .text.HAL_SYSTICK_Config
                0x000000000800136a       0x1a ./Drivers/STM32G0xx_HAL_Driver/Src/stm32g0xx_hal_cortex.o
                0x000000000800136a                HAL_SYSTICK_Config
 .text.HAL_DMA_Abort
                0x0000000008001384       0xc0 ./Drivers/STM32G0xx_HAL_Driver/Src/stm32g0xx_hal_dma.o
                0x0000000008001384                HAL_DMA_Abort
 .text.HAL_DMA_Abort_IT
                0x0000000008001444       0xd0 ./Drivers/STM32G0xx_HAL_Driver/Src/stm32g0xx_hal_dma.o
                0x0000000008001444                HAL_DMA_Abort_IT
 .text.HAL_GPIO_Init
                0x0000000008001514      0x2d8 ./Drivers/STM32G0xx_HAL_Driver/Src/stm32g0xx_hal_gpio.o
                0x0000000008001514                HAL_GPIO_Init
 .text.HAL_GPIO_WritePin
                0x00000000080017ec       0x3a ./Drivers/STM32G0xx_HAL_Driver/Src/stm32g0xx_hal_gpio.o
                0x00000000080017ec                HAL_GPIO_WritePin
 *fill*         0x0000000008001826        0x2 
 .text.HAL_PWREx_ControlVoltageScaling
                0x0000000008001828       0x80 ./Drivers/STM32G0xx_HAL_Driver/Src/stm32g0xx_hal_pwr_ex.o
                0x0000000008001828                HAL_PWREx_ControlVoltageScaling
 .text.LL_RCC_GetAPB1Prescaler
                0x00000000080018a8       0x18 ./Drivers/STM32G0xx_HAL_Driver/Src/stm32g0xx_hal_rcc.o
 .text.HAL_RCC_OscConfig
                0x00000000080018c0      0x6c0 ./Drivers/STM32G0xx_HAL_Driver/Src/stm32g0xx_hal_rcc.o
                0x00000000080018c0                HAL_RCC_OscConfig
 .text.HAL_RCC_ClockConfig
                0x0000000008001f80      0x210 ./Drivers/STM32G0xx_HAL_Driver/Src/stm32g0xx_hal_rcc.o
                0x0000000008001f80                HAL_RCC_ClockConfig
 .text.HAL_RCC_GetSysClockFreq
                0x0000000008002190      0x104 ./Drivers/STM32G0xx_HAL_Driver/Src/stm32g0xx_hal_rcc.o
                0x0000000008002190                HAL_RCC_GetSysClockFreq
 .text.HAL_RCC_GetHCLKFreq
                0x0000000008002294       0x14 ./Drivers/STM32G0xx_HAL_Driver/Src/stm32g0xx_hal_rcc.o
                0x0000000008002294                HAL_RCC_GetHCLKFreq
 .text.HAL_RCC_GetPCLK1Freq
                0x00000000080022a8       0x2c ./Drivers/STM32G0xx_HAL_Driver/Src/stm32g0xx_hal_rcc.o
                0x00000000080022a8                HAL_RCC_GetPCLK1Freq
 .text.HAL_RCCEx_PeriphCLKConfig
                0x00000000080022d4      0x478 ./Drivers/STM32G0xx_HAL_Driver/Src/stm32g0xx_hal_rcc_ex.o
                0x00000000080022d4                HAL_RCCEx_PeriphCLKConfig
 .text.HAL_SPI_Init
                0x000000000800274c      0x170 ./Drivers/STM32G0xx_HAL_Driver/Src/stm32g0xx_hal_spi.o
                0x000000000800274c                HAL_SPI_Init
 .text.HAL_SPI_Transmit
                0x00000000080028bc      0x2b0 ./Drivers/STM32G0xx_HAL_Driver/Src/stm32g0xx_hal_spi.o
                0x00000000080028bc                HAL_SPI_Transmit
 .text.HAL_SPI_Receive
                0x0000000008002b6c      0x298 ./Drivers/STM32G0xx_HAL_Driver/Src/stm32g0xx_hal_spi.o
                0x0000000008002b6c                HAL_SPI_Receive
 .text.HAL_SPI_TransmitReceive
                0x0000000008002e04      0x3a4 ./Drivers/STM32G0xx_HAL_Driver/Src/stm32g0xx_hal_spi.o
                0x0000000008002e04                HAL_SPI_TransmitReceive
 .text.SPI_WaitFlagStateUntilTimeout
                0x00000000080031a8      0x11c ./Drivers/STM32G0xx_HAL_Driver/Src/stm32g0xx_hal_spi.o
 .text.SPI_WaitFifoStateUntilTimeout
                0x00000000080032c4      0x144 ./Drivers/STM32G0xx_HAL_Driver/Src/stm32g0xx_hal_spi.o
 .text.SPI_EndRxTransaction
                0x0000000008003408       0xbc ./Drivers/STM32G0xx_HAL_Driver/Src/stm32g0xx_hal_spi.o
 .text.SPI_EndRxTxTransaction
                0x00000000080034c4       0x8c ./Drivers/STM32G0xx_HAL_Driver/Src/stm32g0xx_hal_spi.o
 .text.HAL_UART_Init
                0x0000000008003550       0xac ./Drivers/STM32G0xx_HAL_Driver/Src/stm32g0xx_hal_uart.o
                0x0000000008003550                HAL_UART_Init
 .text.HAL_UART_Transmit
                0x00000000080035fc      0x156 ./Drivers/STM32G0xx_HAL_Driver/Src/stm32g0xx_hal_uart.o
                0x00000000080035fc                HAL_UART_Transmit
 *fill*         0x0000000008003752        0x2 
 .text.HAL_UART_IRQHandler
                0x0000000008003754      0x634 ./Drivers/STM32G0xx_HAL_Driver/Src/stm32g0xx_hal_uart.o
                0x0000000008003754                HAL_UART_IRQHandler
 .text.HAL_UART_TxCpltCallback
                0x0000000008003d88       0x10 ./Drivers/STM32G0xx_HAL_Driver/Src/stm32g0xx_hal_uart.o
                0x0000000008003d88                HAL_UART_TxCpltCallback
 .text.HAL_UART_ErrorCallback
                0x0000000008003d98       0x10 ./Drivers/STM32G0xx_HAL_Driver/Src/stm32g0xx_hal_uart.o
                0x0000000008003d98                HAL_UART_ErrorCallback
 .text.HAL_UARTEx_RxEventCallback
                0x0000000008003da8       0x16 ./Drivers/STM32G0xx_HAL_Driver/Src/stm32g0xx_hal_uart.o
                0x0000000008003da8                HAL_UARTEx_RxEventCallback
 *fill*         0x0000000008003dbe        0x2 
 .text.UART_SetConfig
                0x0000000008003dc0      0x6ac ./Drivers/STM32G0xx_HAL_Driver/Src/stm32g0xx_hal_uart.o
                0x0000000008003dc0                UART_SetConfig
 .text.UART_AdvFeatureConfig
                0x000000000800446c      0x168 ./Drivers/STM32G0xx_HAL_Driver/Src/stm32g0xx_hal_uart.o
                0x000000000800446c                UART_AdvFeatureConfig
 .text.UART_CheckIdleState
                0x00000000080045d4       0x94 ./Drivers/STM32G0xx_HAL_Driver/Src/stm32g0xx_hal_uart.o
                0x00000000080045d4                UART_CheckIdleState
 .text.UART_WaitOnFlagUntilTimeout
                0x0000000008004668      0x190 ./Drivers/STM32G0xx_HAL_Driver/Src/stm32g0xx_hal_uart.o
                0x0000000008004668                UART_WaitOnFlagUntilTimeout
 .text.UART_EndRxTransfer
                0x00000000080047f8       0xcc ./Drivers/STM32G0xx_HAL_Driver/Src/stm32g0xx_hal_uart.o
 .text.UART_DMAAbortOnError
                0x00000000080048c4       0x2e ./Drivers/STM32G0xx_HAL_Driver/Src/stm32g0xx_hal_uart.o
 .text.UART_EndTransmit_IT
                0x00000000080048f2       0x58 ./Drivers/STM32G0xx_HAL_Driver/Src/stm32g0xx_hal_uart.o
 .text.HAL_UARTEx_WakeupCallback
                0x000000000800494a       0x10 ./Drivers/STM32G0xx_HAL_Driver/Src/stm32g0xx_hal_uart_ex.o
                0x000000000800494a                HAL_UARTEx_WakeupCallback
 .text.HAL_UARTEx_RxFifoFullCallback
                0x000000000800495a       0x10 ./Drivers/STM32G0xx_HAL_Driver/Src/stm32g0xx_hal_uart_ex.o
                0x000000000800495a                HAL_UARTEx_RxFifoFullCallback
 .text.HAL_UARTEx_TxFifoEmptyCallback
                0x000000000800496a       0x10 ./Drivers/STM32G0xx_HAL_Driver/Src/stm32g0xx_hal_uart_ex.o
                0x000000000800496a                HAL_UARTEx_TxFifoEmptyCallback
 *fill*         0x000000000800497a        0x2 
 .text.HAL_UARTEx_DisableFifoMode
                0x000000000800497c       0x74 ./Drivers/STM32G0xx_HAL_Driver/Src/stm32g0xx_hal_uart_ex.o
                0x000000000800497c                HAL_UARTEx_DisableFifoMode
 .text.HAL_UARTEx_SetTxFifoThreshold
                0x00000000080049f0       0x7e ./Drivers/STM32G0xx_HAL_Driver/Src/stm32g0xx_hal_uart_ex.o
                0x00000000080049f0                HAL_UARTEx_SetTxFifoThreshold
 *fill*         0x0000000008004a6e        0x2 
 .text.HAL_UARTEx_SetRxFifoThreshold
                0x0000000008004a70       0x84 ./Drivers/STM32G0xx_HAL_Driver/Src/stm32g0xx_hal_uart_ex.o
                0x0000000008004a70                HAL_UARTEx_SetRxFifoThreshold
 .text.UARTEx_SetNbDataToProcess
                0x0000000008004af4       0xbc ./Drivers/STM32G0xx_HAL_Driver/Src/stm32g0xx_hal_uart_ex.o
 .text.__libc_init_array
                0x0000000008004bb0       0x48 /home/eonz/st/stm32cubeide_1.9.0/plugins/com.st.stm32cube.ide.mcu.externaltools.gnu-tools-for-stm32.10.3-2021.10.linux64_1.0.0.202111181127/tools/bin/../lib/gcc/arm-none-eabi/10.3.1/../../../../arm-none-eabi/lib/thumb/v6-m/nofp/libc_nano.a(lib_a-init.o)
                0x0000000008004bb0                __libc_init_array
 .text.memset   0x0000000008004bf8       0x10 /home/eonz/st/stm32cubeide_1.9.0/plugins/com.st.stm32cube.ide.mcu.externaltools.gnu-tools-for-stm32.10.3-2021.10.linux64_1.0.0.202111181127/tools/bin/../lib/gcc/arm-none-eabi/10.3.1/../../../../arm-none-eabi/lib/thumb/v6-m/nofp/libc_nano.a(lib_a-memset.o)
                0x0000000008004bf8                memset
 *(.glue_7)
 .glue_7        0x0000000008004c08        0x0 linker stubs
 *(.glue_7t)
 .glue_7t       0x0000000008004c08        0x0 linker stubs
 *(.eh_frame)
 .eh_frame      0x0000000008004c08        0x0 /home/eonz/st/stm32cubeide_1.9.0/plugins/com.st.stm32cube.ide.mcu.externaltools.gnu-tools-for-stm32.10.3-2021.10.linux64_1.0.0.202111181127/tools/bin/../lib/gcc/arm-none-eabi/10.3.1/thumb/v6-m/nofp/crtbegin.o
 *(.init)
 .init          0x0000000008004c08        0x4 /home/eonz/st/stm32cubeide_1.9.0/plugins/com.st.stm32cube.ide.mcu.externaltools.gnu-tools-for-stm32.10.3-2021.10.linux64_1.0.0.202111181127/tools/bin/../lib/gcc/arm-none-eabi/10.3.1/thumb/v6-m/nofp/crti.o
                0x0000000008004c08                _init
 .init          0x0000000008004c0c        0x8 /home/eonz/st/stm32cubeide_1.9.0/plugins/com.st.stm32cube.ide.mcu.externaltools.gnu-tools-for-stm32.10.3-2021.10.linux64_1.0.0.202111181127/tools/bin/../lib/gcc/arm-none-eabi/10.3.1/thumb/v6-m/nofp/crtn.o
 *(.fini)
 .fini          0x0000000008004c14        0x4 /home/eonz/st/stm32cubeide_1.9.0/plugins/com.st.stm32cube.ide.mcu.externaltools.gnu-tools-for-stm32.10.3-2021.10.linux64_1.0.0.202111181127/tools/bin/../lib/gcc/arm-none-eabi/10.3.1/thumb/v6-m/nofp/crti.o
                0x0000000008004c14                _fini
 .fini          0x0000000008004c18        0x8 /home/eonz/st/stm32cubeide_1.9.0/plugins/com.st.stm32cube.ide.mcu.externaltools.gnu-tools-for-stm32.10.3-2021.10.linux64_1.0.0.202111181127/tools/bin/../lib/gcc/arm-none-eabi/10.3.1/thumb/v6-m/nofp/crtn.o
                0x0000000008004c20                . = ALIGN (0x4)
                0x0000000008004c20                _etext = .

.vfp11_veneer   0x0000000008004c20        0x0
 .vfp11_veneer  0x0000000008004c20        0x0 linker stubs

.v4_bx          0x0000000008004c20        0x0
 .v4_bx         0x0000000008004c20        0x0 linker stubs

.iplt           0x0000000008004c20        0x0
 .iplt          0x0000000008004c20        0x0 /home/eonz/st/stm32cubeide_1.9.0/plugins/com.st.stm32cube.ide.mcu.externaltools.gnu-tools-for-stm32.10.3-2021.10.linux64_1.0.0.202111181127/tools/bin/../lib/gcc/arm-none-eabi/10.3.1/thumb/v6-m/nofp/crtbegin.o

.rodata         0x0000000008004c20       0xb0
                0x0000000008004c20                . = ALIGN (0x4)
 *(.rodata)
 .rodata        0x0000000008004c20        0xd ./Core/Src/NRF24L01.o
 *fill*         0x0000000008004c2d        0x3 
 .rodata        0x0000000008004c30       0x18 ./Core/Src/main.o
 *(.rodata*)
 .rodata.AHBPrescTable
                0x0000000008004c48       0x40 ./Core/Src/system_stm32g0xx.o
                0x0000000008004c48                AHBPrescTable
 .rodata.APBPrescTable
                0x0000000008004c88       0x20 ./Core/Src/system_stm32g0xx.o
                0x0000000008004c88                APBPrescTable
 .rodata.UARTPrescTable
                0x0000000008004ca8       0x18 ./Drivers/STM32G0xx_HAL_Driver/Src/stm32g0xx_hal_uart.o
                0x0000000008004ca8                UARTPrescTable
 .rodata.numerator.1
                0x0000000008004cc0        0x8 ./Drivers/STM32G0xx_HAL_Driver/Src/stm32g0xx_hal_uart_ex.o
 .rodata.denominator.0
                0x0000000008004cc8        0x8 ./Drivers/STM32G0xx_HAL_Driver/Src/stm32g0xx_hal_uart_ex.o
                0x0000000008004cd0                . = ALIGN (0x4)

.ARM.extab      0x0000000008004cd0        0x0
                0x0000000008004cd0                . = ALIGN (0x4)
 *(.ARM.extab* .gnu.linkonce.armextab.*)
                0x0000000008004cd0                . = ALIGN (0x4)

.ARM            0x0000000008004cd0        0x8
                0x0000000008004cd0                . = ALIGN (0x4)
                0x0000000008004cd0                __exidx_start = .
 *(.ARM.exidx*)
 .ARM.exidx     0x0000000008004cd0        0x8 /home/eonz/st/stm32cubeide_1.9.0/plugins/com.st.stm32cube.ide.mcu.externaltools.gnu-tools-for-stm32.10.3-2021.10.linux64_1.0.0.202111181127/tools/bin/../lib/gcc/arm-none-eabi/10.3.1/thumb/v6-m/nofp/libgcc.a(_udivmoddi4.o)
                0x0000000008004cd8                __exidx_end = .
                0x0000000008004cd8                . = ALIGN (0x4)

.rel.dyn        0x0000000008004cd8        0x0
 .rel.iplt      0x0000000008004cd8        0x0 /home/eonz/st/stm32cubeide_1.9.0/plugins/com.st.stm32cube.ide.mcu.externaltools.gnu-tools-for-stm32.10.3-2021.10.linux64_1.0.0.202111181127/tools/bin/../lib/gcc/arm-none-eabi/10.3.1/thumb/v6-m/nofp/crtbegin.o

.preinit_array  0x0000000008004cd8        0x0
                0x0000000008004cd8                . = ALIGN (0x4)
                0x0000000008004cd8                PROVIDE (__preinit_array_start = .)
 *(.preinit_array*)
                0x0000000008004cd8                PROVIDE (__preinit_array_end = .)
                0x0000000008004cd8                . = ALIGN (0x4)

.init_array     0x0000000008004cd8        0x4
                0x0000000008004cd8                . = ALIGN (0x4)
                0x0000000008004cd8                PROVIDE (__init_array_start = .)
 *(SORT_BY_NAME(.init_array.*))
 *(.init_array*)
 .init_array    0x0000000008004cd8        0x4 /home/eonz/st/stm32cubeide_1.9.0/plugins/com.st.stm32cube.ide.mcu.externaltools.gnu-tools-for-stm32.10.3-2021.10.linux64_1.0.0.202111181127/tools/bin/../lib/gcc/arm-none-eabi/10.3.1/thumb/v6-m/nofp/crtbegin.o
                0x0000000008004cdc                PROVIDE (__init_array_end = .)
                0x0000000008004cdc                . = ALIGN (0x4)

.fini_array     0x0000000008004cdc        0x4
                0x0000000008004cdc                . = ALIGN (0x4)
                [!provide]                        PROVIDE (__fini_array_start = .)
 *(SORT_BY_NAME(.fini_array.*))
 *(.fini_array*)
 .fini_array    0x0000000008004cdc        0x4 /home/eonz/st/stm32cubeide_1.9.0/plugins/com.st.stm32cube.ide.mcu.externaltools.gnu-tools-for-stm32.10.3-2021.10.linux64_1.0.0.202111181127/tools/bin/../lib/gcc/arm-none-eabi/10.3.1/thumb/v6-m/nofp/crtbegin.o
                [!provide]                        PROVIDE (__fini_array_end = .)
                0x0000000008004ce0                . = ALIGN (0x4)
                0x0000000008004ce0                _sidata = LOADADDR (.data)

.data           0x0000000020000000       0x14 load address 0x0000000008004ce0
                0x0000000020000000                . = ALIGN (0x4)
                0x0000000020000000                _sdata = .
 *(.data)
 *(.data*)
 .data.RxAddress
                0x0000000020000000        0x5 ./Core/Src/main.o
                0x0000000020000000                RxAddress
 *fill*         0x0000000020000005        0x3 
 .data.SystemCoreClock
                0x0000000020000008        0x4 ./Core/Src/system_stm32g0xx.o
                0x0000000020000008                SystemCoreClock
 .data.uwTickPrio
                0x000000002000000c        0x4 ./Drivers/STM32G0xx_HAL_Driver/Src/stm32g0xx_hal.o
                0x000000002000000c                uwTickPrio
 .data.uwTickFreq
                0x0000000020000010        0x1 ./Drivers/STM32G0xx_HAL_Driver/Src/stm32g0xx_hal.o
                0x0000000020000010                uwTickFreq
 *(.RamFunc)
 *(.RamFunc*)
                0x0000000020000014                . = ALIGN (0x4)
 *fill*         0x0000000020000011        0x3 
                0x0000000020000014                _edata = .

.igot.plt       0x0000000020000014        0x0 load address 0x0000000008004cf4
 .igot.plt      0x0000000020000014        0x0 /home/eonz/st/stm32cubeide_1.9.0/plugins/com.st.stm32cube.ide.mcu.externaltools.gnu-tools-for-stm32.10.3-2021.10.linux64_1.0.0.202111181127/tools/bin/../lib/gcc/arm-none-eabi/10.3.1/thumb/v6-m/nofp/crtbegin.o
                0x0000000020000014                . = ALIGN (0x4)

.bss            0x0000000020000014      0x134 load address 0x0000000008004cf4
                0x0000000020000014                _sbss = .
                0x0000000020000014                __bss_start__ = _sbss
 *(.bss)
 .bss           0x0000000020000014       0x1c /home/eonz/st/stm32cubeide_1.9.0/plugins/com.st.stm32cube.ide.mcu.externaltools.gnu-tools-for-stm32.10.3-2021.10.linux64_1.0.0.202111181127/tools/bin/../lib/gcc/arm-none-eabi/10.3.1/thumb/v6-m/nofp/crtbegin.o
 *(.bss*)
 .bss.hspi1     0x0000000020000030       0x64 ./Core/Src/main.o
                0x0000000020000030                hspi1
 .bss.huart2    0x0000000020000094       0x90 ./Core/Src/main.o
                0x0000000020000094                huart2
 .bss.RxData    0x0000000020000124       0x20 ./Core/Src/main.o
                0x0000000020000124                RxData
 .bss.uwTick    0x0000000020000144        0x4 ./Drivers/STM32G0xx_HAL_Driver/Src/stm32g0xx_hal.o
                0x0000000020000144                uwTick
 *(COMMON)
                0x0000000020000148                . = ALIGN (0x4)
                0x0000000020000148                _ebss = .
                0x0000000020000148                __bss_end__ = _ebss

._user_heap_stack
                0x0000000020000148      0x600 load address 0x0000000008004cf4
                0x0000000020000148                . = ALIGN (0x8)
                [!provide]                        PROVIDE (end = .)
                0x0000000020000148                PROVIDE (_end = .)
                0x0000000020000348                . = (. + _Min_Heap_Size)
 *fill*         0x0000000020000148      0x200 
                0x0000000020000748                . = (. + _Min_Stack_Size)
 *fill*         0x0000000020000348      0x400 
                0x0000000020000748                . = ALIGN (0x8)

/DISCARD/
 libc.a(*)
 libm.a(*)
 libgcc.a(*)

.ARM.attributes
                0x0000000000000000       0x28
 *(.ARM.attributes)
 .ARM.attributes
                0x0000000000000000       0x1e /home/eonz/st/stm32cubeide_1.9.0/plugins/com.st.stm32cube.ide.mcu.externaltools.gnu-tools-for-stm32.10.3-2021.10.linux64_1.0.0.202111181127/tools/bin/../lib/gcc/arm-none-eabi/10.3.1/thumb/v6-m/nofp/crti.o
 .ARM.attributes
                0x000000000000001e       0x2c /home/eonz/st/stm32cubeide_1.9.0/plugins/com.st.stm32cube.ide.mcu.externaltools.gnu-tools-for-stm32.10.3-2021.10.linux64_1.0.0.202111181127/tools/bin/../lib/gcc/arm-none-eabi/10.3.1/thumb/v6-m/nofp/crtbegin.o
 .ARM.attributes
                0x000000000000004a       0x2c ./Core/Src/NRF24L01.o
 .ARM.attributes
                0x0000000000000076       0x2c ./Core/Src/main.o
 .ARM.attributes
                0x00000000000000a2       0x2c ./Core/Src/stm32g0xx_hal_msp.o
 .ARM.attributes
                0x00000000000000ce       0x2c ./Core/Src/stm32g0xx_it.o
 .ARM.attributes
                0x00000000000000fa       0x2c ./Core/Src/system_stm32g0xx.o
 .ARM.attributes
                0x0000000000000126       0x22 ./Core/Startup/startup_stm32g0b1retx.o
 .ARM.attributes
                0x0000000000000148       0x2c ./Drivers/STM32G0xx_HAL_Driver/Src/stm32g0xx_hal.o
 .ARM.attributes
                0x0000000000000174       0x2c ./Drivers/STM32G0xx_HAL_Driver/Src/stm32g0xx_hal_cortex.o
 .ARM.attributes
                0x00000000000001a0       0x2c ./Drivers/STM32G0xx_HAL_Driver/Src/stm32g0xx_hal_dma.o
 .ARM.attributes
                0x00000000000001cc       0x2c ./Drivers/STM32G0xx_HAL_Driver/Src/stm32g0xx_hal_gpio.o
 .ARM.attributes
                0x00000000000001f8       0x2c ./Drivers/STM32G0xx_HAL_Driver/Src/stm32g0xx_hal_pwr_ex.o
 .ARM.attributes
                0x0000000000000224       0x2c ./Drivers/STM32G0xx_HAL_Driver/Src/stm32g0xx_hal_rcc.o
 .ARM.attributes
                0x0000000000000250       0x2c ./Drivers/STM32G0xx_HAL_Driver/Src/stm32g0xx_hal_rcc_ex.o
 .ARM.attributes
                0x000000000000027c       0x2c ./Drivers/STM32G0xx_HAL_Driver/Src/stm32g0xx_hal_spi.o
 .ARM.attributes
                0x00000000000002a8       0x2c ./Drivers/STM32G0xx_HAL_Driver/Src/stm32g0xx_hal_uart.o
 .ARM.attributes
                0x00000000000002d4       0x2c ./Drivers/STM32G0xx_HAL_Driver/Src/stm32g0xx_hal_uart_ex.o
 .ARM.attributes
                0x0000000000000300       0x2c /home/eonz/st/stm32cubeide_1.9.0/plugins/com.st.stm32cube.ide.mcu.externaltools.gnu-tools-for-stm32.10.3-2021.10.linux64_1.0.0.202111181127/tools/bin/../lib/gcc/arm-none-eabi/10.3.1/../../../../arm-none-eabi/lib/thumb/v6-m/nofp/libc_nano.a(lib_a-init.o)
 .ARM.attributes
                0x000000000000032c       0x2c /home/eonz/st/stm32cubeide_1.9.0/plugins/com.st.stm32cube.ide.mcu.externaltools.gnu-tools-for-stm32.10.3-2021.10.linux64_1.0.0.202111181127/tools/bin/../lib/gcc/arm-none-eabi/10.3.1/../../../../arm-none-eabi/lib/thumb/v6-m/nofp/libc_nano.a(lib_a-memset.o)
 .ARM.attributes
                0x0000000000000358       0x1c /home/eonz/st/stm32cubeide_1.9.0/plugins/com.st.stm32cube.ide.mcu.externaltools.gnu-tools-for-stm32.10.3-2021.10.linux64_1.0.0.202111181127/tools/bin/../lib/gcc/arm-none-eabi/10.3.1/../../../../arm-none-eabi/lib/thumb/v6-m/nofp/libc_nano.a(lib_a-strlen.o)
 .ARM.attributes
                0x0000000000000374       0x1e /home/eonz/st/stm32cubeide_1.9.0/plugins/com.st.stm32cube.ide.mcu.externaltools.gnu-tools-for-stm32.10.3-2021.10.linux64_1.0.0.202111181127/tools/bin/../lib/gcc/arm-none-eabi/10.3.1/thumb/v6-m/nofp/libgcc.a(_udivsi3.o)
 .ARM.attributes
                0x0000000000000392       0x1e /home/eonz/st/stm32cubeide_1.9.0/plugins/com.st.stm32cube.ide.mcu.externaltools.gnu-tools-for-stm32.10.3-2021.10.linux64_1.0.0.202111181127/tools/bin/../lib/gcc/arm-none-eabi/10.3.1/thumb/v6-m/nofp/libgcc.a(_divsi3.o)
 .ARM.attributes
                0x00000000000003b0       0x1e /home/eonz/st/stm32cubeide_1.9.0/plugins/com.st.stm32cube.ide.mcu.externaltools.gnu-tools-for-stm32.10.3-2021.10.linux64_1.0.0.202111181127/tools/bin/../lib/gcc/arm-none-eabi/10.3.1/thumb/v6-m/nofp/libgcc.a(_dvmd_tls.o)
 .ARM.attributes
                0x00000000000003ce       0x1e /home/eonz/st/stm32cubeide_1.9.0/plugins/com.st.stm32cube.ide.mcu.externaltools.gnu-tools-for-stm32.10.3-2021.10.linux64_1.0.0.202111181127/tools/bin/../lib/gcc/arm-none-eabi/10.3.1/thumb/v6-m/nofp/libgcc.a(_aeabi_uldivmod.o)
 .ARM.attributes
                0x00000000000003ec       0x2c /home/eonz/st/stm32cubeide_1.9.0/plugins/com.st.stm32cube.ide.mcu.externaltools.gnu-tools-for-stm32.10.3-2021.10.linux64_1.0.0.202111181127/tools/bin/../lib/gcc/arm-none-eabi/10.3.1/thumb/v6-m/nofp/libgcc.a(_udivmoddi4.o)
 .ARM.attributes
                0x0000000000000418       0x1e /home/eonz/st/stm32cubeide_1.9.0/plugins/com.st.stm32cube.ide.mcu.externaltools.gnu-tools-for-stm32.10.3-2021.10.linux64_1.0.0.202111181127/tools/bin/../lib/gcc/arm-none-eabi/10.3.1/thumb/v6-m/nofp/libgcc.a(_clzdi2.o)
 .ARM.attributes
                0x0000000000000436       0x1e /home/eonz/st/stm32cubeide_1.9.0/plugins/com.st.stm32cube.ide.mcu.externaltools.gnu-tools-for-stm32.10.3-2021.10.linux64_1.0.0.202111181127/tools/bin/../lib/gcc/arm-none-eabi/10.3.1/thumb/v6-m/nofp/libgcc.a(_clzsi2.o)
 .ARM.attributes
                0x0000000000000454       0x1e /home/eonz/st/stm32cubeide_1.9.0/plugins/com.st.stm32cube.ide.mcu.externaltools.gnu-tools-for-stm32.10.3-2021.10.linux64_1.0.0.202111181127/tools/bin/../lib/gcc/arm-none-eabi/10.3.1/thumb/v6-m/nofp/crtn.o
OUTPUT(reciever.elf elf32-littlearm)
LOAD linker stubs
LOAD /home/eonz/st/stm32cubeide_1.9.0/plugins/com.st.stm32cube.ide.mcu.externaltools.gnu-tools-for-stm32.10.3-2021.10.linux64_1.0.0.202111181127/tools/bin/../lib/gcc/arm-none-eabi/10.3.1/../../../../arm-none-eabi/lib/thumb/v6-m/nofp/libc.a
LOAD /home/eonz/st/stm32cubeide_1.9.0/plugins/com.st.stm32cube.ide.mcu.externaltools.gnu-tools-for-stm32.10.3-2021.10.linux64_1.0.0.202111181127/tools/bin/../lib/gcc/arm-none-eabi/10.3.1/../../../../arm-none-eabi/lib/thumb/v6-m/nofp/libm.a
LOAD /home/eonz/st/stm32cubeide_1.9.0/plugins/com.st.stm32cube.ide.mcu.externaltools.gnu-tools-for-stm32.10.3-2021.10.linux64_1.0.0.202111181127/tools/bin/../lib/gcc/arm-none-eabi/10.3.1/thumb/v6-m/nofp/libgcc.a

.debug_info     0x0000000000000000     0xf299
 .debug_info    0x0000000000000000      0xc6e ./Core/Src/NRF24L01.o
 .debug_info    0x0000000000000c6e     0x1255 ./Core/Src/main.o
 .debug_info    0x0000000000001ec3     0x1158 ./Core/Src/stm32g0xx_hal_msp.o
 .debug_info    0x000000000000301b      0x852 ./Core/Src/stm32g0xx_it.o
 .debug_info    0x000000000000386d      0x34d ./Core/Src/system_stm32g0xx.o
 .debug_info    0x0000000000003bba       0x22 ./Core/Startup/startup_stm32g0b1retx.o
 .debug_info    0x0000000000003bdc      0xb4d ./Drivers/STM32G0xx_HAL_Driver/Src/stm32g0xx_hal.o
 .debug_info    0x0000000000004729      0x90d ./Drivers/STM32G0xx_HAL_Driver/Src/stm32g0xx_hal_cortex.o
 .debug_info    0x0000000000005036      0x8f3 ./Drivers/STM32G0xx_HAL_Driver/Src/stm32g0xx_hal_dma.o
 .debug_info    0x0000000000005929      0x647 ./Drivers/STM32G0xx_HAL_Driver/Src/stm32g0xx_hal_gpio.o
 .debug_info    0x0000000000005f70      0x90c ./Drivers/STM32G0xx_HAL_Driver/Src/stm32g0xx_hal_pwr_ex.o
 .debug_info    0x000000000000687c      0xc08 ./Drivers/STM32G0xx_HAL_Driver/Src/stm32g0xx_hal_rcc.o
 .debug_info    0x0000000000007484      0xaea ./Drivers/STM32G0xx_HAL_Driver/Src/stm32g0xx_hal_rcc_ex.o
 .debug_info    0x0000000000007f6e     0x18d4 ./Drivers/STM32G0xx_HAL_Driver/Src/stm32g0xx_hal_spi.o
 .debug_info    0x0000000000009842     0x4a19 ./Drivers/STM32G0xx_HAL_Driver/Src/stm32g0xx_hal_uart.o
 .debug_info    0x000000000000e25b     0x103e ./Drivers/STM32G0xx_HAL_Driver/Src/stm32g0xx_hal_uart_ex.o

.debug_abbrev   0x0000000000000000     0x21d1
 .debug_abbrev  0x0000000000000000      0x272 ./Core/Src/NRF24L01.o
 .debug_abbrev  0x0000000000000272      0x29c ./Core/Src/main.o
 .debug_abbrev  0x000000000000050e      0x1e3 ./Core/Src/stm32g0xx_hal_msp.o
 .debug_abbrev  0x00000000000006f1      0x189 ./Core/Src/stm32g0xx_it.o
 .debug_abbrev  0x000000000000087a      0x116 ./Core/Src/system_stm32g0xx.o
 .debug_abbrev  0x0000000000000990       0x12 ./Core/Startup/startup_stm32g0b1retx.o
 .debug_abbrev  0x00000000000009a2      0x278 ./Drivers/STM32G0xx_HAL_Driver/Src/stm32g0xx_hal.o
 .debug_abbrev  0x0000000000000c1a      0x29f ./Drivers/STM32G0xx_HAL_Driver/Src/stm32g0xx_hal_cortex.o
 .debug_abbrev  0x0000000000000eb9      0x20a ./Drivers/STM32G0xx_HAL_Driver/Src/stm32g0xx_hal_dma.o
 .debug_abbrev  0x00000000000010c3      0x1b9 ./Drivers/STM32G0xx_HAL_Driver/Src/stm32g0xx_hal_gpio.o
 .debug_abbrev  0x000000000000127c      0x232 ./Drivers/STM32G0xx_HAL_Driver/Src/stm32g0xx_hal_pwr_ex.o
 .debug_abbrev  0x00000000000014ae      0x2ae ./Drivers/STM32G0xx_HAL_Driver/Src/stm32g0xx_hal_rcc.o
 .debug_abbrev  0x000000000000175c      0x234 ./Drivers/STM32G0xx_HAL_Driver/Src/stm32g0xx_hal_rcc_ex.o
 .debug_abbrev  0x0000000000001990      0x27e ./Drivers/STM32G0xx_HAL_Driver/Src/stm32g0xx_hal_spi.o
 .debug_abbrev  0x0000000000001c0e      0x2ff ./Drivers/STM32G0xx_HAL_Driver/Src/stm32g0xx_hal_uart.o
 .debug_abbrev  0x0000000000001f0d      0x2c4 ./Drivers/STM32G0xx_HAL_Driver/Src/stm32g0xx_hal_uart_ex.o

.debug_aranges  0x0000000000000000      0xbd0
 .debug_aranges
                0x0000000000000000       0xa0 ./Core/Src/NRF24L01.o
 .debug_aranges
                0x00000000000000a0       0x50 ./Core/Src/main.o
 .debug_aranges
                0x00000000000000f0       0x40 ./Core/Src/stm32g0xx_hal_msp.o
 .debug_aranges
                0x0000000000000130       0x48 ./Core/Src/stm32g0xx_it.o
 .debug_aranges
                0x0000000000000178       0x28 ./Core/Src/system_stm32g0xx.o
 .debug_aranges
                0x00000000000001a0       0x28 ./Core/Startup/startup_stm32g0b1retx.o
 .debug_aranges
                0x00000000000001c8      0x130 ./Drivers/STM32G0xx_HAL_Driver/Src/stm32g0xx_hal.o
 .debug_aranges
                0x00000000000002f8       0xd8 ./Drivers/STM32G0xx_HAL_Driver/Src/stm32g0xx_hal_cortex.o
 .debug_aranges
                0x00000000000003d0       0x90 ./Drivers/STM32G0xx_HAL_Driver/Src/stm32g0xx_hal_dma.o
 .debug_aranges
                0x0000000000000460       0x60 ./Drivers/STM32G0xx_HAL_Driver/Src/stm32g0xx_hal_gpio.o
 .debug_aranges
                0x00000000000004c0      0x128 ./Drivers/STM32G0xx_HAL_Driver/Src/stm32g0xx_hal_pwr_ex.o
 .debug_aranges
                0x00000000000005e8       0xa0 ./Drivers/STM32G0xx_HAL_Driver/Src/stm32g0xx_hal_rcc.o
 .debug_aranges
                0x0000000000000688       0x88 ./Drivers/STM32G0xx_HAL_Driver/Src/stm32g0xx_hal_rcc_ex.o
 .debug_aranges
                0x0000000000000710      0x1d8 ./Drivers/STM32G0xx_HAL_Driver/Src/stm32g0xx_hal_spi.o
 .debug_aranges
                0x00000000000008e8      0x248 ./Drivers/STM32G0xx_HAL_Driver/Src/stm32g0xx_hal_uart.o
 .debug_aranges
                0x0000000000000b30       0xa0 ./Drivers/STM32G0xx_HAL_Driver/Src/stm32g0xx_hal_uart_ex.o

.debug_ranges   0x0000000000000000      0xb08
 .debug_ranges  0x0000000000000000       0x90 ./Core/Src/NRF24L01.o
 .debug_ranges  0x0000000000000090       0x40 ./Core/Src/main.o
 .debug_ranges  0x00000000000000d0       0x30 ./Core/Src/stm32g0xx_hal_msp.o
 .debug_ranges  0x0000000000000100       0x38 ./Core/Src/stm32g0xx_it.o
 .debug_ranges  0x0000000000000138       0x18 ./Core/Src/system_stm32g0xx.o
 .debug_ranges  0x0000000000000150       0x20 ./Core/Startup/startup_stm32g0b1retx.o
 .debug_ranges  0x0000000000000170      0x120 ./Drivers/STM32G0xx_HAL_Driver/Src/stm32g0xx_hal.o
 .debug_ranges  0x0000000000000290       0xc8 ./Drivers/STM32G0xx_HAL_Driver/Src/stm32g0xx_hal_cortex.o
 .debug_ranges  0x0000000000000358       0x80 ./Drivers/STM32G0xx_HAL_Driver/Src/stm32g0xx_hal_dma.o
 .debug_ranges  0x00000000000003d8       0x50 ./Drivers/STM32G0xx_HAL_Driver/Src/stm32g0xx_hal_gpio.o
 .debug_ranges  0x0000000000000428      0x118 ./Drivers/STM32G0xx_HAL_Driver/Src/stm32g0xx_hal_pwr_ex.o
 .debug_ranges  0x0000000000000540       0x90 ./Drivers/STM32G0xx_HAL_Driver/Src/stm32g0xx_hal_rcc.o
 .debug_ranges  0x00000000000005d0       0x78 ./Drivers/STM32G0xx_HAL_Driver/Src/stm32g0xx_hal_rcc_ex.o
 .debug_ranges  0x0000000000000648      0x1c8 ./Drivers/STM32G0xx_HAL_Driver/Src/stm32g0xx_hal_spi.o
 .debug_ranges  0x0000000000000810      0x268 ./Drivers/STM32G0xx_HAL_Driver/Src/stm32g0xx_hal_uart.o
 .debug_ranges  0x0000000000000a78       0x90 ./Drivers/STM32G0xx_HAL_Driver/Src/stm32g0xx_hal_uart_ex.o

.debug_macro    0x0000000000000000    0x1be4f
 .debug_macro   0x0000000000000000      0x210 ./Core/Src/NRF24L01.o
 .debug_macro   0x0000000000000210      0xa4e ./Core/Src/NRF24L01.o
 .debug_macro   0x0000000000000c5e      0x12a ./Core/Src/NRF24L01.o
 .debug_macro   0x0000000000000d88       0x2e ./Core/Src/NRF24L01.o
 .debug_macro   0x0000000000000db6       0x28 ./Core/Src/NRF24L01.o
 .debug_macro   0x0000000000000dde       0x22 ./Core/Src/NRF24L01.o
 .debug_macro   0x0000000000000e00       0x8e ./Core/Src/NRF24L01.o
 .debug_macro   0x0000000000000e8e       0x51 ./Core/Src/NRF24L01.o
 .debug_macro   0x0000000000000edf      0x103 ./Core/Src/NRF24L01.o
 .debug_macro   0x0000000000000fe2       0x6a ./Core/Src/NRF24L01.o
 .debug_macro   0x000000000000104c      0x1df ./Core/Src/NRF24L01.o
 .debug_macro   0x000000000000122b       0x1c ./Core/Src/NRF24L01.o
 .debug_macro   0x0000000000001247       0x22 ./Core/Src/NRF24L01.o
 .debug_macro   0x0000000000001269       0xd1 ./Core/Src/NRF24L01.o
 .debug_macro   0x000000000000133a      0x4da ./Core/Src/NRF24L01.o
 .debug_macro   0x0000000000001814      0x11f ./Core/Src/NRF24L01.o
 .debug_macro   0x0000000000001933     0xf3bb ./Core/Src/NRF24L01.o
 .debug_macro   0x0000000000010cee       0x66 ./Core/Src/NRF24L01.o
 .debug_macro   0x0000000000010d54     0x34fd ./Core/Src/NRF24L01.o
 .debug_macro   0x0000000000014251      0x174 ./Core/Src/NRF24L01.o
 .debug_macro   0x00000000000143c5       0x5c ./Core/Src/NRF24L01.o
 .debug_macro   0x0000000000014421      0x72c ./Core/Src/NRF24L01.o
 .debug_macro   0x0000000000014b4d     0x1509 ./Core/Src/NRF24L01.o
 .debug_macro   0x0000000000016056      0x535 ./Core/Src/NRF24L01.o
 .debug_macro   0x000000000001658b      0x1cf ./Core/Src/NRF24L01.o
 .debug_macro   0x000000000001675a      0x25b ./Core/Src/NRF24L01.o
 .debug_macro   0x00000000000169b5      0x4f5 ./Core/Src/NRF24L01.o
 .debug_macro   0x0000000000016eaa      0x280 ./Core/Src/NRF24L01.o
 .debug_macro   0x000000000001712a      0x417 ./Core/Src/NRF24L01.o
 .debug_macro   0x0000000000017541      0x1b2 ./Core/Src/NRF24L01.o
 .debug_macro   0x00000000000176f3       0x43 ./Core/Src/NRF24L01.o
 .debug_macro   0x0000000000017736      0x1f1 ./Core/Src/NRF24L01.o
 .debug_macro   0x0000000000017927      0x1e4 ./Core/Src/NRF24L01.o
 .debug_macro   0x0000000000017b0b      0x3fa ./Core/Src/NRF24L01.o
 .debug_macro   0x0000000000017f05       0x28 ./Core/Src/NRF24L01.o
 .debug_macro   0x0000000000017f2d      0x123 ./Core/Src/NRF24L01.o
 .debug_macro   0x0000000000018050      0x145 ./Core/Src/NRF24L01.o
 .debug_macro   0x0000000000018195      0x30b ./Core/Src/NRF24L01.o
 .debug_macro   0x00000000000184a0      0x2fe ./Core/Src/NRF24L01.o
 .debug_macro   0x000000000001879e      0x67e ./Core/Src/NRF24L01.o
 .debug_macro   0x0000000000018e1c       0xa6 ./Core/Src/NRF24L01.o
 .debug_macro   0x0000000000018ec2      0x5df ./Core/Src/NRF24L01.o
 .debug_macro   0x00000000000194a1       0xee ./Core/Src/NRF24L01.o
 .debug_macro   0x000000000001958f       0x6a ./Core/Src/NRF24L01.o
 .debug_macro   0x00000000000195f9      0x387 ./Core/Src/main.o
 .debug_macro   0x0000000000019980       0x64 ./Core/Src/main.o
 .debug_macro   0x00000000000199e4       0x52 ./Core/Src/main.o
 .debug_macro   0x0000000000019a36       0x18 ./Core/Src/main.o
 .debug_macro   0x0000000000019a4e       0x3c ./Core/Src/main.o
 .debug_macro   0x0000000000019a8a       0x34 ./Core/Src/main.o
 .debug_macro   0x0000000000019abe       0x16 ./Core/Src/main.o
 .debug_macro   0x0000000000019ad4       0x35 ./Core/Src/main.o
 .debug_macro   0x0000000000019b09      0x341 ./Core/Src/main.o
 .debug_macro   0x0000000000019e4a       0x10 ./Core/Src/main.o
 .debug_macro   0x0000000000019e5a       0x16 ./Core/Src/main.o
 .debug_macro   0x0000000000019e70       0x43 ./Core/Src/main.o
 .debug_macro   0x0000000000019eb3       0x34 ./Core/Src/main.o
 .debug_macro   0x0000000000019ee7       0x10 ./Core/Src/main.o
 .debug_macro   0x0000000000019ef7       0x58 ./Core/Src/main.o
 .debug_macro   0x0000000000019f4f       0x71 ./Core/Src/main.o
 .debug_macro   0x0000000000019fc0       0x1c ./Core/Src/main.o
 .debug_macro   0x0000000000019fdc      0x12a ./Core/Src/main.o
 .debug_macro   0x000000000001a106       0x10 ./Core/Src/main.o
 .debug_macro   0x000000000001a116       0x1c ./Core/Src/main.o
 .debug_macro   0x000000000001a132       0x52 ./Core/Src/main.o
 .debug_macro   0x000000000001a184       0x22 ./Core/Src/main.o
 .debug_macro   0x000000000001a1a6       0x10 ./Core/Src/main.o
 .debug_macro   0x000000000001a1b6       0x52 ./Core/Src/main.o
 .debug_macro   0x000000000001a208       0xd5 ./Core/Src/main.o
 .debug_macro   0x000000000001a2dd       0x1c ./Core/Src/main.o
 .debug_macro   0x000000000001a2f9       0x3d ./Core/Src/main.o
 .debug_macro   0x000000000001a336       0x16 ./Core/Src/main.o
 .debug_macro   0x000000000001a34c      0x145 ./Core/Src/main.o
 .debug_macro   0x000000000001a491       0x16 ./Core/Src/main.o
 .debug_macro   0x000000000001a4a7       0x20 ./Core/Src/main.o
 .debug_macro   0x000000000001a4c7      0x1ef ./Core/Src/stm32g0xx_hal_msp.o
 .debug_macro   0x000000000001a6b6      0x1f9 ./Core/Src/stm32g0xx_it.o
 .debug_macro   0x000000000001a8af      0x1e0 ./Core/Src/system_stm32g0xx.o
 .debug_macro   0x000000000001aa8f      0x204 ./Drivers/STM32G0xx_HAL_Driver/Src/stm32g0xx_hal.o
 .debug_macro   0x000000000001ac93      0x1e0 ./Drivers/STM32G0xx_HAL_Driver/Src/stm32g0xx_hal_cortex.o
 .debug_macro   0x000000000001ae73      0x1e0 ./Drivers/STM32G0xx_HAL_Driver/Src/stm32g0xx_hal_dma.o
 .debug_macro   0x000000000001b053      0x1e7 ./Drivers/STM32G0xx_HAL_Driver/Src/stm32g0xx_hal_gpio.o
 .debug_macro   0x000000000001b23a      0x20a ./Drivers/STM32G0xx_HAL_Driver/Src/stm32g0xx_hal_pwr_ex.o
 .debug_macro   0x000000000001b444      0x234 ./Drivers/STM32G0xx_HAL_Driver/Src/stm32g0xx_hal_rcc.o
 .debug_macro   0x000000000001b678      0x1f8 ./Drivers/STM32G0xx_HAL_Driver/Src/stm32g0xx_hal_rcc_ex.o
 .debug_macro   0x000000000001b870      0x1e8 ./Drivers/STM32G0xx_HAL_Driver/Src/stm32g0xx_hal_spi.o
 .debug_macro   0x000000000001ba58      0x20b ./Drivers/STM32G0xx_HAL_Driver/Src/stm32g0xx_hal_uart.o
 .debug_macro   0x000000000001bc63      0x1ec ./Drivers/STM32G0xx_HAL_Driver/Src/stm32g0xx_hal_uart_ex.o

.debug_line     0x0000000000000000     0xe8ba
 .debug_line    0x0000000000000000      0x9f0 ./Core/Src/NRF24L01.o
 .debug_line    0x00000000000009f0      0xa92 ./Core/Src/main.o
 .debug_line    0x0000000000001482      0x79e ./Core/Src/stm32g0xx_hal_msp.o
 .debug_line    0x0000000000001c20      0x76b ./Core/Src/stm32g0xx_it.o
 .debug_line    0x000000000000238b      0x761 ./Core/Src/system_stm32g0xx.o
 .debug_line    0x0000000000002aec       0x89 ./Core/Startup/startup_stm32g0b1retx.o
 .debug_line    0x0000000000002b75      0xac7 ./Drivers/STM32G0xx_HAL_Driver/Src/stm32g0xx_hal.o
 .debug_line    0x000000000000363c      0xb18 ./Drivers/STM32G0xx_HAL_Driver/Src/stm32g0xx_hal_cortex.o
 .debug_line    0x0000000000004154      0xe2e ./Drivers/STM32G0xx_HAL_Driver/Src/stm32g0xx_hal_dma.o
 .debug_line    0x0000000000004f82      0xb18 ./Drivers/STM32G0xx_HAL_Driver/Src/stm32g0xx_hal_gpio.o
 .debug_line    0x0000000000005a9a      0xb84 ./Drivers/STM32G0xx_HAL_Driver/Src/stm32g0xx_hal_pwr_ex.o
 .debug_line    0x000000000000661e      0xf23 ./Drivers/STM32G0xx_HAL_Driver/Src/stm32g0xx_hal_rcc.o
 .debug_line    0x0000000000007541     0x111c ./Drivers/STM32G0xx_HAL_Driver/Src/stm32g0xx_hal_rcc_ex.o
 .debug_line    0x000000000000865d     0x1e82 ./Drivers/STM32G0xx_HAL_Driver/Src/stm32g0xx_hal_spi.o
 .debug_line    0x000000000000a4df     0x3605 ./Drivers/STM32G0xx_HAL_Driver/Src/stm32g0xx_hal_uart.o
 .debug_line    0x000000000000dae4      0xdd6 ./Drivers/STM32G0xx_HAL_Driver/Src/stm32g0xx_hal_uart_ex.o

.debug_str      0x0000000000000000    0xb2da1
 .debug_str     0x0000000000000000    0xabbef ./Core/Src/NRF24L01.o
                                      0xac35c (size before relaxing)
 .debug_str     0x00000000000abbef     0x42f4 ./Core/Src/main.o
                                      0xb04c2 (size before relaxing)
 .debug_str     0x00000000000afee3      0x4cb ./Core/Src/stm32g0xx_hal_msp.o
                                      0xac6a1 (size before relaxing)
 .debug_str     0x00000000000b03ae       0xb0 ./Core/Src/stm32g0xx_it.o
                                      0xabf65 (size before relaxing)
 .debug_str     0x00000000000b045e       0x8e ./Core/Src/system_stm32g0xx.o
                                      0xab94b (size before relaxing)
 .debug_str     0x00000000000b04ec       0x36 ./Core/Startup/startup_stm32g0b1retx.o
                                         0x71 (size before relaxing)
 .debug_str     0x00000000000b0522      0x5cb ./Drivers/STM32G0xx_HAL_Driver/Src/stm32g0xx_hal.o
                                      0xac224 (size before relaxing)
 .debug_str     0x00000000000b0aed      0x271 ./Drivers/STM32G0xx_HAL_Driver/Src/stm32g0xx_hal_cortex.o
                                      0xabe24 (size before relaxing)
 .debug_str     0x00000000000b0d5e      0x2ae ./Drivers/STM32G0xx_HAL_Driver/Src/stm32g0xx_hal_dma.o
                                      0xabdfb (size before relaxing)
 .debug_str     0x00000000000b100c      0x164 ./Drivers/STM32G0xx_HAL_Driver/Src/stm32g0xx_hal_gpio.o
                                      0xabaae (size before relaxing)
 .debug_str     0x00000000000b1170      0x3f0 ./Drivers/STM32G0xx_HAL_Driver/Src/stm32g0xx_hal_pwr_ex.o
                                      0xabecd (size before relaxing)
 .debug_str     0x00000000000b1560      0x3c3 ./Drivers/STM32G0xx_HAL_Driver/Src/stm32g0xx_hal_rcc.o
                                      0xac03d (size before relaxing)
 .debug_str     0x00000000000b1923      0x366 ./Drivers/STM32G0xx_HAL_Driver/Src/stm32g0xx_hal_rcc_ex.o
                                      0xabfa7 (size before relaxing)
 .debug_str     0x00000000000b1c89      0x546 ./Drivers/STM32G0xx_HAL_Driver/Src/stm32g0xx_hal_spi.o
                                      0xac358 (size before relaxing)
 .debug_str     0x00000000000b21cf      0x981 ./Drivers/STM32G0xx_HAL_Driver/Src/stm32g0xx_hal_uart.o
                                      0xac90e (size before relaxing)
 .debug_str     0x00000000000b2b50      0x251 ./Drivers/STM32G0xx_HAL_Driver/Src/stm32g0xx_hal_uart_ex.o
                                      0xac1ba (size before relaxing)

.comment        0x0000000000000000       0x50
 .comment       0x0000000000000000       0x50 ./Core/Src/NRF24L01.o
                                         0x51 (size before relaxing)
 .comment       0x0000000000000050       0x51 ./Core/Src/main.o
 .comment       0x0000000000000050       0x51 ./Core/Src/stm32g0xx_hal_msp.o
 .comment       0x0000000000000050       0x51 ./Core/Src/stm32g0xx_it.o
 .comment       0x0000000000000050       0x51 ./Core/Src/system_stm32g0xx.o
 .comment       0x0000000000000050       0x51 ./Drivers/STM32G0xx_HAL_Driver/Src/stm32g0xx_hal.o
 .comment       0x0000000000000050       0x51 ./Drivers/STM32G0xx_HAL_Driver/Src/stm32g0xx_hal_cortex.o
 .comment       0x0000000000000050       0x51 ./Drivers/STM32G0xx_HAL_Driver/Src/stm32g0xx_hal_dma.o
 .comment       0x0000000000000050       0x51 ./Drivers/STM32G0xx_HAL_Driver/Src/stm32g0xx_hal_gpio.o
 .comment       0x0000000000000050       0x51 ./Drivers/STM32G0xx_HAL_Driver/Src/stm32g0xx_hal_pwr_ex.o
 .comment       0x0000000000000050       0x51 ./Drivers/STM32G0xx_HAL_Driver/Src/stm32g0xx_hal_rcc.o
 .comment       0x0000000000000050       0x51 ./Drivers/STM32G0xx_HAL_Driver/Src/stm32g0xx_hal_rcc_ex.o
 .comment       0x0000000000000050       0x51 ./Drivers/STM32G0xx_HAL_Driver/Src/stm32g0xx_hal_spi.o
 .comment       0x0000000000000050       0x51 ./Drivers/STM32G0xx_HAL_Driver/Src/stm32g0xx_hal_uart.o
 .comment       0x0000000000000050       0x51 ./Drivers/STM32G0xx_HAL_Driver/Src/stm32g0xx_hal_uart_ex.o

.debug_frame    0x0000000000000000     0x29ac
 .debug_frame   0x0000000000000000      0x22c ./Core/Src/NRF24L01.o
 .debug_frame   0x000000000000022c       0xe0 ./Core/Src/main.o
 .debug_frame   0x000000000000030c       0xb0 ./Core/Src/stm32g0xx_hal_msp.o
 .debug_frame   0x00000000000003bc       0xb8 ./Core/Src/stm32g0xx_it.o
 .debug_frame   0x0000000000000474       0x4c ./Core/Src/system_stm32g0xx.o
 .debug_frame   0x00000000000004c0      0x41c ./Drivers/STM32G0xx_HAL_Driver/Src/stm32g0xx_hal.o
 .debug_frame   0x00000000000008dc      0x2fc ./Drivers/STM32G0xx_HAL_Driver/Src/stm32g0xx_hal_cortex.o
 .debug_frame   0x0000000000000bd8      0x1f0 ./Drivers/STM32G0xx_HAL_Driver/Src/stm32g0xx_hal_dma.o
 .debug_frame   0x0000000000000dc8      0x130 ./Drivers/STM32G0xx_HAL_Driver/Src/stm32g0xx_hal_gpio.o
 .debug_frame   0x0000000000000ef8      0x3f4 ./Drivers/STM32G0xx_HAL_Driver/Src/stm32g0xx_hal_pwr_ex.o
 .debug_frame   0x00000000000012ec      0x214 ./Drivers/STM32G0xx_HAL_Driver/Src/stm32g0xx_hal_rcc.o
 .debug_frame   0x0000000000001500      0x1c0 ./Drivers/STM32G0xx_HAL_Driver/Src/stm32g0xx_hal_rcc_ex.o
 .debug_frame   0x00000000000016c0      0x710 ./Drivers/STM32G0xx_HAL_Driver/Src/stm32g0xx_hal_spi.o
 .debug_frame   0x0000000000001dd0      0x8d8 ./Drivers/STM32G0xx_HAL_Driver/Src/stm32g0xx_hal_uart.o
 .debug_frame   0x00000000000026a8      0x23c ./Drivers/STM32G0xx_HAL_Driver/Src/stm32g0xx_hal_uart_ex.o
 .debug_frame   0x00000000000028e4       0x2c /home/eonz/st/stm32cubeide_1.9.0/plugins/com.st.stm32cube.ide.mcu.externaltools.gnu-tools-for-stm32.10.3-2021.10.linux64_1.0.0.202111181127/tools/bin/../lib/gcc/arm-none-eabi/10.3.1/../../../../arm-none-eabi/lib/thumb/v6-m/nofp/libc_nano.a(lib_a-init.o)
 .debug_frame   0x0000000000002910       0x20 /home/eonz/st/stm32cubeide_1.9.0/plugins/com.st.stm32cube.ide.mcu.externaltools.gnu-tools-for-stm32.10.3-2021.10.linux64_1.0.0.202111181127/tools/bin/../lib/gcc/arm-none-eabi/10.3.1/../../../../arm-none-eabi/lib/thumb/v6-m/nofp/libc_nano.a(lib_a-memset.o)
 .debug_frame   0x0000000000002930       0x20 /home/eonz/st/stm32cubeide_1.9.0/plugins/com.st.stm32cube.ide.mcu.externaltools.gnu-tools-for-stm32.10.3-2021.10.linux64_1.0.0.202111181127/tools/bin/../lib/gcc/arm-none-eabi/10.3.1/thumb/v6-m/nofp/libgcc.a(_udivsi3.o)
 .debug_frame   0x0000000000002950       0x20 /home/eonz/st/stm32cubeide_1.9.0/plugins/com.st.stm32cube.ide.mcu.externaltools.gnu-tools-for-stm32.10.3-2021.10.linux64_1.0.0.202111181127/tools/bin/../lib/gcc/arm-none-eabi/10.3.1/thumb/v6-m/nofp/libgcc.a(_divsi3.o)
 .debug_frame   0x0000000000002970       0x3c /home/eonz/st/stm32cubeide_1.9.0/plugins/com.st.stm32cube.ide.mcu.externaltools.gnu-tools-for-stm32.10.3-2021.10.linux64_1.0.0.202111181127/tools/bin/../lib/gcc/arm-none-eabi/10.3.1/thumb/v6-m/nofp/libgcc.a(_udivmoddi4.o)
